Archive member included to satisfy reference by file (symbol)

C:/ST/STM32CubeIDE_1.19.0/STM32CubeIDE/plugins/com.st.stm32cube.ide.mcu.externaltools.gnu-tools-for-stm32.13.3.rel1.win32_1.0.0.202411081344/tools/bin/../lib/gcc/arm-none-eabi/13.3.1/../../../../arm-none-eabi/lib/thumb/v7e-m+fp/hard\libstdc++_nano.a(del_ops.o)
                              ./Src/Driver/DriverSTM32/Src/I2CSTM32.o (operator delete(void*, unsigned int))
C:/ST/STM32CubeIDE_1.19.0/STM32CubeIDE/plugins/com.st.stm32cube.ide.mcu.externaltools.gnu-tools-for-stm32.13.3.rel1.win32_1.0.0.202411081344/tools/bin/../lib/gcc/arm-none-eabi/13.3.1/../../../../arm-none-eabi/lib/thumb/v7e-m+fp/hard\libstdc++_nano.a(guard.o)
                              ./Board/STM32F407VGT6/initTask/app_main.o (__cxa_guard_acquire)
C:/ST/STM32CubeIDE_1.19.0/STM32CubeIDE/plugins/com.st.stm32cube.ide.mcu.externaltools.gnu-tools-for-stm32.13.3.rel1.win32_1.0.0.202411081344/tools/bin/../lib/gcc/arm-none-eabi/13.3.1/../../../../arm-none-eabi/lib/thumb/v7e-m+fp/hard\libstdc++_nano.a(del_op.o)
                              C:/ST/STM32CubeIDE_1.19.0/STM32CubeIDE/plugins/com.st.stm32cube.ide.mcu.externaltools.gnu-tools-for-stm32.13.3.rel1.win32_1.0.0.202411081344/tools/bin/../lib/gcc/arm-none-eabi/13.3.1/../../../../arm-none-eabi/lib/thumb/v7e-m+fp/hard\libstdc++_nano.a(del_ops.o) (operator delete(void*))
C:/ST/STM32CubeIDE_1.19.0/STM32CubeIDE/plugins/com.st.stm32cube.ide.mcu.externaltools.gnu-tools-for-stm32.13.3.rel1.win32_1.0.0.202411081344/tools/bin/../lib/gcc/arm-none-eabi/13.3.1/../../../../arm-none-eabi/lib/thumb/v7e-m+fp/hard\libm.a(libm_a-wf_sqrt.o)
                              ./Src/Application/Src/readMagTask.o (sqrtf)
C:/ST/STM32CubeIDE_1.19.0/STM32CubeIDE/plugins/com.st.stm32cube.ide.mcu.externaltools.gnu-tools-for-stm32.13.3.rel1.win32_1.0.0.202411081344/tools/bin/../lib/gcc/arm-none-eabi/13.3.1/../../../../arm-none-eabi/lib/thumb/v7e-m+fp/hard\libm.a(libm_a-ef_sqrt.o)
                              C:/ST/STM32CubeIDE_1.19.0/STM32CubeIDE/plugins/com.st.stm32cube.ide.mcu.externaltools.gnu-tools-for-stm32.13.3.rel1.win32_1.0.0.202411081344/tools/bin/../lib/gcc/arm-none-eabi/13.3.1/../../../../arm-none-eabi/lib/thumb/v7e-m+fp/hard\libm.a(libm_a-wf_sqrt.o) (__ieee754_sqrtf)
C:/ST/STM32CubeIDE_1.19.0/STM32CubeIDE/plugins/com.st.stm32cube.ide.mcu.externaltools.gnu-tools-for-stm32.13.3.rel1.win32_1.0.0.202411081344/tools/bin/../lib/gcc/arm-none-eabi/13.3.1/../../../../arm-none-eabi/lib/thumb/v7e-m+fp/hard\libc_nano.a(libc_a-atexit.o)
                              ./Board/STM32F407VGT6/initTask/app_main.o (atexit)
C:/ST/STM32CubeIDE_1.19.0/STM32CubeIDE/plugins/com.st.stm32cube.ide.mcu.externaltools.gnu-tools-for-stm32.13.3.rel1.win32_1.0.0.202411081344/tools/bin/../lib/gcc/arm-none-eabi/13.3.1/../../../../arm-none-eabi/lib/thumb/v7e-m+fp/hard\libc_nano.a(libc_a-exit.o)
                              C:/ST/STM32CubeIDE_1.19.0/STM32CubeIDE/plugins/com.st.stm32cube.ide.mcu.externaltools.gnu-tools-for-stm32.13.3.rel1.win32_1.0.0.202411081344/tools/bin/../lib/gcc/arm-none-eabi/13.3.1/../../../../arm-none-eabi/lib/thumb/v7e-m+fp/hard/crt0.o (exit)
C:/ST/STM32CubeIDE_1.19.0/STM32CubeIDE/plugins/com.st.stm32cube.ide.mcu.externaltools.gnu-tools-for-stm32.13.3.rel1.win32_1.0.0.202411081344/tools/bin/../lib/gcc/arm-none-eabi/13.3.1/../../../../arm-none-eabi/lib/thumb/v7e-m+fp/hard\libc_nano.a(libc_a-malloc.o)
                              C:/ST/STM32CubeIDE_1.19.0/STM32CubeIDE/plugins/com.st.stm32cube.ide.mcu.externaltools.gnu-tools-for-stm32.13.3.rel1.win32_1.0.0.202411081344/tools/bin/../lib/gcc/arm-none-eabi/13.3.1/../../../../arm-none-eabi/lib/thumb/v7e-m+fp/hard\libstdc++_nano.a(del_op.o) (free)
C:/ST/STM32CubeIDE_1.19.0/STM32CubeIDE/plugins/com.st.stm32cube.ide.mcu.externaltools.gnu-tools-for-stm32.13.3.rel1.win32_1.0.0.202411081344/tools/bin/../lib/gcc/arm-none-eabi/13.3.1/../../../../arm-none-eabi/lib/thumb/v7e-m+fp/hard\libc_nano.a(libc_a-mallocr.o)
                              C:/ST/STM32CubeIDE_1.19.0/STM32CubeIDE/plugins/com.st.stm32cube.ide.mcu.externaltools.gnu-tools-for-stm32.13.3.rel1.win32_1.0.0.202411081344/tools/bin/../lib/gcc/arm-none-eabi/13.3.1/../../../../arm-none-eabi/lib/thumb/v7e-m+fp/hard\libc_nano.a(libc_a-malloc.o) (_malloc_r)
C:/ST/STM32CubeIDE_1.19.0/STM32CubeIDE/plugins/com.st.stm32cube.ide.mcu.externaltools.gnu-tools-for-stm32.13.3.rel1.win32_1.0.0.202411081344/tools/bin/../lib/gcc/arm-none-eabi/13.3.1/../../../../arm-none-eabi/lib/thumb/v7e-m+fp/hard\libc_nano.a(libc_a-mlock.o)
                              C:/ST/STM32CubeIDE_1.19.0/STM32CubeIDE/plugins/com.st.stm32cube.ide.mcu.externaltools.gnu-tools-for-stm32.13.3.rel1.win32_1.0.0.202411081344/tools/bin/../lib/gcc/arm-none-eabi/13.3.1/../../../../arm-none-eabi/lib/thumb/v7e-m+fp/hard\libc_nano.a(libc_a-mallocr.o) (__malloc_lock)
[...]
Memory Configuration

Name             Origin             Length             Attributes
CCMRAM           0x10000000         0x00010000         xrw
RAM              0x20000000         0x00020000         xrw
FLASH            0x08000000         0x00100000         xr
*default*        0x00000000         0xffffffff

Linker script and memory map

LOAD C:/ST/STM32CubeIDE_1.19.0/STM32CubeIDE/plugins/com.st.stm32cube.ide.mcu.externaltools.gnu-tools-for-stm32.13.3.rel1.win32_1.0.0.202411081344/tools/bin/../lib/gcc/arm-none-eabi/13.3.1/thumb/v7e-m+fp/hard/crti.o
LOAD C:/ST/STM32CubeIDE_1.19.0/STM32CubeIDE/plugins/com.st.stm32cube.ide.mcu.externaltools.gnu-tools-for-stm32.13.3.rel1.win32_1.0.0.202411081344/tools/bin/../lib/gcc/arm-none-eabi/13.3.1/thumb/v7e-m+fp/hard/crtbegin.o
LOAD C:/ST/STM32CubeIDE_1.19.0/STM32CubeIDE/plugins/com.st.stm32cube.ide.mcu.externaltools.gnu-tools-for-stm32.13.3.rel1.win32_1.0.0.202411081344/tools/bin/../lib/gcc/arm-none-eabi/13.3.1/../../../../arm-none-eabi/lib/thumb/v7e-m+fp/hard/crt0.o
LOAD ./Board/STM32F407VGT6/debug/debug.o
LOAD ./Board/STM32F407VGT6/initTask/app_main.o
LOAD ./Core/Src/freertos.o
LOAD ./Core/Src/gpio.o
LOAD ./Core/Src/i2c.o
LOAD ./Core/Src/main.o
LOAD ./Core/Src/sdio.o
LOAD ./Core/Src/stm32f4xx_hal_msp.o
LOAD ./Core/Src/stm32f4xx_hal_timebase_tim.o
LOAD ./Core/Src/stm32f4xx_it.o
LOAD ./Core/Src/syscalls.o
LOAD ./Core/Src/sysmem.o
LOAD ./Core/Src/system_stm32f4xx.o
LOAD ./Core/Src/tim.o
LOAD ./Core/Src/usart.o
LOAD ./Core/Startup/startup_stm32f407vgtx.o
LOAD ./Drivers/STM32F4xx_HAL_Driver/Src/stm32f4xx_hal.o
LOAD ./Drivers/STM32F4xx_HAL_Driver/Src/stm32f4xx_hal_cortex.o
LOAD ./Drivers/STM32F4xx_HAL_Driver/Src/stm32f4xx_hal_dma.o
LOAD ./Drivers/STM32F4xx_HAL_Driver/Src/stm32f4xx_hal_dma_ex.o
LOAD ./Drivers/STM32F4xx_HAL_Driver/Src/stm32f4xx_hal_exti.o
LOAD ./Drivers/STM32F4xx_HAL_Driver/Src/stm32f4xx_hal_flash.o
LOAD ./Drivers/STM32F4xx_HAL_Driver/Src/stm32f4xx_hal_flash_ex.o
LOAD ./Drivers/STM32F4xx_HAL_Driver/Src/stm32f4xx_hal_flash_ramfunc.o
LOAD ./Drivers/STM32F4xx_HAL_Driver/Src/stm32f4xx_hal_gpio.o
LOAD ./Drivers/STM32F4xx_HAL_Driver/Src/stm32f4xx_hal_i2c.o
LOAD ./Drivers/STM32F4xx_HAL_Driver/Src/stm32f4xx_hal_i2c_ex.o
LOAD ./Drivers/STM32F4xx_HAL_Driver/Src/stm32f4xx_hal_mmc.o
LOAD ./Drivers/STM32F4xx_HAL_Driver/Src/stm32f4xx_hal_pwr.o
LOAD ./Drivers/STM32F4xx_HAL_Driver/Src/stm32f4xx_hal_pwr_ex.o
LOAD ./Drivers/STM32F4xx_HAL_Driver/Src/stm32f4xx_hal_rcc.o
LOAD ./Drivers/STM32F4xx_HAL_Driver/Src/stm32f4xx_hal_rcc_ex.o
LOAD ./Drivers/STM32F4xx_HAL_Driver/Src/stm32f4xx_hal_sd.o
LOAD ./Drivers/STM32F4xx_HAL_Driver/Src/stm32f4xx_hal_tim.o
LOAD ./Drivers/STM32F4xx_HAL_Driver/Src/stm32f4xx_hal_tim_ex.o
LOAD ./Drivers/STM32F4xx_HAL_Driver/Src/stm32f4xx_hal_uart.o
LOAD ./Drivers/STM32F4xx_HAL_Driver/Src/stm32f4xx_ll_sdmmc.o
LOAD ./Middlewares/Third_Party/FreeRTOS/Source/CMSIS_RTOS/cmsis_os.o
LOAD ./Middlewares/Third_Party/FreeRTOS/Source/croutine.o
LOAD ./Middlewares/Third_Party/FreeRTOS/Source/event_groups.o
LOAD ./Middlewares/Third_Party/FreeRTOS/Source/list.o
LOAD ./Middlewares/Third_Party/FreeRTOS/Source/queue.o
LOAD ./Middlewares/Third_Party/FreeRTOS/Source/stream_buffer.o
LOAD ./Middlewares/Third_Party/FreeRTOS/Source/tasks.o
LOAD ./Middlewares/Third_Party/FreeRTOS/Source/timers.o
LOAD ./Middlewares/Third_Party/FreeRTOS/Source/portable/GCC/ARM_CM4F/port.o
LOAD ./Middlewares/Third_Party/FreeRTOS/Source/portable/MemMang/heap_4.o
LOAD ./Src/Application/Src/EKFTask.o
LOAD ./Src/Application/Src/GCSTask.o
LOAD ./Src/Application/Src/PIDTask.o
LOAD ./Src/Application/Src/common.o
LOAD ./Src/Application/Src/flightControlTask.o
LOAD ./Src/Application/Src/memoryTask.o
LOAD ./Src/Application/Src/readGPSTask.o
LOAD ./Src/Application/Src/readIMUTask.o
LOAD ./Src/Application/Src/readMagTask.o
LOAD ./Src/Application/Src/readPressTask.o
LOAD ./Src/Driver/DriverSTM32/Src/I2CSTM32.o
LOAD ./Src/Driver/DriverSTM32/Src/uartSTM32.o
LOAD ./Src/Include/common/common.o
LOAD ./Src/Module/Device_driver/GPS/gpsDevice.o
LOAD ./Src/Module/Device_driver/MPU/mpu6050.o
LOAD ./Src/Module/Device_driver/Magnetometer/qmc5883l.o
START GROUP
LOAD C:/ST/STM32CubeIDE_1.19.0/STM32CubeIDE/plugins/com.st.stm32cube.ide.mcu.externaltools.gnu-tools-for-stm32.13.3.rel1.win32_1.0.0.202411081344/tools/bin/../lib/gcc/arm-none-eabi/13.3.1/../../../../arm-none-eabi/lib/thumb/v7e-m+fp/hard\libstdc++_nano.a
LOAD C:/ST/STM32CubeIDE_1.19.0/STM32CubeIDE/plugins/com.st.stm32cube.ide.mcu.externaltools.gnu-tools-for-stm32.13.3.rel1.win32_1.0.0.202411081344/tools/bin/../lib/gcc/arm-none-eabi/13.3.1/../../../../arm-none-eabi/lib/thumb/v7e-m+fp/hard\libsupc++_nano.a
END GROUP
LOAD C:/ST/STM32CubeIDE_1.19.0/STM32CubeIDE/plugins/com.st.stm32cube.ide.mcu.externaltools.gnu-tools-for-stm32.13.3.rel1.win32_1.0.0.202411081344/tools/bin/../lib/gcc/arm-none-eabi/13.3.1/../../../../arm-none-eabi/lib/thumb/v7e-m+fp/hard\libstdc++_nano.a
LOAD C:/ST/STM32CubeIDE_1.19.0/STM32CubeIDE/plugins/com.st.stm32cube.ide.mcu.externaltools.gnu-tools-for-stm32.13.3.rel1.win32_1.0.0.202411081344/tools/bin/../lib/gcc/arm-none-eabi/13.3.1/../../../../arm-none-eabi/lib/thumb/v7e-m+fp/hard\libm.a
LOAD C:/ST/STM32CubeIDE_1.19.0/STM32CubeIDE/plugins/com.st.stm32cube.ide.mcu.externaltools.gnu-tools-for-stm32.13.3.rel1.win32_1.0.0.202411081344/tools/bin/../lib/gcc/arm-none-eabi/13.3.1/../../../../arm-none-eabi/lib/thumb/v7e-m+fp/hard\libc_nano.a
START GROUP
LOAD C:/ST/STM32CubeIDE_1.19.0/STM32CubeIDE/plugins/com.st.stm32cube.ide.mcu.externaltools.gnu-tools-for-stm32.13.3.rel1.win32_1.0.0.202411081344/tools/bin/../lib/gcc/arm-none-eabi/13.3.1/thumb/v7e-m+fp/hard\libgcc.a
LOAD C:/ST/STM32CubeIDE_1.19.0/STM32CubeIDE/plugins/com.st.stm32cube.ide.mcu.externaltools.gnu-tools-for-stm32.13.3.rel1.win32_1.0.0.202411081344/tools/bin/../lib/gcc/arm-none-eabi/13.3.1/../../../../arm-none-eabi/lib/thumb/v7e-m+fp/hard\libc_nano.a
END GROUP
START GROUP
LOAD C:/ST/STM32CubeIDE_1.19.0/STM32CubeIDE/plugins/com.st.stm32cube.ide.mcu.externaltools.gnu-tools-for-stm32.13.3.rel1.win32_1.0.0.202411081344/tools/bin/../lib/gcc/arm-none-eabi/13.3.1/thumb/v7e-m+fp/hard\libgcc.a
LOAD C:/ST/STM32CubeIDE_1.19.0/STM32CubeIDE/plugins/com.st.stm32cube.ide.mcu.externaltools.gnu-tools-for-stm32.13.3.rel1.win32_1.0.0.202411081344/tools/bin/../lib/gcc/arm-none-eabi/13.3.1/../../../../arm-none-eabi/lib/thumb/v7e-m+fp/hard\libc_nano.a
LOAD C:/ST/STM32CubeIDE_1.19.0/STM32CubeIDE/plugins/com.st.stm32cube.ide.mcu.externaltools.gnu-tools-for-stm32.13.3.rel1.win32_1.0.0.202411081344/tools/bin/../lib/gcc/arm-none-eabi/13.3.1/../../../../arm-none-eabi/lib/thumb/v7e-m+fp/hard\libnosys.a
END GROUP
START GROUP
LOAD C:/ST/STM32CubeIDE_1.19.0/STM32CubeIDE/plugins/com.st.stm32cube.ide.mcu.externaltools.gnu-tools-for-stm32.13.3.rel1.win32_1.0.0.202411081344/tools/bin/../lib/gcc/arm-none-eabi/13.3.1/thumb/v7e-m+fp/hard\libgcc.a
LOAD C:/ST/STM32CubeIDE_1.19.0/STM32CubeIDE/plugins/com.st.stm32cube.ide.mcu.externaltools.gnu-tools-for-stm32.13.3.rel1.win32_1.0.0.202411081344/tools/bin/../lib/gcc/arm-none-eabi/13.3.1/../../../../arm-none-eabi/lib/thumb/v7e-m+fp/hard\libc_nano.a
LOAD C:/ST/STM32CubeIDE_1.19.0/STM32CubeIDE/plugins/com.st.stm32cube.ide.mcu.externaltools.gnu-tools-for-stm32.13.3.rel1.win32_1.0.0.202411081344/tools/bin/../lib/gcc/arm-none-eabi/13.3.1/../../../../arm-none-eabi/lib/thumb/v7e-m+fp/hard\libnosys.a
END GROUP
LOAD C:/ST/STM32CubeIDE_1.19.0/STM32CubeIDE/plugins/com.st.stm32cube.ide.mcu.externaltools.gnu-tools-for-stm32.13.3.rel1.win32_1.0.0.202411081344/tools/bin/../lib/gcc/arm-none-eabi/13.3.1/thumb/v7e-m+fp/hard/crtend.o
LOAD C:/ST/STM32CubeIDE_1.19.0/STM32CubeIDE/plugins/com.st.stm32cube.ide.mcu.externaltools.gnu-tools-for-stm32.13.3.rel1.win32_1.0.0.202411081344/tools/bin/../lib/gcc/arm-none-eabi/13.3.1/thumb/v7e-m+fp/hard/crtn.o
                0x20020000                        _estack = (ORIGIN (RAM) + LENGTH (RAM))
                0x00000200                        _Min_Heap_Size = 0x200
                0x00000400                        _Min_Stack_Size = 0x400

.isr_vector     0x08000000      0x188
                0x08000000                        . = ALIGN (0x4)
 *(.isr_vector)
 .isr_vector    0x08000000      0x188 ./Core/Startup/startup_stm32f407vgtx.o
                0x08000000                g_pfnVectors
                0x08000188                        . = ALIGN (0x4)

.text           0x08000190     0xa8f8
                0x08000190                        . = ALIGN (0x4)
 *(.text)
 .text          0x08000190       0x40 C:/ST/STM32CubeIDE_1.19.0/STM32CubeIDE/plugins/com.st.stm32cube.ide.mcu.externaltools.gnu-tools-for-stm32.13.3.rel1.win32_1.0.0.202411081344/tools/bin/../lib/gcc/arm-none-eabi/13.3.1/thumb/v7e-m+fp/hard/crtbegin.o
 .text          0x080001d0       0x30 C:/ST/STM32CubeIDE_1.19.0/STM32CubeIDE/plugins/com.st.stm32cube.ide.mcu.externaltools.gnu-tools-for-stm32.13.3.rel1.win32_1.0.0.202411081344/tools/bin/../lib/gcc/arm-none-eabi/13.3.1/thumb/v7e-m+fp/hard\libgcc.a(_aeabi_uldivmod.o)
                0x080001d0                __aeabi_uldivmod
 .text          0x08000200      0x2f8 C:/ST/STM32CubeIDE_1.19.0/STM32CubeIDE/plugins/com.st.stm32cube.ide.mcu.externaltools.gnu-tools-for-stm32.13.3.rel1.win32_1.0.0.202411081344/tools/bin/../lib/gcc/arm-none-eabi/13.3.1/thumb/v7e-m+fp/hard\libgcc.a(_udivmoddi4.o)
                0x08000200                __udivmoddi4
 .text          0x080004f8        0x4 C:/ST/STM32CubeIDE_1.19.0/STM32CubeIDE/plugins/com.st.stm32cube.ide.mcu.externaltools.gnu-tools-for-stm32.13.3.rel1.win32_1.0.0.202411081344/tools/bin/../lib/gcc/arm-none-eabi/13.3.1/thumb/v7e-m+fp/hard\libgcc.a(_dvmd_tls.o)
                0x080004f8                __aeabi_idiv0
                0x080004f8                __aeabi_ldiv0
 *(.text*)
 .text.__tcf_0  0x080004fc       0x10 ./Board/STM32F407VGT6/initTask/app_main.o
 .text.__tcf_1  0x0800050c       0x10 ./Board/STM32F407VGT6/initTask/app_main.o
 .text.__tcf_2  0x0800051c       0x10 ./Board/STM32F407VGT6/initTask/app_main.o
 .text.__tcf_3  0x0800052c       0x10 ./Board/STM32F407VGT6/initTask/app_main.o
 .text.__tcf_4  0x0800053c       0x10 ./Board/STM32F407VGT6/initTask/app_main.o
 .text.__tcf_5  0x0800054c       0x10 ./Board/STM32F407VGT6/initTask/app_main.o
 .text.createTasks
                0x0800055c      0x260 ./Board/STM32F407VGT6/initTask/app_main.o
                0x0800055c                createTasks
 .text.initTasks
                0x080007bc       0x48 ./Board/STM32F407VGT6/initTask/app_main.o
                0x080007bc                initTasks
 .text._ZL12startIMUTaskPv
                0x08000804       0x20 ./Board/STM32F407VGT6/initTask/app_main.o
 .text._ZL12startMagTaskPv
                0x08000824       0x20 ./Board/STM32F407VGT6/initTask/app_main.o
 .text.vApplicationGetIdleTaskMemory
                0x08000844       0x34 ./Core/Src/freertos.o
                0x08000844                vApplicationGetIdleTaskMemory
 .text.MX_FREERTOS_Init
                0x08000878       0x38 ./Core/Src/freertos.o
                0x08000878                MX_FREERTOS_Init
 .text.StartDefaultTask
                0x080008b0       0x10 ./Core/Src/freertos.o
                0x080008b0                StartDefaultTask
 .text.MX_GPIO_Init
                0x080008c0       0xc0 ./Core/Src/gpio.o
                0x080008c0                MX_GPIO_Init
 .text.MX_I2C1_Init
                0x08000980       0x5c ./Core/Src/i2c.o
                0x08000980                MX_I2C1_Init
 .text.MX_I2C2_Init
                0x080009dc       0x5c ./Core/Src/i2c.o
                0x080009dc                MX_I2C2_Init
 .text.HAL_I2C_MspInit
                0x08000a38       0xf8 ./Core/Src/i2c.o
                0x08000a38                HAL_I2C_MspInit
 .text.main     0x08000b30       0x58 ./Core/Src/main.o
                0x08000b30                main
 .text.SystemClock_Config
                0x08000b88       0xd4 ./Core/Src/main.o
                0x08000b88                SystemClock_Config
 .text.HAL_TIM_PeriodElapsedCallback
                0x08000c5c       0x24 ./Core/Src/main.o
                0x08000c5c                HAL_TIM_PeriodElapsedCallback
 .text.Error_Handler
                0x08000c80        0xc ./Core/Src/main.o
                0x08000c80                Error_Handler
 .text.MX_SDIO_SD_Init
                0x08000c8c       0x60 ./Core/Src/sdio.o
                0x08000c8c                MX_SDIO_SD_Init
 .text.HAL_SD_MspInit
                0x08000cec       0xd0 ./Core/Src/sdio.o
                0x08000cec                HAL_SD_MspInit
 .text.HAL_MspInit
                0x08000dbc       0x58 ./Core/Src/stm32f4xx_hal_msp.o
                0x08000dbc                HAL_MspInit
 .text.HAL_InitTick
                0x08000e14       0xf8 ./Core/Src/stm32f4xx_hal_timebase_tim.o
                0x08000e14                HAL_InitTick
 .text.NMI_Handler
                0x08000f0c        0x8 ./Core/Src/stm32f4xx_it.o
                0x08000f0c                NMI_Handler
 .text.HardFault_Handler
                0x08000f14        0x8 ./Core/Src/stm32f4xx_it.o
                0x08000f14                HardFault_Handler
 .text.MemManage_Handler
                0x08000f1c        0x8 ./Core/Src/stm32f4xx_it.o
                0x08000f1c                MemManage_Handler
 .text.BusFault_Handler
                0x08000f24        0x8 ./Core/Src/stm32f4xx_it.o
                0x08000f24                BusFault_Handler
 .text.UsageFault_Handler
                0x08000f2c        0x8 ./Core/Src/stm32f4xx_it.o
                0x08000f2c                UsageFault_Handler
 .text.DebugMon_Handler
                0x08000f34        0xe ./Core/Src/stm32f4xx_it.o
                0x08000f34                DebugMon_Handler
 *fill*         0x08000f42        0x2 
 .text.TIM8_TRG_COM_TIM14_IRQHandler
                0x08000f44       0x14 ./Core/Src/stm32f4xx_it.o
                0x08000f44                TIM8_TRG_COM_TIM14_IRQHandler
 .text._sbrk    0x08000f58       0x6c ./Core/Src/sysmem.o
                0x08000f58                _sbrk
 .text.SystemInit
                0x08000fc4       0x24 ./Core/Src/system_stm32f4xx.o
                0x08000fc4                SystemInit
 .text.MX_TIM1_Init
                0x08000fe8      0x19c ./Core/Src/tim.o
                0x08000fe8                MX_TIM1_Init
 .text.MX_TIM2_Init
                0x08001184      0x12c ./Core/Src/tim.o
                0x08001184                MX_TIM2_Init
 .text.MX_TIM4_Init
                0x080012b0      0x130 ./Core/Src/tim.o
                0x080012b0                MX_TIM4_Init
 .text.HAL_TIM_Base_MspInit
                0x080013e0       0x98 ./Core/Src/tim.o
                0x080013e0                HAL_TIM_Base_MspInit
 .text.HAL_TIM_MspPostInit
                0x08001478      0x154 ./Core/Src/tim.o
                0x08001478                HAL_TIM_MspPostInit
 .text.MX_UART4_Init
                0x080015cc       0x54 ./Core/Src/usart.o
                0x080015cc                MX_UART4_Init
 .text.MX_USART1_UART_Init
                0x08001620       0x54 ./Core/Src/usart.o
                0x08001620                MX_USART1_UART_Init
 .text.MX_USART2_UART_Init
                0x08001674       0x54 ./Core/Src/usart.o
                0x08001674                MX_USART2_UART_Init
 .text.HAL_UART_MspInit
                0x080016c8      0x164 ./Core/Src/usart.o
                0x080016c8                HAL_UART_MspInit
 .text.Reset_Handler
                0x0800182c       0x50 ./Core/Startup/startup_stm32f407vgtx.o
                0x0800182c                Reset_Handler
 .text.Default_Handler
                0x0800187c        0x2 ./Core/Startup/startup_stm32f407vgtx.o
                0x0800187c                RTC_Alarm_IRQHandler
                0x0800187c                HASH_RNG_IRQHandler
                0x0800187c                EXTI2_IRQHandler
                0x0800187c                TIM8_CC_IRQHandler
                0x0800187c                TIM1_CC_IRQHandler
                0x0800187c                DMA2_Stream5_IRQHandler
                0x0800187c                DMA1_Stream5_IRQHandler
                0x0800187c                PVD_IRQHandler
                0x0800187c                SDIO_IRQHandler
                0x0800187c                TAMP_STAMP_IRQHandler
                0x0800187c                CAN2_RX1_IRQHandler
                0x0800187c                EXTI3_IRQHandler
                0x0800187c                TIM1_UP_TIM10_IRQHandler
                0x0800187c                TIM8_UP_TIM13_IRQHandler
                0x0800187c                I2C3_ER_IRQHandler
                0x0800187c                EXTI0_IRQHandler
                0x0800187c                I2C2_EV_IRQHandler
                0x0800187c                DMA1_Stream2_IRQHandler
                0x0800187c                CAN1_RX0_IRQHandler
                0x0800187c                FPU_IRQHandler
                0x0800187c                OTG_HS_WKUP_IRQHandler
                0x0800187c                CAN2_SCE_IRQHandler
                0x0800187c                DMA2_Stream2_IRQHandler
                0x0800187c                SPI1_IRQHandler
                0x0800187c                TIM6_DAC_IRQHandler
                0x0800187c                TIM1_BRK_TIM9_IRQHandler
                0x0800187c                DCMI_IRQHandler
                0x0800187c                CAN2_RX0_IRQHandler
                0x0800187c                DMA2_Stream3_IRQHandler
                0x0800187c                USART6_IRQHandler
                0x0800187c                USART3_IRQHandler
                0x0800187c                CAN1_RX1_IRQHandler
                0x0800187c                UART5_IRQHandler
                0x0800187c                DMA2_Stream0_IRQHandler
                0x0800187c                TIM4_IRQHandler
                0x0800187c                I2C1_EV_IRQHandler
                0x0800187c                DMA1_Stream6_IRQHandler
                0x0800187c                DMA1_Stream1_IRQHandler
                0x0800187c                UART4_IRQHandler
                0x0800187c                TIM3_IRQHandler
                0x0800187c                RCC_IRQHandler
                0x0800187c                TIM8_BRK_TIM12_IRQHandler
                0x0800187c                Default_Handler
                0x0800187c                EXTI15_10_IRQHandler
                0x0800187c                ADC_IRQHandler
                0x0800187c                DMA1_Stream7_IRQHandler
                0x0800187c                TIM7_IRQHandler
                0x0800187c                CAN2_TX_IRQHandler
                0x0800187c                TIM5_IRQHandler
                0x0800187c                DMA2_Stream7_IRQHandler
                0x0800187c                I2C3_EV_IRQHandler
                0x0800187c                EXTI9_5_IRQHandler
                0x0800187c                RTC_WKUP_IRQHandler
                0x0800187c                ETH_WKUP_IRQHandler
                0x0800187c                SPI2_IRQHandler
                0x0800187c                OTG_HS_EP1_IN_IRQHandler
                0x0800187c                DMA1_Stream0_IRQHandler
                0x0800187c                CAN1_TX_IRQHandler
                0x0800187c                EXTI4_IRQHandler
                0x0800187c                FSMC_IRQHandler
                0x0800187c                ETH_IRQHandler
                0x0800187c                OTG_HS_EP1_OUT_IRQHandler
                0x0800187c                WWDG_IRQHandler
                0x0800187c                TIM2_IRQHandler
                0x0800187c                OTG_FS_WKUP_IRQHandler
                0x0800187c                TIM1_TRG_COM_TIM11_IRQHandler
                0x0800187c                OTG_HS_IRQHandler
                0x0800187c                EXTI1_IRQHandler
                0x0800187c                USART2_IRQHandler
                0x0800187c                I2C2_ER_IRQHandler
                0x0800187c                DMA2_Stream1_IRQHandler
                0x0800187c                CAN1_SCE_IRQHandler
                0x0800187c                FLASH_IRQHandler
                0x0800187c                DMA2_Stream4_IRQHandler
                0x0800187c                USART1_IRQHandler
                0x0800187c                OTG_FS_IRQHandler
                0x0800187c                SPI3_IRQHandler
                0x0800187c                DMA1_Stream4_IRQHandler
                0x0800187c                I2C1_ER_IRQHandler
                0x0800187c                DMA2_Stream6_IRQHandler
                0x0800187c                DMA1_Stream3_IRQHandler
 *fill*         0x0800187e        0x2 
 .text.HAL_Init
                0x08001880       0x44 ./Drivers/STM32F4xx_HAL_Driver/Src/stm32f4xx_hal.o
                0x08001880                HAL_Init
 .text.HAL_IncTick
                0x080018c4       0x28 ./Drivers/STM32F4xx_HAL_Driver/Src/stm32f4xx_hal.o
                0x080018c4                HAL_IncTick
 .text.HAL_GetTick
                0x080018ec       0x18 ./Drivers/STM32F4xx_HAL_Driver/Src/stm32f4xx_hal.o
                0x080018ec                HAL_GetTick
 .text.HAL_Delay
                0x08001904       0x48 ./Drivers/STM32F4xx_HAL_Driver/Src/stm32f4xx_hal.o
                0x08001904                HAL_Delay
 .text.__NVIC_SetPriorityGrouping
                0x0800194c       0x48 ./Drivers/STM32F4xx_HAL_Driver/Src/stm32f4xx_hal_cortex.o
 .text.__NVIC_GetPriorityGrouping
                0x08001994       0x1c ./Drivers/STM32F4xx_HAL_Driver/Src/stm32f4xx_hal_cortex.o
 .text.__NVIC_EnableIRQ
                0x080019b0       0x3c ./Drivers/STM32F4xx_HAL_Driver/Src/stm32f4xx_hal_cortex.o
 .text.__NVIC_SetPriority
                0x080019ec       0x54 ./Drivers/STM32F4xx_HAL_Driver/Src/stm32f4xx_hal_cortex.o
 .text.NVIC_EncodePriority
                0x08001a40       0x66 ./Drivers/STM32F4xx_HAL_Driver/Src/stm32f4xx_hal_cortex.o
 .text.HAL_NVIC_SetPriorityGrouping
                0x08001aa6       0x16 ./Drivers/STM32F4xx_HAL_Driver/Src/stm32f4xx_hal_cortex.o
                0x08001aa6                HAL_NVIC_SetPriorityGrouping
 .text.HAL_NVIC_SetPriority
                0x08001abc       0x38 ./Drivers/STM32F4xx_HAL_Driver/Src/stm32f4xx_hal_cortex.o
                0x08001abc                HAL_NVIC_SetPriority
 .text.HAL_NVIC_EnableIRQ
                0x08001af4       0x1c ./Drivers/STM32F4xx_HAL_Driver/Src/stm32f4xx_hal_cortex.o
                0x08001af4                HAL_NVIC_EnableIRQ
 .text.HAL_DMA_Start_IT
                0x08001b10       0xb0 ./Drivers/STM32F4xx_HAL_Driver/Src/stm32f4xx_hal_dma.o
                0x08001b10                HAL_DMA_Start_IT
 .text.HAL_DMA_GetError
                0x08001bc0       0x18 ./Drivers/STM32F4xx_HAL_Driver/Src/stm32f4xx_hal_dma.o
                0x08001bc0                HAL_DMA_GetError
 .text.DMA_SetConfig
                0x08001bd8       0x5c ./Drivers/STM32F4xx_HAL_Driver/Src/stm32f4xx_hal_dma.o
 .text.HAL_FLASH_Program
                0x08001c34       0xa4 ./Drivers/STM32F4xx_HAL_Driver/Src/stm32f4xx_hal_flash.o
                0x08001c34                HAL_FLASH_Program
 .text.HAL_FLASH_Unlock
                0x08001cd8       0x44 ./Drivers/STM32F4xx_HAL_Driver/Src/stm32f4xx_hal_flash.o
                0x08001cd8                HAL_FLASH_Unlock
 .text.HAL_FLASH_Lock
                0x08001d1c       0x20 ./Drivers/STM32F4xx_HAL_Driver/Src/stm32f4xx_hal_flash.o
                0x08001d1c                HAL_FLASH_Lock
 .text.FLASH_WaitForLastOperation
                0x08001d3c       0x80 ./Drivers/STM32F4xx_HAL_Driver/Src/stm32f4xx_hal_flash.o
                0x08001d3c                FLASH_WaitForLastOperation
 .text.FLASH_Program_DoubleWord
                0x08001dbc       0x64 ./Drivers/STM32F4xx_HAL_Driver/Src/stm32f4xx_hal_flash.o
 .text.FLASH_Program_Word
                0x08001e20       0x44 ./Drivers/STM32F4xx_HAL_Driver/Src/stm32f4xx_hal_flash.o
 .text.FLASH_Program_HalfWord
                0x08001e64       0x48 ./Drivers/STM32F4xx_HAL_Driver/Src/stm32f4xx_hal_flash.o
 .text.FLASH_Program_Byte
                0x08001eac       0x44 ./Drivers/STM32F4xx_HAL_Driver/Src/stm32f4xx_hal_flash.o
 .text.FLASH_SetErrorCode
                0x08001ef0       0xac ./Drivers/STM32F4xx_HAL_Driver/Src/stm32f4xx_hal_flash.o
 .text.HAL_FLASHEx_Erase
                0x08001f9c       0xdc ./Drivers/STM32F4xx_HAL_Driver/Src/stm32f4xx_hal_flash_ex.o
                0x08001f9c                HAL_FLASHEx_Erase
 .text.FLASH_MassErase
                0x08002078       0x48 ./Drivers/STM32F4xx_HAL_Driver/Src/stm32f4xx_hal_flash_ex.o
 .text.FLASH_Erase_Sector
                0x080020c0       0x90 ./Drivers/STM32F4xx_HAL_Driver/Src/stm32f4xx_hal_flash_ex.o
                0x080020c0                FLASH_Erase_Sector
 .text.FLASH_FlushCaches
                0x08002150       0x8c ./Drivers/STM32F4xx_HAL_Driver/Src/stm32f4xx_hal_flash_ex.o
                0x08002150                FLASH_FlushCaches
 .text.HAL_GPIO_Init
                0x080021dc      0x338 ./Drivers/STM32F4xx_HAL_Driver/Src/stm32f4xx_hal_gpio.o
                0x080021dc                HAL_GPIO_Init
 .text.HAL_I2C_Init
                0x08002514      0x288 ./Drivers/STM32F4xx_HAL_Driver/Src/stm32f4xx_hal_i2c.o
                0x08002514                HAL_I2C_Init
 .text.HAL_I2C_Master_Transmit
                0x0800279c      0x1fc ./Drivers/STM32F4xx_HAL_Driver/Src/stm32f4xx_hal_i2c.o
                0x0800279c                HAL_I2C_Master_Transmit
 .text.HAL_I2C_Master_Receive
                0x08002998      0x464 ./Drivers/STM32F4xx_HAL_Driver/Src/stm32f4xx_hal_i2c.o
                0x08002998                HAL_I2C_Master_Receive
 .text.HAL_I2C_Master_Transmit_DMA
                0x08002dfc      0x258 ./Drivers/STM32F4xx_HAL_Driver/Src/stm32f4xx_hal_i2c.o
                0x08002dfc                HAL_I2C_Master_Transmit_DMA
 .text.HAL_I2C_Master_Receive_DMA
                0x08003054      0x258 ./Drivers/STM32F4xx_HAL_Driver/Src/stm32f4xx_hal_i2c.o
                0x08003054                HAL_I2C_Master_Receive_DMA
 .text.HAL_I2C_MasterRxCpltCallback
                0x080032ac       0x14 ./Drivers/STM32F4xx_HAL_Driver/Src/stm32f4xx_hal_i2c.o
                0x080032ac                HAL_I2C_MasterRxCpltCallback
 .text.HAL_I2C_SlaveTxCpltCallback
                0x080032c0       0x14 ./Drivers/STM32F4xx_HAL_Driver/Src/stm32f4xx_hal_i2c.o
                0x080032c0                HAL_I2C_SlaveTxCpltCallback
 .text.HAL_I2C_SlaveRxCpltCallback
                0x080032d4       0x14 ./Drivers/STM32F4xx_HAL_Driver/Src/stm32f4xx_hal_i2c.o
                0x080032d4                HAL_I2C_SlaveRxCpltCallback
 .text.HAL_I2C_MemRxCpltCallback
                0x080032e8       0x14 ./Drivers/STM32F4xx_HAL_Driver/Src/stm32f4xx_hal_i2c.o
                0x080032e8                HAL_I2C_MemRxCpltCallback
 .text.HAL_I2C_ErrorCallback
                0x080032fc       0x14 ./Drivers/STM32F4xx_HAL_Driver/Src/stm32f4xx_hal_i2c.o
                0x080032fc                HAL_I2C_ErrorCallback
 .text.I2C_MasterRequestWrite
                0x08003310      0x104 ./Drivers/STM32F4xx_HAL_Driver/Src/stm32f4xx_hal_i2c.o
 .text.I2C_MasterRequestRead
                0x08003414      0x19c ./Drivers/STM32F4xx_HAL_Driver/Src/stm32f4xx_hal_i2c.o
 .text.I2C_DMAXferCplt
                0x080035b0      0x1be ./Drivers/STM32F4xx_HAL_Driver/Src/stm32f4xx_hal_i2c.o
 .text.I2C_DMAError
                0x0800376e       0x7a ./Drivers/STM32F4xx_HAL_Driver/Src/stm32f4xx_hal_i2c.o
 .text.I2C_WaitOnFlagUntilTimeout
                0x080037e8       0xf4 ./Drivers/STM32F4xx_HAL_Driver/Src/stm32f4xx_hal_i2c.o
 .text.I2C_WaitOnMasterAddressFlagUntilTimeout
                0x080038dc      0x140 ./Drivers/STM32F4xx_HAL_Driver/Src/stm32f4xx_hal_i2c.o
 .text.I2C_WaitOnTXEFlagUntilTimeout
                0x08003a1c       0x90 ./Drivers/STM32F4xx_HAL_Driver/Src/stm32f4xx_hal_i2c.o
 .text.I2C_WaitOnBTFFlagUntilTimeout
                0x08003aac       0x90 ./Drivers/STM32F4xx_HAL_Driver/Src/stm32f4xx_hal_i2c.o
 .text.I2C_WaitOnRXNEFlagUntilTimeout
                0x08003b3c       0xba ./Drivers/STM32F4xx_HAL_Driver/Src/stm32f4xx_hal_i2c.o
 .text.I2C_IsAcknowledgeFailed
                0x08003bf6       0x5e ./Drivers/STM32F4xx_HAL_Driver/Src/stm32f4xx_hal_i2c.o
 .text.HAL_RCC_OscConfig
                0x08003c54      0x4f0 ./Drivers/STM32F4xx_HAL_Driver/Src/stm32f4xx_hal_rcc.o
                0x08003c54                HAL_RCC_OscConfig
 .text.HAL_RCC_ClockConfig
                0x08004144      0x1cc ./Drivers/STM32F4xx_HAL_Driver/Src/stm32f4xx_hal_rcc.o
                0x08004144                HAL_RCC_ClockConfig
 .text.HAL_RCC_GetSysClockFreq
                0x08004310      0x18c ./Drivers/STM32F4xx_HAL_Driver/Src/stm32f4xx_hal_rcc.o
                0x08004310                HAL_RCC_GetSysClockFreq
 .text.HAL_RCC_GetHCLKFreq
                0x0800449c       0x18 ./Drivers/STM32F4xx_HAL_Driver/Src/stm32f4xx_hal_rcc.o
                0x0800449c                HAL_RCC_GetHCLKFreq
 .text.HAL_RCC_GetPCLK1Freq
                0x080044b4       0x28 ./Drivers/STM32F4xx_HAL_Driver/Src/stm32f4xx_hal_rcc.o
                0x080044b4                HAL_RCC_GetPCLK1Freq
 .text.HAL_RCC_GetPCLK2Freq
                0x080044dc       0x28 ./Drivers/STM32F4xx_HAL_Driver/Src/stm32f4xx_hal_rcc.o
                0x080044dc                HAL_RCC_GetPCLK2Freq
 .text.HAL_RCC_GetClockConfig
                0x08004504       0x64 ./Drivers/STM32F4xx_HAL_Driver/Src/stm32f4xx_hal_rcc.o
                0x08004504                HAL_RCC_GetClockConfig
 .text.HAL_SD_Init
                0x08004568       0x60 ./Drivers/STM32F4xx_HAL_Driver/Src/stm32f4xx_hal_sd.o
                0x08004568                HAL_SD_Init
 .text.HAL_SD_InitCard
                0x080045c8       0xf0 ./Drivers/STM32F4xx_HAL_Driver/Src/stm32f4xx_hal_sd.o
                0x080045c8                HAL_SD_InitCard
 .text.HAL_SD_GetCardCSD
                0x080046b8      0x348 ./Drivers/STM32F4xx_HAL_Driver/Src/stm32f4xx_hal_sd.o
                0x080046b8                HAL_SD_GetCardCSD
 .text.HAL_SD_ConfigWideBusOperation
                0x08004a00      0x134 ./Drivers/STM32F4xx_HAL_Driver/Src/stm32f4xx_hal_sd.o
                0x08004a00                HAL_SD_ConfigWideBusOperation
 .text.SD_InitCard
                0x08004b34      0x19c ./Drivers/STM32F4xx_HAL_Driver/Src/stm32f4xx_hal_sd.o
 .text.SD_PowerON
                0x08004cd0      0x11c ./Drivers/STM32F4xx_HAL_Driver/Src/stm32f4xx_hal_sd.o
 .text.SD_WideBus_Enable
                0x08004dec       0x96 ./Drivers/STM32F4xx_HAL_Driver/Src/stm32f4xx_hal_sd.o
 .text.SD_WideBus_Disable
                0x08004e82       0x96 ./Drivers/STM32F4xx_HAL_Driver/Src/stm32f4xx_hal_sd.o
 .text.SD_FindSCR
                0x08004f18      0x1b4 ./Drivers/STM32F4xx_HAL_Driver/Src/stm32f4xx_hal_sd.o
 .text.HAL_TIM_Base_Init
                0x080050cc       0x9e ./Drivers/STM32F4xx_HAL_Driver/Src/stm32f4xx_hal_tim.o
                0x080050cc                HAL_TIM_Base_Init
 *fill*         0x0800516a        0x2 
 .text.HAL_TIM_Base_Start_IT
                0x0800516c       0xe0 ./Drivers/STM32F4xx_HAL_Driver/Src/stm32f4xx_hal_tim.o
                0x0800516c                HAL_TIM_Base_Start_IT
 .text.HAL_TIM_OC_Init
                0x0800524c       0x9e ./Drivers/STM32F4xx_HAL_Driver/Src/stm32f4xx_hal_tim.o
                0x0800524c                HAL_TIM_OC_Init
 .text.HAL_TIM_OC_MspInit
                0x080052ea       0x14 ./Drivers/STM32F4xx_HAL_Driver/Src/stm32f4xx_hal_tim.o
                0x080052ea                HAL_TIM_OC_MspInit
 .text.HAL_TIM_PWM_Init
                0x080052fe       0x9e ./Drivers/STM32F4xx_HAL_Driver/Src/stm32f4xx_hal_tim.o
                0x080052fe                HAL_TIM_PWM_Init
 .text.HAL_TIM_PWM_MspInit
                0x0800539c       0x14 ./Drivers/STM32F4xx_HAL_Driver/Src/stm32f4xx_hal_tim.o
                0x0800539c                HAL_TIM_PWM_MspInit
 .text.HAL_TIM_IRQHandler
                0x080053b0      0x1e0 ./Drivers/STM32F4xx_HAL_Driver/Src/stm32f4xx_hal_tim.o
                0x080053b0                HAL_TIM_IRQHandler
 .text.HAL_TIM_OC_ConfigChannel
                0x08005590       0xb8 ./Drivers/STM32F4xx_HAL_Driver/Src/stm32f4xx_hal_tim.o
                0x08005590                HAL_TIM_OC_ConfigChannel
 .text.HAL_TIM_PWM_ConfigChannel
                0x08005648      0x184 ./Drivers/STM32F4xx_HAL_Driver/Src/stm32f4xx_hal_tim.o
                0x08005648                HAL_TIM_PWM_ConfigChannel
 .text.HAL_TIM_ConfigClockSource
                0x080057cc      0x18e ./Drivers/STM32F4xx_HAL_Driver/Src/stm32f4xx_hal_tim.o
                0x080057cc                HAL_TIM_ConfigClockSource
 .text.HAL_TIM_OC_DelayElapsedCallback
                0x0800595a       0x14 ./Drivers/STM32F4xx_HAL_Driver/Src/stm32f4xx_hal_tim.o
                0x0800595a                HAL_TIM_OC_DelayElapsedCallback
 .text.HAL_TIM_IC_CaptureCallback
                0x0800596e       0x14 ./Drivers/STM32F4xx_HAL_Driver/Src/stm32f4xx_hal_tim.o
                0x0800596e                HAL_TIM_IC_CaptureCallback
 .text.HAL_TIM_PWM_PulseFinishedCallback
                0x08005982       0x14 ./Drivers/STM32F4xx_HAL_Driver/Src/stm32f4xx_hal_tim.o
                0x08005982                HAL_TIM_PWM_PulseFinishedCallback
 .text.HAL_TIM_TriggerCallback
                0x08005996       0x14 ./Drivers/STM32F4xx_HAL_Driver/Src/stm32f4xx_hal_tim.o
                0x08005996                HAL_TIM_TriggerCallback
 *fill*         0x080059aa        0x2 
 .text.TIM_Base_SetConfig
                0x080059ac      0x14c ./Drivers/STM32F4xx_HAL_Driver/Src/stm32f4xx_hal_tim.o
                0x080059ac                TIM_Base_SetConfig
 .text.TIM_OC1_SetConfig
                0x08005af8       0xe0 ./Drivers/STM32F4xx_HAL_Driver/Src/stm32f4xx_hal_tim.o
 .text.TIM_OC2_SetConfig
                0x08005bd8       0xec ./Drivers/STM32F4xx_HAL_Driver/Src/stm32f4xx_hal_tim.o
                0x08005bd8                TIM_OC2_SetConfig
 .text.TIM_OC3_SetConfig
                0x08005cc4       0xe8 ./Drivers/STM32F4xx_HAL_Driver/Src/stm32f4xx_hal_tim.o
 .text.TIM_OC4_SetConfig
                0x08005dac       0xac ./Drivers/STM32F4xx_HAL_Driver/Src/stm32f4xx_hal_tim.o
 .text.TIM_TI1_ConfigInputStage
                0x08005e58       0x5e ./Drivers/STM32F4xx_HAL_Driver/Src/stm32f4xx_hal_tim.o
 .text.TIM_TI2_ConfigInputStage
                0x08005eb6       0x60 ./Drivers/STM32F4xx_HAL_Driver/Src/stm32f4xx_hal_tim.o
 .text.TIM_ITRx_SetConfig
                0x08005f16       0x36 ./Drivers/STM32F4xx_HAL_Driver/Src/stm32f4xx_hal_tim.o
 .text.TIM_ETR_SetConfig
                0x08005f4c       0x40 ./Drivers/STM32F4xx_HAL_Driver/Src/stm32f4xx_hal_tim.o
                0x08005f4c                TIM_ETR_SetConfig
 .text.HAL_TIMEx_MasterConfigSynchronization
                0x08005f8c       0xf8 ./Drivers/STM32F4xx_HAL_Driver/Src/stm32f4xx_hal_tim_ex.o
                0x08005f8c                HAL_TIMEx_MasterConfigSynchronization
 .text.HAL_TIMEx_ConfigBreakDeadTime
                0x08006084       0xa4 ./Drivers/STM32F4xx_HAL_Driver/Src/stm32f4xx_hal_tim_ex.o
                0x08006084                HAL_TIMEx_ConfigBreakDeadTime
 .text.HAL_TIMEx_CommutCallback
                0x08006128       0x14 ./Drivers/STM32F4xx_HAL_Driver/Src/stm32f4xx_hal_tim_ex.o
                0x08006128                HAL_TIMEx_CommutCallback
 .text.HAL_TIMEx_BreakCallback
                0x0800613c       0x14 ./Drivers/STM32F4xx_HAL_Driver/Src/stm32f4xx_hal_tim_ex.o
                0x0800613c                HAL_TIMEx_BreakCallback
 .text.HAL_UART_Init
                0x08006150       0xa0 ./Drivers/STM32F4xx_HAL_Driver/Src/stm32f4xx_hal_uart.o
                0x08006150                HAL_UART_Init
 .text.UART_SetConfig
                0x080061f0      0x4e8 ./Drivers/STM32F4xx_HAL_Driver/Src/stm32f4xx_hal_uart.o
 .text.SDIO_Init
                0x080066d8       0x56 ./Drivers/STM32F4xx_HAL_Driver/Src/stm32f4xx_ll_sdmmc.o
                0x080066d8                SDIO_Init
 .text.SDIO_ReadFIFO
                0x0800672e       0x1a ./Drivers/STM32F4xx_HAL_Driver/Src/stm32f4xx_ll_sdmmc.o
                0x0800672e                SDIO_ReadFIFO
 .text.SDIO_PowerState_ON
                0x08006748       0x1c ./Drivers/STM32F4xx_HAL_Driver/Src/stm32f4xx_ll_sdmmc.o
                0x08006748                SDIO_PowerState_ON
 .text.SDIO_GetPowerState
                0x08006764       0x1c ./Drivers/STM32F4xx_HAL_Driver/Src/stm32f4xx_ll_sdmmc.o
                0x08006764                SDIO_GetPowerState
 .text.SDIO_SendCommand
                0x08006780       0x54 ./Drivers/STM32F4xx_HAL_Driver/Src/stm32f4xx_ll_sdmmc.o
                0x08006780                SDIO_SendCommand
 .text.SDIO_GetCommandResponse
                0x080067d4       0x1a ./Drivers/STM32F4xx_HAL_Driver/Src/stm32f4xx_ll_sdmmc.o
                0x080067d4                SDIO_GetCommandResponse
 .text.SDIO_GetResponse
                0x080067ee       0x26 ./Drivers/STM32F4xx_HAL_Driver/Src/stm32f4xx_ll_sdmmc.o
                0x080067ee                SDIO_GetResponse
 .text.SDIO_ConfigData
                0x08006814       0x58 ./Drivers/STM32F4xx_HAL_Driver/Src/stm32f4xx_ll_sdmmc.o
                0x08006814                SDIO_ConfigData
 .text.SDMMC_CmdBlockLength
                0x0800686c       0x44 ./Drivers/STM32F4xx_HAL_Driver/Src/stm32f4xx_ll_sdmmc.o
                0x0800686c                SDMMC_CmdBlockLength
 .text.SDMMC_CmdSelDesel
                0x080068b0       0x46 ./Drivers/STM32F4xx_HAL_Driver/Src/stm32f4xx_ll_sdmmc.o
                0x080068b0                SDMMC_CmdSelDesel
 .text.SDMMC_CmdGoIdleState
                0x080068f6       0x3c ./Drivers/STM32F4xx_HAL_Driver/Src/stm32f4xx_ll_sdmmc.o
                0x080068f6                SDMMC_CmdGoIdleState
 .text.SDMMC_CmdOperCond
                0x08006932       0x3e ./Drivers/STM32F4xx_HAL_Driver/Src/stm32f4xx_ll_sdmmc.o
                0x08006932                SDMMC_CmdOperCond
 .text.SDMMC_CmdAppCommand
                0x08006970       0x44 ./Drivers/STM32F4xx_HAL_Driver/Src/stm32f4xx_ll_sdmmc.o
                0x08006970                SDMMC_CmdAppCommand
 .text.SDMMC_CmdAppOperCommand
                0x080069b4       0x46 ./Drivers/STM32F4xx_HAL_Driver/Src/stm32f4xx_ll_sdmmc.o
                0x080069b4                SDMMC_CmdAppOperCommand
 .text.SDMMC_CmdBusWidth
                0x080069fa       0x44 ./Drivers/STM32F4xx_HAL_Driver/Src/stm32f4xx_ll_sdmmc.o
                0x080069fa                SDMMC_CmdBusWidth
 .text.SDMMC_CmdSendSCR
                0x08006a3e       0x42 ./Drivers/STM32F4xx_HAL_Driver/Src/stm32f4xx_ll_sdmmc.o
                0x08006a3e                SDMMC_CmdSendSCR
 .text.SDMMC_CmdSendCID
                0x08006a80       0x3c ./Drivers/STM32F4xx_HAL_Driver/Src/stm32f4xx_ll_sdmmc.o
                0x08006a80                SDMMC_CmdSendCID
 .text.SDMMC_CmdSendCSD
                0x08006abc       0x3e ./Drivers/STM32F4xx_HAL_Driver/Src/stm32f4xx_ll_sdmmc.o
                0x08006abc                SDMMC_CmdSendCSD
 .text.SDMMC_CmdSetRelAdd
                0x08006afa       0x42 ./Drivers/STM32F4xx_HAL_Driver/Src/stm32f4xx_ll_sdmmc.o
                0x08006afa                SDMMC_CmdSetRelAdd
 .text.SDMMC_GetCmdResp1
                0x08006b3c      0x1dc ./Drivers/STM32F4xx_HAL_Driver/Src/stm32f4xx_ll_sdmmc.o
                0x08006b3c                SDMMC_GetCmdResp1
 .text.SDMMC_GetCmdResp2
                0x08006d18       0x90 ./Drivers/STM32F4xx_HAL_Driver/Src/stm32f4xx_ll_sdmmc.o
                0x08006d18                SDMMC_GetCmdResp2
 .text.SDMMC_GetCmdResp3
                0x08006da8       0x7c ./Drivers/STM32F4xx_HAL_Driver/Src/stm32f4xx_ll_sdmmc.o
                0x08006da8                SDMMC_GetCmdResp3
 .text.SDMMC_GetCmdResp6
                0x08006e24       0xec ./Drivers/STM32F4xx_HAL_Driver/Src/stm32f4xx_ll_sdmmc.o
                0x08006e24                SDMMC_GetCmdResp6
 .text.SDMMC_GetCmdResp7
                0x08006f10       0x9c ./Drivers/STM32F4xx_HAL_Driver/Src/stm32f4xx_ll_sdmmc.o
                0x08006f10                SDMMC_GetCmdResp7
 .text.SDMMC_GetCmdError
                0x08006fac       0x58 ./Drivers/STM32F4xx_HAL_Driver/Src/stm32f4xx_ll_sdmmc.o
 .text.makeFreeRtosPriority
                0x08007004       0x30 ./Middlewares/Third_Party/FreeRTOS/Source/CMSIS_RTOS/cmsis_os.o
 .text.osThreadCreate
                0x08007034       0x98 ./Middlewares/Third_Party/FreeRTOS/Source/CMSIS_RTOS/cmsis_os.o
                0x08007034                osThreadCreate
 .text.osDelay  0x080070cc       0x28 ./Middlewares/Third_Party/FreeRTOS/Source/CMSIS_RTOS/cmsis_os.o
                0x080070cc                osDelay
 .text.vListInitialise
                0x080070f4       0x40 ./Middlewares/Third_Party/FreeRTOS/Source/list.o
                0x080070f4                vListInitialise
 .text.vListInitialiseItem
                0x08007134       0x1a ./Middlewares/Third_Party/FreeRTOS/Source/list.o
                0x08007134                vListInitialiseItem
 .text.vListInsertEnd
                0x0800714e       0x48 ./Middlewares/Third_Party/FreeRTOS/Source/list.o
                0x0800714e                vListInsertEnd
 .text.vListInsert
                0x08007196       0x72 ./Middlewares/Third_Party/FreeRTOS/Source/list.o
                0x08007196                vListInsert
 .text.uxListRemove
                0x08007208       0x54 ./Middlewares/Third_Party/FreeRTOS/Source/list.o
                0x08007208                uxListRemove
 .text.xQueueGenericReset
                0x0800725c       0xd4 ./Middlewares/Third_Party/FreeRTOS/Source/queue.o
                0x0800725c                xQueueGenericReset
 .text.xQueueGenericCreate
                0x08007330       0x76 ./Middlewares/Third_Party/FreeRTOS/Source/queue.o
                0x08007330                xQueueGenericCreate
 .text.prvInitialiseNewQueue
                0x080073a6       0x44 ./Middlewares/Third_Party/FreeRTOS/Source/queue.o
 *fill*         0x080073ea        0x2 
 .text.xQueueGenericSend
                0x080073ec      0x23c ./Middlewares/Third_Party/FreeRTOS/Source/queue.o
                0x080073ec                xQueueGenericSend
 .text.xQueueSemaphoreTake
                0x08007628      0x220 ./Middlewares/Third_Party/FreeRTOS/Source/queue.o
                0x08007628                xQueueSemaphoreTake
 .text.prvGetDisinheritPriorityAfterTimeout
                0x08007848       0x30 ./Middlewares/Third_Party/FreeRTOS/Source/queue.o
 .text.prvCopyDataToQueue
                0x08007878       0xd4 ./Middlewares/Third_Party/FreeRTOS/Source/queue.o
 .text.prvUnlockQueue
                0x0800794c       0xbe ./Middlewares/Third_Party/FreeRTOS/Source/queue.o
 .text.prvIsQueueEmpty
                0x08007a0a       0x2c ./Middlewares/Third_Party/FreeRTOS/Source/queue.o
 .text.prvIsQueueFull
                0x08007a36       0x30 ./Middlewares/Third_Party/FreeRTOS/Source/queue.o
 .text.xQueueCreateSet
                0x08007a66       0x1e ./Middlewares/Third_Party/FreeRTOS/Source/queue.o
                0x08007a66                xQueueCreateSet
 .text.xQueueAddToSet
                0x08007a84       0x42 ./Middlewares/Third_Party/FreeRTOS/Source/queue.o
                0x08007a84                xQueueAddToSet
 .text.prvNotifyQueueSetContainer
                0x08007ac6       0xb6 ./Middlewares/Third_Party/FreeRTOS/Source/queue.o
 .text.xTaskCreateStatic
                0x08007b7c       0xc0 ./Middlewares/Third_Party/FreeRTOS/Source/tasks.o
                0x08007b7c                xTaskCreateStatic
 .text.xTaskCreate
                0x08007c3c       0x8a ./Middlewares/Third_Party/FreeRTOS/Source/tasks.o
                0x08007c3c                xTaskCreate
 .text.prvInitialiseNewTask
                0x08007cc6      0x110 ./Middlewares/Third_Party/FreeRTOS/Source/tasks.o
 *fill*         0x08007dd6        0x2 
 .text.prvAddNewTaskToReadyList
                0x08007dd8       0xd4 ./Middlewares/Third_Party/FreeRTOS/Source/tasks.o
 .text.vTaskDelay
                0x08007eac       0x6c ./Middlewares/Third_Party/FreeRTOS/Source/tasks.o
                0x08007eac                vTaskDelay
 .text.vTaskStartScheduler
                0x08007f18       0xc4 ./Middlewares/Third_Party/FreeRTOS/Source/tasks.o
                0x08007f18                vTaskStartScheduler
 .text.vTaskSuspendAll
                0x08007fdc       0x1c ./Middlewares/Third_Party/FreeRTOS/Source/tasks.o
                0x08007fdc                vTaskSuspendAll
 .text.xTaskResumeAll
                0x08007ff8      0x13c ./Middlewares/Third_Party/FreeRTOS/Source/tasks.o
                0x08007ff8                xTaskResumeAll
 .text.xTaskIncrementTick
                0x08008134      0x174 ./Middlewares/Third_Party/FreeRTOS/Source/tasks.o
                0x08008134                xTaskIncrementTick
 .text.vTaskSwitchContext
                0x080082a8       0xb8 ./Middlewares/Third_Party/FreeRTOS/Source/tasks.o
                0x080082a8                vTaskSwitchContext
 .text.vTaskPlaceOnEventList
                0x08008360       0x4c ./Middlewares/Third_Party/FreeRTOS/Source/tasks.o
                0x08008360                vTaskPlaceOnEventList
 .text.xTaskRemoveFromEventList
                0x080083ac       0xc8 ./Middlewares/Third_Party/FreeRTOS/Source/tasks.o
                0x080083ac                xTaskRemoveFromEventList
 .text.vTaskInternalSetTimeOutState
                0x08008474       0x2c ./Middlewares/Third_Party/FreeRTOS/Source/tasks.o
                0x08008474                vTaskInternalSetTimeOutState
 .text.xTaskCheckForTimeOut
                0x080084a0       0xc8 ./Middlewares/Third_Party/FreeRTOS/Source/tasks.o
                0x080084a0                xTaskCheckForTimeOut
 .text.vTaskMissedYield
                0x08008568       0x18 ./Middlewares/Third_Party/FreeRTOS/Source/tasks.o
                0x08008568                vTaskMissedYield
 .text.prvIdleTask
                0x08008580       0x30 ./Middlewares/Third_Party/FreeRTOS/Source/tasks.o
 .text.prvInitialiseTaskLists
                0x080085b0       0x80 ./Middlewares/Third_Party/FreeRTOS/Source/tasks.o
 .text.prvCheckTasksWaitingTermination
                0x08008630       0x5c ./Middlewares/Third_Party/FreeRTOS/Source/tasks.o
 .text.prvDeleteTCB
                0x0800868c       0x60 ./Middlewares/Third_Party/FreeRTOS/Source/tasks.o
 .text.prvResetNextTaskUnblockTime
                0x080086ec       0x40 ./Middlewares/Third_Party/FreeRTOS/Source/tasks.o
 .text.xTaskGetSchedulerState
                0x0800872c       0x3c ./Middlewares/Third_Party/FreeRTOS/Source/tasks.o
                0x0800872c                xTaskGetSchedulerState
 .text.xTaskPriorityInherit
                0x08008768       0xec ./Middlewares/Third_Party/FreeRTOS/Source/tasks.o
                0x08008768                xTaskPriorityInherit
 .text.xTaskPriorityDisinherit
                0x08008854      0x110 ./Middlewares/Third_Party/FreeRTOS/Source/tasks.o
                0x08008854                xTaskPriorityDisinherit
 .text.vTaskPriorityDisinheritAfterTimeout
                0x08008964      0x120 ./Middlewares/Third_Party/FreeRTOS/Source/tasks.o
                0x08008964                vTaskPriorityDisinheritAfterTimeout
 .text.pvTaskIncrementMutexHeldCount
                0x08008a84       0x28 ./Middlewares/Third_Party/FreeRTOS/Source/tasks.o
                0x08008a84                pvTaskIncrementMutexHeldCount
 .text.prvAddCurrentTaskToDelayedList
                0x08008aac       0xcc ./Middlewares/Third_Party/FreeRTOS/Source/tasks.o
 .text.pxPortInitialiseStack
                0x08008b78       0x68 ./Middlewares/Third_Party/FreeRTOS/Source/portable/GCC/ARM_CM4F/port.o
                0x08008b78                pxPortInitialiseStack
 .text.prvTaskExitError
                0x08008be0       0x5c ./Middlewares/Third_Party/FreeRTOS/Source/portable/GCC/ARM_CM4F/port.o
 *fill*         0x08008c3c        0x4 
 .text.SVC_Handler
                0x08008c40       0x28 ./Middlewares/Third_Party/FreeRTOS/Source/portable/GCC/ARM_CM4F/port.o
                0x08008c40                SVC_Handler
 .text.prvPortStartFirstTask
                0x08008c68       0x28 ./Middlewares/Third_Party/FreeRTOS/Source/portable/GCC/ARM_CM4F/port.o
 .text.xPortStartScheduler
                0x08008c90      0x148 ./Middlewares/Third_Party/FreeRTOS/Source/portable/GCC/ARM_CM4F/port.o
                0x08008c90                xPortStartScheduler
 .text.vPortEnterCritical
                0x08008dd8       0x64 ./Middlewares/Third_Party/FreeRTOS/Source/portable/GCC/ARM_CM4F/port.o
                0x08008dd8                vPortEnterCritical
 .text.vPortExitCritical
                0x08008e3c       0x54 ./Middlewares/Third_Party/FreeRTOS/Source/portable/GCC/ARM_CM4F/port.o
                0x08008e3c                vPortExitCritical
 .text.PendSV_Handler
                0x08008e90       0x68 ./Middlewares/Third_Party/FreeRTOS/Source/portable/GCC/ARM_CM4F/port.o
                0x08008e90                PendSV_Handler
 .text.SysTick_Handler
                0x08008ef8       0x44 ./Middlewares/Third_Party/FreeRTOS/Source/portable/GCC/ARM_CM4F/port.o
                0x08008ef8                SysTick_Handler
 .text.vPortSetupTimerInterrupt
                0x08008f3c       0x48 ./Middlewares/Third_Party/FreeRTOS/Source/portable/GCC/ARM_CM4F/port.o
                0x08008f3c                vPortSetupTimerInterrupt
 .text.vPortEnableVFP
                0x08008f84       0x14 ./Middlewares/Third_Party/FreeRTOS/Source/portable/GCC/ARM_CM4F/port.o
 .text.pvPortMalloc
                0x08008f98      0x19c ./Middlewares/Third_Party/FreeRTOS/Source/portable/MemMang/heap_4.o
                0x08008f98                pvPortMalloc
 .text.vPortFree
                0x08009134       0xc8 ./Middlewares/Third_Party/FreeRTOS/Source/portable/MemMang/heap_4.o
                0x08009134                vPortFree
 .text.prvHeapInit
                0x080091fc       0xc4 ./Middlewares/Third_Party/FreeRTOS/Source/portable/MemMang/heap_4.o
 .text.prvInsertBlockIntoFreeList
                0x080092c0       0xb4 ./Middlewares/Third_Party/FreeRTOS/Source/portable/MemMang/heap_4.o
 .text._Z23initQueuesAndSemaphoresv
                0x08009374      0x388 ./Src/Application/Src/common.o
                0x08009374                initQueuesAndSemaphores()
 .text._ZN11readIMUTaskC2EP7MPU6050
                0x080096fc       0x1e ./Src/Application/Src/readIMUTask.o
                0x080096fc                readIMUTask::readIMUTask(MPU6050*)
                0x080096fc                readIMUTask::readIMUTask(MPU6050*)
 .text._ZN11readIMUTaskD2Ev
                0x0800971a       0x16 ./Src/Application/Src/readIMUTask.o
                0x0800971a                readIMUTask::~readIMUTask()
                0x0800971a                readIMUTask::~readIMUTask()
 .text._ZN11readIMUTask4initEv
                0x08009730       0x3a ./Src/Application/Src/readIMUTask.o
                0x08009730                readIMUTask::init()
 .text._ZN11readIMUTask9startTaskEv
                0x0800976a       0x10 ./Src/Application/Src/readIMUTask.o
                0x0800976a                readIMUTask::startTask()
 *fill*         0x0800977a        0x2 
 .text._ZN11readIMUTask11processTaskEv
                0x0800977c       0x40 ./Src/Application/Src/readIMUTask.o
                0x0800977c                readIMUTask::processTask()
 .text._ZN11readIMUTask8readDataEv
                0x080097bc       0x1e ./Src/Application/Src/readIMUTask.o
                0x080097bc                readIMUTask::readData()
 *fill*         0x080097da        0x2 
 .text._ZN11readIMUTask8sendDataEv
                0x080097dc       0x34 ./Src/Application/Src/readIMUTask.o
                0x080097dc                readIMUTask::sendData()
 .text._ZN11readMagTaskC2EP8qmc5883l
                0x08009810       0x1e ./Src/Application/Src/readMagTask.o
                0x08009810                readMagTask::readMagTask(qmc5883l*)
                0x08009810                readMagTask::readMagTask(qmc5883l*)
 .text._ZN11readMagTaskD2Ev
                0x0800982e       0x16 ./Src/Application/Src/readMagTask.o
                0x0800982e                readMagTask::~readMagTask()
                0x0800982e                readMagTask::~readMagTask()
 .text._ZN11readMagTask4initEv
                0x08009844       0x44 ./Src/Application/Src/readMagTask.o
                0x08009844                readMagTask::init()
 .text._ZN11readMagTask9startTaskEv
                0x08009888       0x10 ./Src/Application/Src/readMagTask.o
                0x08009888                readMagTask::startTask()
 .text._ZN11readMagTask11processTaskEv
                0x08009898       0x60 ./Src/Application/Src/readMagTask.o
                0x08009898                readMagTask::processTask()
 .text._ZN11readMagTask10applyCalibEPK9Mag_raw_tP10Mag_data_t
                0x080098f8      0x118 ./Src/Application/Src/readMagTask.o
                0x080098f8                readMagTask::applyCalib(Mag_raw_t const*, Mag_data_t*)
 .text._ZN11readMagTask13sendDataToEKFEPK10Mag_data_t
                0x08009a10       0x28 ./Src/Application/Src/readMagTask.o
                0x08009a10                readMagTask::sendDataToEKF(Mag_data_t const*)
 .text._ZN11readMagTask7readRawEP9Mag_raw_t
                0x08009a38       0x20 ./Src/Application/Src/readMagTask.o
                0x08009a38                readMagTask::readRaw(Mag_raw_t*)
 .text._ZN11readMagTask9calibrateEv
                0x08009a58      0x294 ./Src/Application/Src/readMagTask.o
                0x08009a58                readMagTask::calibrate()
 .text._ZN11readMagTask9saveCalibEv
                0x08009cec       0xcc ./Src/Application/Src/readMagTask.o
                0x08009cec                readMagTask::saveCalib()
 .text._ZN11readMagTask9loadCalibEv
                0x08009db8       0x3c ./Src/Application/Src/readMagTask.o
                0x08009db8                readMagTask::loadCalib()
 .text._ZSt3minIsERKT_S2_S2_
                0x08009df4       0x2c ./Src/Application/Src/readMagTask.o
                0x08009df4                short const& std::min<short>(short const&, short const&)
 .text._ZSt3maxIsERKT_S2_S2_
                0x08009e20       0x2c ./Src/Application/Src/readMagTask.o
                0x08009e20                short const& std::max<short>(short const&, short const&)
 .text._ZN11I2CAbstractC2Ev
                0x08009e4c       0x20 ./Src/Driver/DriverSTM32/Src/I2CSTM32.o
                0x08009e4c                I2CAbstract::I2CAbstract()
                0x08009e4c                I2CAbstract::I2CAbstract()
 .text._ZN11I2CAbstractD2Ev
                0x08009e6c       0x20 ./Src/Driver/DriverSTM32/Src/I2CSTM32.o
                0x08009e6c                I2CAbstract::~I2CAbstract()
                0x08009e6c                I2CAbstract::~I2CAbstract()
 .text._ZN11I2CAbstractD0Ev
                0x08009e8c       0x20 ./Src/Driver/DriverSTM32/Src/I2CSTM32.o
                0x08009e8c                I2CAbstract::~I2CAbstract()
 .text._ZN8I2CSTM32C2EP17I2C_HandleTypeDef
                0x08009eac       0x2c ./Src/Driver/DriverSTM32/Src/I2CSTM32.o
                0x08009eac                I2CSTM32::I2CSTM32(I2C_HandleTypeDef*)
                0x08009eac                I2CSTM32::I2CSTM32(I2C_HandleTypeDef*)
 .text._ZN8I2CSTM32D2Ev
                0x08009ed8       0x24 ./Src/Driver/DriverSTM32/Src/I2CSTM32.o
                0x08009ed8                I2CSTM32::~I2CSTM32()
                0x08009ed8                I2CSTM32::~I2CSTM32()
 .text._ZN8I2CSTM32D0Ev
                0x08009efc       0x20 ./Src/Driver/DriverSTM32/Src/I2CSTM32.o
                0x08009efc                I2CSTM32::~I2CSTM32()
 .text._ZN8I2CSTM328sendDataEtPhy
                0x08009f1c       0x28 ./Src/Driver/DriverSTM32/Src/I2CSTM32.o
                0x08009f1c                I2CSTM32::sendData(unsigned short, unsigned char*, unsigned long long)
 .text._ZN8I2CSTM3211receiveDataEtPhy
                0x08009f44       0x28 ./Src/Driver/DriverSTM32/Src/I2CSTM32.o
                0x08009f44                I2CSTM32::receiveData(unsigned short, unsigned char*, unsigned long long)
 .text._ZN8I2CSTM3211sendDataDMAEtPhy
                0x08009f6c       0x24 ./Src/Driver/DriverSTM32/Src/I2CSTM32.o
                0x08009f6c                I2CSTM32::sendDataDMA(unsigned short, unsigned char*, unsigned long long)
 .text._ZN8I2CSTM3214receiveDataDMAEtPhy
                0x08009f90       0x24 ./Src/Driver/DriverSTM32/Src/I2CSTM32.o
                0x08009f90                I2CSTM32::receiveDataDMA(unsigned short, unsigned char*, unsigned long long)
 .text._ZN8I2CSTM3212writeDataMemEhhPKht
                0x08009fb4       0xd8 ./Src/Driver/DriverSTM32/Src/I2CSTM32.o
                0x08009fb4                I2CSTM32::writeDataMem(unsigned char, unsigned char, unsigned char const*, unsigned short)
 .text._ZN8I2CSTM3211readDataMemEhhPht
                0x0800a08c       0x74 ./Src/Driver/DriverSTM32/Src/I2CSTM32.o
                0x0800a08c                I2CSTM32::readDataMem(unsigned char, unsigned char, unsigned char*, unsigned short)
 .text._ZN7MPU6050C2EP11I2CAbstract
                0x0800a100       0x3c ./Src/Module/Device_driver/MPU/mpu6050.o
                0x0800a100                MPU6050::MPU6050(I2CAbstract*)
                0x0800a100                MPU6050::MPU6050(I2CAbstract*)
 .text._ZN7MPU6050D2Ev
                0x0800a13c       0x16 ./Src/Module/Device_driver/MPU/mpu6050.o
                0x0800a13c                MPU6050::~MPU6050()
                0x0800a13c                MPU6050::~MPU6050()
 .text._ZN7MPU605010initDeviceEv
                0x0800a152       0xf4 ./Src/Module/Device_driver/MPU/mpu6050.o
                0x0800a152                MPU6050::initDevice()
 *fill*         0x0800a246        0x2 
 .text._ZN7MPU60509calibrateEv
                0x0800a248      0x124 ./Src/Module/Device_driver/MPU/mpu6050.o
                0x0800a248                MPU6050::calibrate()
 .text._ZN7MPU605012getScaleDataEP10IMU_data_t
                0x0800a36c      0x1b0 ./Src/Module/Device_driver/MPU/mpu6050.o
                0x0800a36c                MPU6050::getScaleData(IMU_data_t*)
 .text._ZN8qmc5883lC2EP11I2CAbstract
                0x0800a51c       0x1e ./Src/Module/Device_driver/Magnetometer/qmc5883l.o
                0x0800a51c                qmc5883l::qmc5883l(I2CAbstract*)
                0x0800a51c                qmc5883l::qmc5883l(I2CAbstract*)
 .text._ZN8qmc5883lD2Ev
                0x0800a53a       0x16 ./Src/Module/Device_driver/Magnetometer/qmc5883l.o
                0x0800a53a                qmc5883l::~qmc5883l()
                0x0800a53a                qmc5883l::~qmc5883l()
 .text._ZN8qmc5883l4initEv
                0x0800a550       0xaa ./Src/Module/Device_driver/Magnetometer/qmc5883l.o
                0x0800a550                qmc5883l::init()
 .text._ZN8qmc5883l11readRawDataEP9Mag_raw_t
                0x0800a5fa       0x92 ./Src/Module/Device_driver/Magnetometer/qmc5883l.o
                0x0800a5fa                qmc5883l::readRawData(Mag_raw_t*)
 .text._ZdlPvj  0x0800a68c        0x4 C:/ST/STM32CubeIDE_1.19.0/STM32CubeIDE/plugins/com.st.stm32cube.ide.mcu.externaltools.gnu-tools-for-stm32.13.3.rel1.win32_1.0.0.202411081344/tools/bin/../lib/gcc/arm-none-eabi/13.3.1/../../../../arm-none-eabi/lib/thumb/v7e-m+fp/hard\libstdc++_nano.a(del_ops.o)
                0x0800a68c                operator delete(void*, unsigned int)
 .text.__cxa_guard_acquire
                0x0800a690       0x18 C:/ST/STM32CubeIDE_1.19.0/STM32CubeIDE/plugins/com.st.stm32cube.ide.mcu.externaltools.gnu-tools-for-stm32.13.3.rel1.win32_1.0.0.202411081344/tools/bin/../lib/gcc/arm-none-eabi/13.3.1/../../../../arm-none-eabi/lib/thumb/v7e-m+fp/hard\libstdc++_nano.a(guard.o)
                0x0800a690                __cxa_guard_acquire
 .text.__cxa_guard_release
                0x0800a6a8        0x6 C:/ST/STM32CubeIDE_1.19.0/STM32CubeIDE/plugins/com.st.stm32cube.ide.mcu.externaltools.gnu-tools-for-stm32.13.3.rel1.win32_1.0.0.202411081344/tools/bin/../lib/gcc/arm-none-eabi/13.3.1/../../../../arm-none-eabi/lib/thumb/v7e-m+fp/hard\libstdc++_nano.a(guard.o)
                0x0800a6a8                __cxa_guard_release
 .text._ZdlPv   0x0800a6ae        0x4 C:/ST/STM32CubeIDE_1.19.0/STM32CubeIDE/plugins/com.st.stm32cube.ide.mcu.externaltools.gnu-tools-for-stm32.13.3.rel1.win32_1.0.0.202411081344/tools/bin/../lib/gcc/arm-none-eabi/13.3.1/../../../../arm-none-eabi/lib/thumb/v7e-m+fp/hard\libstdc++_nano.a(del_op.o)
                0x0800a6ae                operator delete(void*)
 *fill*         0x0800a6b2        0x2 
 .text.sqrtf    0x0800a6b4       0x3c C:/ST/STM32CubeIDE_1.19.0/STM32CubeIDE/plugins/com.st.stm32cube.ide.mcu.externaltools.gnu-tools-for-stm32.13.3.rel1.win32_1.0.0.202411081344/tools/bin/../lib/gcc/arm-none-eabi/13.3.1/../../../../arm-none-eabi/lib/thumb/v7e-m+fp/hard\libm.a(libm_a-wf_sqrt.o)
                0x0800a6b4                sqrtf
 .text.__ieee754_sqrtf
                0x0800a6f0        0x6 C:/ST/STM32CubeIDE_1.19.0/STM32CubeIDE/plugins/com.st.stm32cube.ide.mcu.externaltools.gnu-tools-for-stm32.13.3.rel1.win32_1.0.0.202411081344/tools/bin/../lib/gcc/arm-none-eabi/13.3.1/../../../../arm-none-eabi/lib/thumb/v7e-m+fp/hard\libm.a(libm_a-ef_sqrt.o)
                0x0800a6f0                __ieee754_sqrtf
 .text.atexit   0x0800a6f6        0xc C:/ST/STM32CubeIDE_1.19.0/STM32CubeIDE/plugins/com.st.stm32cube.ide.mcu.externaltools.gnu-tools-for-stm32.13.3.rel1.win32_1.0.0.202411081344/tools/bin/../lib/gcc/arm-none-eabi/13.3.1/../../../../arm-none-eabi/lib/thumb/v7e-m+fp/hard\libc_nano.a(libc_a-atexit.o)
                0x0800a6f6                atexit
 *fill*         0x0800a702        0x2 
 .text.malloc   0x0800a704       0x10 C:/ST/STM32CubeIDE_1.19.0/STM32CubeIDE/plugins/com.st.stm32cube.ide.mcu.externaltools.gnu-tools-for-stm32.13.3.rel1.win32_1.0.0.202411081344/tools/bin/../lib/gcc/arm-none-eabi/13.3.1/../../../../arm-none-eabi/lib/thumb/v7e-m+fp/hard\libc_nano.a(libc_a-malloc.o)
                0x0800a704                malloc
 .text.free     0x0800a714       0x10 C:/ST/STM32CubeIDE_1.19.0/STM32CubeIDE/plugins/com.st.stm32cube.ide.mcu.externaltools.gnu-tools-for-stm32.13.3.rel1.win32_1.0.0.202411081344/tools/bin/../lib/gcc/arm-none-eabi/13.3.1/../../../../arm-none-eabi/lib/thumb/v7e-m+fp/hard\libc_nano.a(libc_a-malloc.o)
                0x0800a714                free
 .text.sbrk_aligned
                0x0800a724       0x44 C:/ST/STM32CubeIDE_1.19.0/STM32CubeIDE/plugins/com.st.stm32cube.ide.mcu.externaltools.gnu-tools-for-stm32.13.3.rel1.win32_1.0.0.202411081344/tools/bin/../lib/gcc/arm-none-eabi/13.3.1/../../../../arm-none-eabi/lib/thumb/v7e-m+fp/hard\libc_nano.a(libc_a-mallocr.o)
 .text._malloc_r
                0x0800a768      0x100 C:/ST/STM32CubeIDE_1.19.0/STM32CubeIDE/plugins/com.st.stm32cube.ide.mcu.externaltools.gnu-tools-for-stm32.13.3.rel1.win32_1.0.0.202411081344/tools/bin/../lib/gcc/arm-none-eabi/13.3.1/../../../../arm-none-eabi/lib/thumb/v7e-m+fp/hard\libc_nano.a(libc_a-mallocr.o)
                0x0800a768                _malloc_r
 .text.__malloc_lock
                0x0800a868        0xc C:/ST/STM32CubeIDE_1.19.0/STM32CubeIDE/plugins/com.st.stm32cube.ide.mcu.externaltools.gnu-tools-for-stm32.13.3.rel1.win32_1.0.0.202411081344/tools/bin/../lib/gcc/arm-none-eabi/13.3.1/../../../../arm-none-eabi/lib/thumb/v7e-m+fp/hard\libc_nano.a(libc_a-mlock.o)
                0x0800a868                __malloc_lock
 .text.__malloc_unlock
                0x0800a874        0xc C:/ST/STM32CubeIDE_1.19.0/STM32CubeIDE/plugins/com.st.stm32cube.ide.mcu.externaltools.gnu-tools-for-stm32.13.3.rel1.win32_1.0.0.202411081344/tools/bin/../lib/gcc/arm-none-eabi/13.3.1/../../../../arm-none-eabi/lib/thumb/v7e-m+fp/hard\libc_nano.a(libc_a-mlock.o)
                0x0800a874                __malloc_unlock
 .text.memset   0x0800a880       0x10 C:/ST/STM32CubeIDE_1.19.0/STM32CubeIDE/plugins/com.st.stm32cube.ide.mcu.externaltools.gnu-tools-for-stm32.13.3.rel1.win32_1.0.0.202411081344/tools/bin/../lib/gcc/arm-none-eabi/13.3.1/../../../../arm-none-eabi/lib/thumb/v7e-m+fp/hard\libc_nano.a(libc_a-memset.o)
                0x0800a880                memset
 .text._sbrk_r  0x0800a890       0x20 C:/ST/STM32CubeIDE_1.19.0/STM32CubeIDE/plugins/com.st.stm32cube.ide.mcu.externaltools.gnu-tools-for-stm32.13.3.rel1.win32_1.0.0.202411081344/tools/bin/../lib/gcc/arm-none-eabi/13.3.1/../../../../arm-none-eabi/lib/thumb/v7e-m+fp/hard\libc_nano.a(libc_a-sbrkr.o)
                0x0800a890                _sbrk_r
 .text.__errno  0x0800a8b0        0xc C:/ST/STM32CubeIDE_1.19.0/STM32CubeIDE/plugins/com.st.stm32cube.ide.mcu.externaltools.gnu-tools-for-stm32.13.3.rel1.win32_1.0.0.202411081344/tools/bin/../lib/gcc/arm-none-eabi/13.3.1/../../../../arm-none-eabi/lib/thumb/v7e-m+fp/hard\libc_nano.a(libc_a-errno.o)
                0x0800a8b0                __errno
 .text.__libc_init_array
                0x0800a8bc       0x48 C:/ST/STM32CubeIDE_1.19.0/STM32CubeIDE/plugins/com.st.stm32cube.ide.mcu.externaltools.gnu-tools-for-stm32.13.3.rel1.win32_1.0.0.202411081344/tools/bin/../lib/gcc/arm-none-eabi/13.3.1/../../../../arm-none-eabi/lib/thumb/v7e-m+fp/hard\libc_nano.a(libc_a-init.o)
                0x0800a8bc                __libc_init_array
 .text.__retarget_lock_acquire_recursive
                0x0800a904        0x2 C:/ST/STM32CubeIDE_1.19.0/STM32CubeIDE/plugins/com.st.stm32cube.ide.mcu.externaltools.gnu-tools-for-stm32.13.3.rel1.win32_1.0.0.202411081344/tools/bin/../lib/gcc/arm-none-eabi/13.3.1/../../../../arm-none-eabi/lib/thumb/v7e-m+fp/hard\libc_nano.a(libc_a-lock.o)
                0x0800a904                __retarget_lock_acquire_recursive
 .text.__retarget_lock_release_recursive
                0x0800a906        0x2 C:/ST/STM32CubeIDE_1.19.0/STM32CubeIDE/plugins/com.st.stm32cube.ide.mcu.externaltools.gnu-tools-for-stm32.13.3.rel1.win32_1.0.0.202411081344/tools/bin/../lib/gcc/arm-none-eabi/13.3.1/../../../../arm-none-eabi/lib/thumb/v7e-m+fp/hard\libc_nano.a(libc_a-lock.o)
                0x0800a906                __retarget_lock_release_recursive
 .text.memcpy   0x0800a908       0x1c C:/ST/STM32CubeIDE_1.19.0/STM32CubeIDE/plugins/com.st.stm32cube.ide.mcu.externaltools.gnu-tools-for-stm32.13.3.rel1.win32_1.0.0.202411081344/tools/bin/../lib/gcc/arm-none-eabi/13.3.1/../../../../arm-none-eabi/lib/thumb/v7e-m+fp/hard\libc_nano.a(libc_a-memcpy-stub.o)
                0x0800a908                memcpy
 .text.__register_exitproc
                0x0800a924       0xb8 C:/ST/STM32CubeIDE_1.19.0/STM32CubeIDE/plugins/com.st.stm32cube.ide.mcu.externaltools.gnu-tools-for-stm32.13.3.rel1.win32_1.0.0.202411081344/tools/bin/../lib/gcc/arm-none-eabi/13.3.1/../../../../arm-none-eabi/lib/thumb/v7e-m+fp/hard\libc_nano.a(libc_a-__atexit.o)
                0x0800a924                __register_exitproc
 .text._free_r  0x0800a9dc       0x94 C:/ST/STM32CubeIDE_1.19.0/STM32CubeIDE/plugins/com.st.stm32cube.ide.mcu.externaltools.gnu-tools-for-stm32.13.3.rel1.win32_1.0.0.202411081344/tools/bin/../lib/gcc/arm-none-eabi/13.3.1/../../../../arm-none-eabi/lib/thumb/v7e-m+fp/hard\libc_nano.a(libc_a-freer.o)
                0x0800a9dc                _free_r
 *(.glue_7)
 .glue_7        0x0800aa70        0x0 linker stubs
 *(.glue_7t)
 .glue_7t       0x0800aa70        0x0 linker stubs
 *(.eh_frame)
 .eh_frame      0x0800aa70        0x0 C:/ST/STM32CubeIDE_1.19.0/STM32CubeIDE/plugins/com.st.stm32cube.ide.mcu.externaltools.gnu-tools-for-stm32.13.3.rel1.win32_1.0.0.202411081344/tools/bin/../lib/gcc/arm-none-eabi/13.3.1/thumb/v7e-m+fp/hard/crtbegin.o
 *(.init)
 .init          0x0800aa70        0x4 C:/ST/STM32CubeIDE_1.19.0/STM32CubeIDE/plugins/com.st.stm32cube.ide.mcu.externaltools.gnu-tools-for-stm32.13.3.rel1.win32_1.0.0.202411081344/tools/bin/../lib/gcc/arm-none-eabi/13.3.1/thumb/v7e-m+fp/hard/crti.o
                0x0800aa70                _init
 .init          0x0800aa74        0x8 C:/ST/STM32CubeIDE_1.19.0/STM32CubeIDE/plugins/com.st.stm32cube.ide.mcu.externaltools.gnu-tools-for-stm32.13.3.rel1.win32_1.0.0.202411081344/tools/bin/../lib/gcc/arm-none-eabi/13.3.1/thumb/v7e-m+fp/hard/crtn.o
 *(.fini)
 .fini          0x0800aa7c        0x4 C:/ST/STM32CubeIDE_1.19.0/STM32CubeIDE/plugins/com.st.stm32cube.ide.mcu.externaltools.gnu-tools-for-stm32.13.3.rel1.win32_1.0.0.202411081344/tools/bin/../lib/gcc/arm-none-eabi/13.3.1/thumb/v7e-m+fp/hard/crti.o
                0x0800aa7c                _fini
 .fini          0x0800aa80        0x8 C:/ST/STM32CubeIDE_1.19.0/STM32CubeIDE/plugins/com.st.stm32cube.ide.mcu.externaltools.gnu-tools-for-stm32.13.3.rel1.win32_1.0.0.202411081344/tools/bin/../lib/gcc/arm-none-eabi/13.3.1/thumb/v7e-m+fp/hard/crtn.o
                0x0800aa88                        . = ALIGN (0x4)
                0x0800aa88                        _etext = .

.vfp11_veneer   0x0800aa88        0x0
 .vfp11_veneer  0x0800aa88        0x0 linker stubs

.v4_bx          0x0800aa88        0x0
 .v4_bx         0x0800aa88        0x0 linker stubs

.iplt           0x0800aa88        0x0
 .iplt          0x0800aa88        0x0 C:/ST/STM32CubeIDE_1.19.0/STM32CubeIDE/plugins/com.st.stm32cube.ide.mcu.externaltools.gnu-tools-for-stm32.13.3.rel1.win32_1.0.0.202411081344/tools/bin/../lib/gcc/arm-none-eabi/13.3.1/thumb/v7e-m+fp/hard/crtbegin.o

.rodata         0x0800aa88       0xc0
                0x0800aa88                        . = ALIGN (0x4)
 *(.rodata)
 .rodata        0x0800aa88       0x15 ./Board/STM32F407VGT6/initTask/app_main.o
 *fill*         0x0800aa9d        0x3 
 .rodata        0x0800aaa0       0x28 ./Core/Src/freertos.o
 .rodata        0x0800aac8        0x5 ./Middlewares/Third_Party/FreeRTOS/Source/tasks.o
 *fill*         0x0800aacd        0x3 
 .rodata        0x0800aad0        0xe ./Src/Application/Src/readMagTask.o
 *(.rodata*)
 *fill*         0x0800aade        0x2 
 .rodata.AHBPrescTable
                0x0800aae0       0x10 ./Core/Src/system_stm32f4xx.o
                0x0800aae0                AHBPrescTable
 .rodata.APBPrescTable
                0x0800aaf0        0x8 ./Core/Src/system_stm32f4xx.o
                0x0800aaf0                APBPrescTable
 .rodata._ZTV8I2CSTM32
                0x0800aaf8       0x28 ./Src/Driver/DriverSTM32/Src/I2CSTM32.o
                0x0800aaf8                vtable for I2CSTM32
 .rodata._ZTV11I2CAbstract
                0x0800ab20       0x28 ./Src/Driver/DriverSTM32/Src/I2CSTM32.o
                0x0800ab20                vtable for I2CAbstract
                0x0800ab48                        . = ALIGN (0x4)

.ARM.extab      0x0800ab48        0x0
                0x0800ab48                        . = ALIGN (0x4)
 *(.ARM.extab* .gnu.linkonce.armextab.*)
                0x0800ab48                        . = ALIGN (0x4)

.ARM            0x0800ab48        0x8
                0x0800ab48                        . = ALIGN (0x4)
                0x0800ab48                        __exidx_start = .
 *(.ARM.exidx*)
 .ARM.exidx     0x0800ab48        0x8 C:/ST/STM32CubeIDE_1.19.0/STM32CubeIDE/plugins/com.st.stm32cube.ide.mcu.externaltools.gnu-tools-for-stm32.13.3.rel1.win32_1.0.0.202411081344/tools/bin/../lib/gcc/arm-none-eabi/13.3.1/thumb/v7e-m+fp/hard\libgcc.a(_udivmoddi4.o)
                0x0800ab50                        __exidx_end = .
                0x0800ab50                        . = ALIGN (0x4)

.preinit_array  0x0800ab50        0x0
                0x0800ab50                        . = ALIGN (0x4)
                0x0800ab50                        PROVIDE (__preinit_array_start = .)
 *(.preinit_array*)
                0x0800ab50                        PROVIDE (__preinit_array_end = .)
                0x0800ab50                        . = ALIGN (0x4)

.init_array     0x0800ab50        0x4
                0x0800ab50                        . = ALIGN (0x4)
                0x0800ab50                        PROVIDE (__init_array_start = .)
 *(SORT_BY_NAME(.init_array.*))
 *(.init_array*)
 .init_array    0x0800ab50        0x4 C:/ST/STM32CubeIDE_1.19.0/STM32CubeIDE/plugins/com.st.stm32cube.ide.mcu.externaltools.gnu-tools-for-stm32.13.3.rel1.win32_1.0.0.202411081344/tools/bin/../lib/gcc/arm-none-eabi/13.3.1/thumb/v7e-m+fp/hard/crtbegin.o
                0x0800ab54                        PROVIDE (__init_array_end = .)
                0x0800ab54                        . = ALIGN (0x4)

.fini_array     0x0800ab54        0x4
                0x0800ab54                        . = ALIGN (0x4)
                [!provide]                        PROVIDE (__fini_array_start = .)
 *(SORT_BY_NAME(.fini_array.*))
 *(.fini_array*)
 .fini_array    0x0800ab54        0x4 C:/ST/STM32CubeIDE_1.19.0/STM32CubeIDE/plugins/com.st.stm32cube.ide.mcu.externaltools.gnu-tools-for-stm32.13.3.rel1.win32_1.0.0.202411081344/tools/bin/../lib/gcc/arm-none-eabi/13.3.1/thumb/v7e-m+fp/hard/crtbegin.o
                [!provide]                        PROVIDE (__fini_array_end = .)
                0x0800ab58                        . = ALIGN (0x4)
                0x0800ab58                        _sidata = LOADADDR (.data)

.rel.dyn        0x0800ab58        0x0
 .rel.iplt      0x0800ab58        0x0 C:/ST/STM32CubeIDE_1.19.0/STM32CubeIDE/plugins/com.st.stm32cube.ide.mcu.externaltools.gnu-tools-for-stm32.13.3.rel1.win32_1.0.0.202411081344/tools/bin/../lib/gcc/arm-none-eabi/13.3.1/thumb/v7e-m+fp/hard/crtbegin.o

.data           0x20000000       0x84 load address 0x0800ab58
                0x20000000                        . = ALIGN (0x4)
                0x20000000                        _sdata = .
 *(.data)
 *(.data*)
 .data.SystemCoreClock
                0x20000000        0x4 ./Core/Src/system_stm32f4xx.o
                0x20000000                SystemCoreClock
 .data.uwTickPrio
                0x20000004        0x4 ./Drivers/STM32F4xx_HAL_Driver/Src/stm32f4xx_hal.o
                0x20000004                uwTickPrio
 .data.uwTickFreq
                0x20000008        0x1 ./Drivers/STM32F4xx_HAL_Driver/Src/stm32f4xx_hal.o
                0x20000008                uwTickFreq
 *fill*         0x20000009        0x3 
 .data.pFlash   0x2000000c       0x20 ./Drivers/STM32F4xx_HAL_Driver/Src/stm32f4xx_hal_flash.o
                0x2000000c                pFlash
 .data.uxCriticalNesting
                0x2000002c        0x4 ./Middlewares/Third_Party/FreeRTOS/Source/portable/GCC/ARM_CM4F/port.o
 .data._impure_ptr
                0x20000030        0x4 C:/ST/STM32CubeIDE_1.19.0/STM32CubeIDE/plugins/com.st.stm32cube.ide.mcu.externaltools.gnu-tools-for-stm32.13.3.rel1.win32_1.0.0.202411081344/tools/bin/../lib/gcc/arm-none-eabi/13.3.1/../../../../arm-none-eabi/lib/thumb/v7e-m+fp/hard\libc_nano.a(libc_a-impure.o)
                0x20000030                _impure_ptr
 .data._impure_data
                0x20000034       0x4c C:/ST/STM32CubeIDE_1.19.0/STM32CubeIDE/plugins/com.st.stm32cube.ide.mcu.externaltools.gnu-tools-for-stm32.13.3.rel1.win32_1.0.0.202411081344/tools/bin/../lib/gcc/arm-none-eabi/13.3.1/../../../../arm-none-eabi/lib/thumb/v7e-m+fp/hard\libc_nano.a(libc_a-impure.o)
                0x20000034                _impure_data
 .data.__atexit_recursive_mutex
                0x20000080        0x4 C:/ST/STM32CubeIDE_1.19.0/STM32CubeIDE/plugins/com.st.stm32cube.ide.mcu.externaltools.gnu-tools-for-stm32.13.3.rel1.win32_1.0.0.202411081344/tools/bin/../lib/gcc/arm-none-eabi/13.3.1/../../../../arm-none-eabi/lib/thumb/v7e-m+fp/hard\libc_nano.a(libc_a-__call_atexit.o)
                0x20000080                __atexit_recursive_mutex
 *(.RamFunc)
 *(.RamFunc*)
                0x20000084                        . = ALIGN (0x4)
                0x20000084                        _edata = .
                0x0800abdc                        _siccmram = LOADADDR (.ccmram)

.igot.plt       0x20000084        0x0 load address 0x0800abdc
 .igot.plt      0x20000084        0x0 C:/ST/STM32CubeIDE_1.19.0/STM32CubeIDE/plugins/com.st.stm32cube.ide.mcu.externaltools.gnu-tools-for-stm32.13.3.rel1.win32_1.0.0.202411081344/tools/bin/../lib/gcc/arm-none-eabi/13.3.1/thumb/v7e-m+fp/hard/crtbegin.o

.ccmram         0x10000000        0x0 load address 0x0800abdc
                0x10000000                        . = ALIGN (0x4)
                0x10000000                        _sccmram = .
 *(.ccmram)
 *(.ccmram*)
                0x10000000                        . = ALIGN (0x4)
                0x10000000                        _eccmram = .
                0x10000000                        . = ALIGN (0x4)

.bss            0x20000084     0x81d0
                0x20000084                        _sbss = .
                0x20000084                        __bss_start__ = _sbss
 *(.bss)
 .bss           0x20000084       0x1c C:/ST/STM32CubeIDE_1.19.0/STM32CubeIDE/plugins/com.st.stm32cube.ide.mcu.externaltools.gnu-tools-for-stm32.13.3.rel1.win32_1.0.0.202411081344/tools/bin/../lib/gcc/arm-none-eabi/13.3.1/thumb/v7e-m+fp/hard/crtbegin.o
 *(.bss*)
 .bss.magTask   0x200000a0        0x4 ./Board/STM32F407VGT6/initTask/app_main.o
                0x200000a0                magTask
 .bss.IMUTask   0x200000a4        0x4 ./Board/STM32F407VGT6/initTask/app_main.o
                0x200000a4                IMUTask
 .bss._ZZ11createTasksE4i2c1
                0x200000a8        0x8 ./Board/STM32F407VGT6/initTask/app_main.o
 .bss._ZGVZ11createTasksE4i2c1
                0x200000b0        0x4 ./Board/STM32F407VGT6/initTask/app_main.o
 .bss._ZZ11createTasksE4i2c2
                0x200000b4        0x8 ./Board/STM32F407VGT6/initTask/app_main.o
 .bss._ZGVZ11createTasksE4i2c2
                0x200000bc        0x4 ./Board/STM32F407VGT6/initTask/app_main.o
 .bss._ZZ11createTasksE3imu
                0x200000c0       0x14 ./Board/STM32F407VGT6/initTask/app_main.o
 .bss._ZGVZ11createTasksE3imu
                0x200000d4        0x4 ./Board/STM32F407VGT6/initTask/app_main.o
 .bss._ZZ11createTasksE3mag
                0x200000d8        0x4 ./Board/STM32F407VGT6/initTask/app_main.o
 .bss._ZGVZ11createTasksE3mag
                0x200000dc        0x4 ./Board/STM32F407VGT6/initTask/app_main.o
 .bss._ZZ11createTasksE7IMUTask
                0x200000e0       0x20 ./Board/STM32F407VGT6/initTask/app_main.o
 .bss._ZGVZ11createTasksE7IMUTask
                0x20000100        0x4 ./Board/STM32F407VGT6/initTask/app_main.o
 .bss._ZZ11createTasksE7magTask
                0x20000104       0x20 ./Board/STM32F407VGT6/initTask/app_main.o
 .bss._ZGVZ11createTasksE7magTask
                0x20000124        0x4 ./Board/STM32F407VGT6/initTask/app_main.o
 .bss.defaultTaskHandle
                0x20000128        0x4 ./Core/Src/freertos.o
                0x20000128                defaultTaskHandle
 .bss.xIdleTaskTCBBuffer
                0x2000012c       0x54 ./Core/Src/freertos.o
 .bss.xIdleStack
                0x20000180      0x200 ./Core/Src/freertos.o
 .bss.hi2c1     0x20000380       0x54 ./Core/Src/i2c.o
                0x20000380                hi2c1
 .bss.hi2c2     0x200003d4       0x54 ./Core/Src/i2c.o
                0x200003d4                hi2c2
 .bss.hsd       0x20000428       0x84 ./Core/Src/sdio.o
                0x20000428                hsd
 .bss.htim14    0x200004ac       0x48 ./Core/Src/stm32f4xx_hal_timebase_tim.o
                0x200004ac                htim14
 .bss.__sbrk_heap_end
                0x200004f4        0x4 ./Core/Src/sysmem.o
 .bss.htim1     0x200004f8       0x48 ./Core/Src/tim.o
                0x200004f8                htim1
 .bss.htim2     0x20000540       0x48 ./Core/Src/tim.o
                0x20000540                htim2
 .bss.htim4     0x20000588       0x48 ./Core/Src/tim.o
                0x20000588                htim4
 .bss.huart4    0x200005d0       0x48 ./Core/Src/usart.o
                0x200005d0                huart4
 .bss.huart1    0x20000618       0x48 ./Core/Src/usart.o
                0x20000618                huart1
 .bss.huart2    0x20000660       0x48 ./Core/Src/usart.o
                0x20000660                huart2
 .bss.uwTick    0x200006a8        0x4 ./Drivers/STM32F4xx_HAL_Driver/Src/stm32f4xx_hal.o
                0x200006a8                uwTick
 .bss.pxCurrentTCB
                0x200006ac        0x4 ./Middlewares/Third_Party/FreeRTOS/Source/tasks.o
                0x200006ac                pxCurrentTCB
 .bss.pxReadyTasksLists
                0x200006b0       0x8c ./Middlewares/Third_Party/FreeRTOS/Source/tasks.o
 .bss.xDelayedTaskList1
                0x2000073c       0x14 ./Middlewares/Third_Party/FreeRTOS/Source/tasks.o
 .bss.xDelayedTaskList2
                0x20000750       0x14 ./Middlewares/Third_Party/FreeRTOS/Source/tasks.o
 .bss.pxDelayedTaskList
                0x20000764        0x4 ./Middlewares/Third_Party/FreeRTOS/Source/tasks.o
 .bss.pxOverflowDelayedTaskList
                0x20000768        0x4 ./Middlewares/Third_Party/FreeRTOS/Source/tasks.o
 .bss.xPendingReadyList
                0x2000076c       0x14 ./Middlewares/Third_Party/FreeRTOS/Source/tasks.o
 .bss.xTasksWaitingTermination
                0x20000780       0x14 ./Middlewares/Third_Party/FreeRTOS/Source/tasks.o
 .bss.uxDeletedTasksWaitingCleanUp
                0x20000794        0x4 ./Middlewares/Third_Party/FreeRTOS/Source/tasks.o
 .bss.xSuspendedTaskList
                0x20000798       0x14 ./Middlewares/Third_Party/FreeRTOS/Source/tasks.o
 .bss.uxCurrentNumberOfTasks
                0x200007ac        0x4 ./Middlewares/Third_Party/FreeRTOS/Source/tasks.o
 .bss.xTickCount
                0x200007b0        0x4 ./Middlewares/Third_Party/FreeRTOS/Source/tasks.o
 .bss.uxTopReadyPriority
                0x200007b4        0x4 ./Middlewares/Third_Party/FreeRTOS/Source/tasks.o
 .bss.xSchedulerRunning
                0x200007b8        0x4 ./Middlewares/Third_Party/FreeRTOS/Source/tasks.o
 .bss.xPendedTicks
                0x200007bc        0x4 ./Middlewares/Third_Party/FreeRTOS/Source/tasks.o
 .bss.xYieldPending
                0x200007c0        0x4 ./Middlewares/Third_Party/FreeRTOS/Source/tasks.o
 .bss.xNumOfOverflows
                0x200007c4        0x4 ./Middlewares/Third_Party/FreeRTOS/Source/tasks.o
 .bss.uxTaskNumber
                0x200007c8        0x4 ./Middlewares/Third_Party/FreeRTOS/Source/tasks.o
 .bss.xNextTaskUnblockTime
                0x200007cc        0x4 ./Middlewares/Third_Party/FreeRTOS/Source/tasks.o
 .bss.xIdleTaskHandle
                0x200007d0        0x4 ./Middlewares/Third_Party/FreeRTOS/Source/tasks.o
 .bss.uxSchedulerSuspended
                0x200007d4        0x4 ./Middlewares/Third_Party/FreeRTOS/Source/tasks.o
 .bss.ucMaxSysCallPriority
                0x200007d8        0x1 ./Middlewares/Third_Party/FreeRTOS/Source/portable/GCC/ARM_CM4F/port.o
 *fill*         0x200007d9        0x3 
 .bss.ulMaxPRIGROUPValue
                0x200007dc        0x4 ./Middlewares/Third_Party/FreeRTOS/Source/portable/GCC/ARM_CM4F/port.o
 .bss.ucHeap    0x200007e0     0x7800 ./Middlewares/Third_Party/FreeRTOS/Source/portable/MemMang/heap_4.o
 .bss.xStart    0x20007fe0        0x8 ./Middlewares/Third_Party/FreeRTOS/Source/portable/MemMang/heap_4.o
 .bss.pxEnd     0x20007fe8        0x4 ./Middlewares/Third_Party/FreeRTOS/Source/portable/MemMang/heap_4.o
 .bss.xFreeBytesRemaining
                0x20007fec        0x4 ./Middlewares/Third_Party/FreeRTOS/Source/portable/MemMang/heap_4.o
 .bss.xMinimumEverFreeBytesRemaining
                0x20007ff0        0x4 ./Middlewares/Third_Party/FreeRTOS/Source/portable/MemMang/heap_4.o
 .bss.xNumberOfSuccessfulAllocations
                0x20007ff4        0x4 ./Middlewares/Third_Party/FreeRTOS/Source/portable/MemMang/heap_4.o
 .bss.xNumberOfSuccessfulFrees
                0x20007ff8        0x4 ./Middlewares/Third_Party/FreeRTOS/Source/portable/MemMang/heap_4.o
 .bss.xBlockAllocatedBit
                0x20007ffc        0x4 ./Middlewares/Third_Party/FreeRTOS/Source/portable/MemMang/heap_4.o
 .bss.EKFTaskQueueSet
                0x20008000        0x4 ./Src/Application/Src/common.o
                0x20008000                EKFTaskQueueSet
 .bss.memoryTaskQueueSet
                0x20008004        0x4 ./Src/Application/Src/common.o
                0x20008004                memoryTaskQueueSet
 .bss.GCSTaskQueueSet
                0x20008008        0x4 ./Src/Application/Src/common.o
                0x20008008                GCSTaskQueueSet
 .bss.PIDTaskQueueSet
                0x2000800c        0x4 ./Src/Application/Src/common.o
                0x2000800c                PIDTaskQueueSet
 .bss.FLTaskQueueSet
                0x20008010        0x4 ./Src/Application/Src/common.o
                0x20008010                FLTaskQueueSet
 .bss.semaReadGPSIMUTask
                0x20008014        0x4 ./Src/Application/Src/common.o
                0x20008014                semaReadGPSIMUTask
 .bss.semaReadIMUTask
                0x20008018        0x4 ./Src/Application/Src/common.o
                0x20008018                semaReadIMUTask
 .bss.semaReadMagTask
                0x2000801c        0x4 ./Src/Application/Src/common.o
                0x2000801c                semaReadMagTask
 .bss.semaReadPreTask
                0x20008020        0x4 ./Src/Application/Src/common.o
                0x20008020                semaReadPreTask
 .bss.semareadBatTask
                0x20008024        0x4 ./Src/Application/Src/common.o
                0x20008024                semareadBatTask
 .bss.semaEKFTask
                0x20008028        0x4 ./Src/Application/Src/common.o
                0x20008028                semaEKFTask
 .bss.semaGCSTask
                0x2000802c        0x4 ./Src/Application/Src/common.o
                0x2000802c                semaGCSTask
 .bss.semaFLTask
                0x20008030        0x4 ./Src/Application/Src/common.o
                0x20008030                semaFLTask
 .bss.semaPIDTask
                0x20008034        0x4 ./Src/Application/Src/common.o
                0x20008034                semaPIDTask
 .bss.semaMemoryTak
                0x20008038        0x4 ./Src/Application/Src/common.o
                0x20008038                semaMemoryTak
 .bss.queueGPSToMemory
                0x2000803c        0x4 ./Src/Application/Src/common.o
                0x2000803c                queueGPSToMemory
 .bss.queueGPSToEKF
                0x20008040        0x4 ./Src/Application/Src/common.o
                0x20008040                queueGPSToEKF
 .bss.queueIMUToMemory
                0x20008044        0x4 ./Src/Application/Src/common.o
                0x20008044                queueIMUToMemory
 .bss.queueIMUToEKF
                0x20008048        0x4 ./Src/Application/Src/common.o
                0x20008048                queueIMUToEKF
 .bss.queueMagToMemory
                0x2000804c        0x4 ./Src/Application/Src/common.o
                0x2000804c                queueMagToMemory
 .bss.queueMagToEKF
                0x20008050        0x4 ./Src/Application/Src/common.o
                0x20008050                queueMagToEKF
 .bss.queuePreToMemory
                0x20008054        0x4 ./Src/Application/Src/common.o
                0x20008054                queuePreToMemory
 .bss.queuePreToEKF
                0x20008058        0x4 ./Src/Application/Src/common.o
                0x20008058                queuePreToEKF
 .bss.queueBatToMemory
                0x2000805c        0x4 ./Src/Application/Src/common.o
                0x2000805c                queueBatToMemory
 .bss.queueBatToPID
                0x20008060        0x4 ./Src/Application/Src/common.o
                0x20008060                queueBatToPID
 .bss.queueEKFToGCS
                0x20008064        0x4 ./Src/Application/Src/common.o
                0x20008064                queueEKFToGCS
 .bss.queueEKFToPID
                0x20008068        0x4 ./Src/Application/Src/common.o
                0x20008068                queueEKFToPID
 .bss.queuePIDToGCS
                0x2000806c        0x4 ./Src/Application/Src/common.o
                0x2000806c                queuePIDToGCS
 .bss.queueGCSToFL
                0x20008070        0x4 ./Src/Application/Src/common.o
                0x20008070                queueGCSToFL
 .bss.queueISRRCToFL
                0x20008074        0x4 ./Src/Application/Src/common.o
                0x20008074                queueISRRCToFL
 .bss.queueFLToPID
                0x20008078        0x4 ./Src/Application/Src/common.o
                0x20008078                queueFLToPID
 .bss.__malloc_sbrk_start
                0x2000807c        0x4 C:/ST/STM32CubeIDE_1.19.0/STM32CubeIDE/plugins/com.st.stm32cube.ide.mcu.externaltools.gnu-tools-for-stm32.13.3.rel1.win32_1.0.0.202411081344/tools/bin/../lib/gcc/arm-none-eabi/13.3.1/../../../../arm-none-eabi/lib/thumb/v7e-m+fp/hard\libc_nano.a(libc_a-mallocr.o)
                0x2000807c                __malloc_sbrk_start
 .bss.__malloc_free_list
                0x20008080        0x4 C:/ST/STM32CubeIDE_1.19.0/STM32CubeIDE/plugins/com.st.stm32cube.ide.mcu.externaltools.gnu-tools-for-stm32.13.3.rel1.win32_1.0.0.202411081344/tools/bin/../lib/gcc/arm-none-eabi/13.3.1/../../../../arm-none-eabi/lib/thumb/v7e-m+fp/hard\libc_nano.a(libc_a-mallocr.o)
                0x20008080                __malloc_free_list
 .bss.__sf      0x20008084      0x138 C:/ST/STM32CubeIDE_1.19.0/STM32CubeIDE/plugins/com.st.stm32cube.ide.mcu.externaltools.gnu-tools-for-stm32.13.3.rel1.win32_1.0.0.202411081344/tools/bin/../lib/gcc/arm-none-eabi/13.3.1/../../../../arm-none-eabi/lib/thumb/v7e-m+fp/hard\libc_nano.a(libc_a-findfp.o)
                0x20008084                __sf
 .bss.errno     0x200081bc        0x4 C:/ST/STM32CubeIDE_1.19.0/STM32CubeIDE/plugins/com.st.stm32cube.ide.mcu.externaltools.gnu-tools-for-stm32.13.3.rel1.win32_1.0.0.202411081344/tools/bin/../lib/gcc/arm-none-eabi/13.3.1/../../../../arm-none-eabi/lib/thumb/v7e-m+fp/hard\libc_nano.a(libc_a-reent.o)
                0x200081bc                errno
 .bss.__lock___malloc_recursive_mutex
                0x200081c0        0x1 C:/ST/STM32CubeIDE_1.19.0/STM32CubeIDE/plugins/com.st.stm32cube.ide.mcu.externaltools.gnu-tools-for-stm32.13.3.rel1.win32_1.0.0.202411081344/tools/bin/../lib/gcc/arm-none-eabi/13.3.1/../../../../arm-none-eabi/lib/thumb/v7e-m+fp/hard\libc_nano.a(libc_a-lock.o)
                0x200081c0                __lock___malloc_recursive_mutex
 .bss.__lock___atexit_recursive_mutex
                0x200081c1        0x1 C:/ST/STM32CubeIDE_1.19.0/STM32CubeIDE/plugins/com.st.stm32cube.ide.mcu.externaltools.gnu-tools-for-stm32.13.3.rel1.win32_1.0.0.202411081344/tools/bin/../lib/gcc/arm-none-eabi/13.3.1/../../../../arm-none-eabi/lib/thumb/v7e-m+fp/hard\libc_nano.a(libc_a-lock.o)
                0x200081c1                __lock___atexit_recursive_mutex
 *fill*         0x200081c2        0x2 
 .bss.__atexit0
                0x200081c4       0x8c C:/ST/STM32CubeIDE_1.19.0/STM32CubeIDE/plugins/com.st.stm32cube.ide.mcu.externaltools.gnu-tools-for-stm32.13.3.rel1.win32_1.0.0.202411081344/tools/bin/../lib/gcc/arm-none-eabi/13.3.1/../../../../arm-none-eabi/lib/thumb/v7e-m+fp/hard\libc_nano.a(libc_a-__atexit.o)
                0x200081c4                __atexit0
 .bss.__atexit  0x20008250        0x4 C:/ST/STM32CubeIDE_1.19.0/STM32CubeIDE/plugins/com.st.stm32cube.ide.mcu.externaltools.gnu-tools-for-stm32.13.3.rel1.win32_1.0.0.202411081344/tools/bin/../lib/gcc/arm-none-eabi/13.3.1/../../../../arm-none-eabi/lib/thumb/v7e-m+fp/hard\libc_nano.a(libc_a-__call_atexit.o)
                0x20008250                __atexit
 *(COMMON)
                0x20008254                        . = ALIGN (0x4)
                0x20008254                        _ebss = .
                0x20008254                        __bss_end__ = _ebss

._user_heap_stack
                0x20008254      0x604
                0x20008258                        . = ALIGN (0x8)
 *fill*         0x20008254        0x4 
                [!provide]                        PROVIDE (end = .)
                0x20008258                        PROVIDE (_end = .)
                0x20008458                        . = (. + _Min_Heap_Size)
 *fill*         0x20008258      0x200 
                0x20008858                        . = (. + _Min_Stack_Size)
 *fill*         0x20008458      0x400 
                0x20008858                        . = ALIGN (0x8)

/DISCARD/
 libc.a(*)
 libm.a(*)
 libgcc.a(*)

.ARM.attributes
                0x00000000       0x30
 *(.ARM.attributes)
 .ARM.attributes
                0x00000000       0x22 C:/ST/STM32CubeIDE_1.19.0/STM32CubeIDE/plugins/com.st.stm32cube.ide.mcu.externaltools.gnu-tools-for-stm32.13.3.rel1.win32_1.0.0.202411081344/tools/bin/../lib/gcc/arm-none-eabi/13.3.1/thumb/v7e-m+fp/hard/crti.o
 .ARM.attributes
                0x00000022       0x34 C:/ST/STM32CubeIDE_1.19.0/STM32CubeIDE/plugins/com.st.stm32cube.ide.mcu.externaltools.gnu-tools-for-stm32.13.3.rel1.win32_1.0.0.202411081344/tools/bin/../lib/gcc/arm-none-eabi/13.3.1/thumb/v7e-m+fp/hard/crtbegin.o
 .ARM.attributes
                0x00000056       0x34 ./Board/STM32F407VGT6/initTask/app_main.o
 .ARM.attributes
                0x0000008a       0x34 ./Core/Src/freertos.o
 .ARM.attributes
                0x000000be       0x34 ./Core/Src/gpio.o
 .ARM.attributes
                0x000000f2       0x34 ./Core/Src/i2c.o
 .ARM.attributes
                0x00000126       0x34 ./Core/Src/main.o
 .ARM.attributes
                0x0000015a       0x34 ./Core/Src/sdio.o
 .ARM.attributes
                0x0000018e       0x34 ./Core/Src/stm32f4xx_hal_msp.o
 .ARM.attributes
                0x000001c2       0x34 ./Core/Src/stm32f4xx_hal_timebase_tim.o
 .ARM.attributes
                0x000001f6       0x34 ./Core/Src/stm32f4xx_it.o
 .ARM.attributes
                0x0000022a       0x34 ./Core/Src/sysmem.o
 .ARM.attributes
                0x0000025e       0x34 ./Core/Src/system_stm32f4xx.o
 .ARM.attributes
                0x00000292       0x34 ./Core/Src/tim.o
 .ARM.attributes
                0x000002c6       0x34 ./Core/Src/usart.o
 .ARM.attributes
                0x000002fa       0x21 ./Core/Startup/startup_stm32f407vgtx.o
 .ARM.attributes
                0x0000031b       0x34 ./Drivers/STM32F4xx_HAL_Driver/Src/stm32f4xx_hal.o
 .ARM.attributes
                0x0000034f       0x34 ./Drivers/STM32F4xx_HAL_Driver/Src/stm32f4xx_hal_cortex.o
 .ARM.attributes
                0x00000383       0x34 ./Drivers/STM32F4xx_HAL_Driver/Src/stm32f4xx_hal_dma.o
 .ARM.attributes
                0x000003b7       0x34 ./Drivers/STM32F4xx_HAL_Driver/Src/stm32f4xx_hal_flash.o
 .ARM.attributes
                0x000003eb       0x34 ./Drivers/STM32F4xx_HAL_Driver/Src/stm32f4xx_hal_flash_ex.o
 .ARM.attributes