Archive member included to satisfy reference by file (symbol)

C:/ST/STM32CubeIDE_1.19.0/STM32CubeIDE/plugins/com.st.stm32cube.ide.mcu.externaltools.gnu-tools-for-stm32.13.3.rel1.win32_1.0.0.202411081344/tools/bin/../lib/gcc/arm-none-eabi/13.3.1/../../../../arm-none-eabi/lib/thumb/v7e-m+fp/hard\libstdc++_nano.a(del_ops.o)
                              ./Src/Driver/DriverSTM32/Src/I2CSTM32.o (operator delete(void*, unsigned int))
C:/ST/STM32CubeIDE_1.19.0/STM32CubeIDE/plugins/com.st.stm32cube.ide.mcu.externaltools.gnu-tools-for-stm32.13.3.rel1.win32_1.0.0.202411081344/tools/bin/../lib/gcc/arm-none-eabi/13.3.1/../../../../arm-none-eabi/lib/thumb/v7e-m+fp/hard\libstdc++_nano.a(del_op.o)
                              C:/ST/STM32CubeIDE_1.19.0/STM32CubeIDE/plugins/com.st.stm32cube.ide.mcu.externaltools.gnu-tools-for-stm32.13.3.rel1.win32_1.0.0.202411081344/tools/bin/../lib/gcc/arm-none-eabi/13.3.1/../../../../arm-none-eabi/lib/thumb/v7e-m+fp/hard\libstdc++_nano.a(del_ops.o) (operator delete(void*))
C:/ST/STM32CubeIDE_1.19.0/STM32CubeIDE/plugins/com.st.stm32cube.ide.mcu.externaltools.gnu-tools-for-stm32.13.3.rel1.win32_1.0.0.202411081344/tools/bin/../lib/gcc/arm-none-eabi/13.3.1/../../../../arm-none-eabi/lib/thumb/v7e-m+fp/hard\libc_nano.a(libc_a-exit.o)
                              C:/ST/STM32CubeIDE_1.19.0/STM32CubeIDE/plugins/com.st.stm32cube.ide.mcu.externaltools.gnu-tools-for-stm32.13.3.rel1.win32_1.0.0.202411081344/tools/bin/../lib/gcc/arm-none-eabi/13.3.1/../../../../arm-none-eabi/lib/thumb/v7e-m+fp/hard/crt0.o (exit)
C:/ST/STM32CubeIDE_1.19.0/STM32CubeIDE/plugins/com.st.stm32cube.ide.mcu.externaltools.gnu-tools-for-stm32.13.3.rel1.win32_1.0.0.202411081344/tools/bin/../lib/gcc/arm-none-eabi/13.3.1/../../../../arm-none-eabi/lib/thumb/v7e-m+fp/hard\libc_nano.a(libc_a-malloc.o)
                              C:/ST/STM32CubeIDE_1.19.0/STM32CubeIDE/plugins/com.st.stm32cube.ide.mcu.externaltools.gnu-tools-for-stm32.13.3.rel1.win32_1.0.0.202411081344/tools/bin/../lib/gcc/arm-none-eabi/13.3.1/../../../../arm-none-eabi/lib/thumb/v7e-m+fp/hard\libstdc++_nano.a(del_op.o) (free)
C:/ST/STM32CubeIDE_1.19.0/STM32CubeIDE/plugins/com.st.stm32cube.ide.mcu.externaltools.gnu-tools-for-stm32.13.3.rel1.win32_1.0.0.202411081344/tools/bin/../lib/gcc/arm-none-eabi/13.3.1/../../../../arm-none-eabi/lib/thumb/v7e-m+fp/hard\libc_nano.a(libc_a-mallocr.o)
                              C:/ST/STM32CubeIDE_1.19.0/STM32CubeIDE/plugins/com.st.stm32cube.ide.mcu.externaltools.gnu-tools-for-stm32.13.3.rel1.win32_1.0.0.202411081344/tools/bin/../lib/gcc/arm-none-eabi/13.3.1/../../../../arm-none-eabi/lib/thumb/v7e-m+fp/hard\libc_nano.a(libc_a-malloc.o) (_malloc_r)
C:/ST/STM32CubeIDE_1.19.0/STM32CubeIDE/plugins/com.st.stm32cube.ide.mcu.externaltools.gnu-tools-for-stm32.13.3.rel1.win32_1.0.0.202411081344/tools/bin/../lib/gcc/arm-none-eabi/13.3.1/../../../../arm-none-eabi/lib/thumb/v7e-m+fp/hard\libc_nano.a(libc_a-mlock.o)
                              C:/ST/STM32CubeIDE_1.19.0/STM32CubeIDE/plugins/com.st.stm32cube.ide.mcu.externaltools.gnu-tools-for-stm32.13.3.rel1.win32_1.0.0.202411081344/tools/bin/../lib/gcc/arm-none-eabi/13.3.1/../../../../arm-none-eabi/lib/thumb/v7e-m+fp/hard\libc_nano.a(libc_a-mallocr.o) (__malloc_lock)
C:/ST/STM32CubeIDE_1.19.0/STM32CubeIDE/plugins/com.st.stm32cube.ide.mcu.externaltools.gnu-tools-for-stm32.13.3.rel1.win32_1.0.0.202411081344/tools/bin/../lib/gcc/arm-none-eabi/13.3.1/../../../../arm-none-eabi/lib/thumb/v7e-m+fp/hard\libc_nano.a(libc_a-findfp.o)
                              C:/ST/STM32CubeIDE_1.19.0/STM32CubeIDE/plugins/com.st.stm32cube.ide.mcu.externaltools.gnu-tools-for-stm32.13.3.rel1.win32_1.0.0.202411081344/tools/bin/../lib/gcc/arm-none-eabi/13.3.1/../../../../arm-none-eabi/lib/thumb/v7e-m+fp/hard\libc_nano.a(libc_a-exit.o) (__stdio_exit_handler)
C:/ST/STM32CubeIDE_1.19.0/STM32CubeIDE/plugins/com.st.stm32cube.ide.mcu.externaltools.gnu-tools-for-stm32.13.3.rel1.win32_1.0.0.202411081344/tools/bin/../lib/gcc/arm-none-eabi/13.3.1/../../../../arm-none-eabi/lib/thumb/v7e-m+fp/hard\libc_nano.a(libc_a-fwalk.o)
                              C:/ST/STM32CubeIDE_1.19.0/STM32CubeIDE/plugins/com.st.stm32cube.ide.mcu.externaltools.gnu-tools-for-stm32.13.3.rel1.win32_1.0.0.202411081344/tools/bin/../lib/gcc/arm-none-eabi/13.3.1/../../../../arm-none-eabi/lib/thumb/v7e-m+fp/hard\libc_nano.a(libc_a-findfp.o) (_fwalk_sglue)
C:/ST/STM32CubeIDE_1.19.0/STM32CubeIDE/plugins/com.st.stm32cube.ide.mcu.externaltools.gnu-tools-for-stm32.13.3.rel1.win32_1.0.0.202411081344/tools/bin/../lib/gcc/arm-none-eabi/13.3.1/../../../../arm-none-eabi/lib/thumb/v7e-m+fp/hard\libc_nano.a(libc_a-stdio.o)
                              C:/ST/STM32CubeIDE_1.19.0/STM32CubeIDE/plugins/com.st.stm32cube.ide.mcu.externaltools.gnu-tools-for-stm32.13.3.rel1.win32_1.0.0.202411081344/tools/bin/../lib/gcc/arm-none-eabi/13.3.1/../../../../arm-none-eabi/lib/thumb/v7e-m+fp/hard\libc_nano.a(libc_a-findfp.o) (__sread)
[...]
Memory Configuration

Name             Origin             Length             Attributes
CCMRAM           0x10000000         0x00010000         xrw
RAM              0x20000000         0x00020000         xrw
FLASH            0x08000000         0x00100000         xr
*default*        0x00000000         0xffffffff

Linker script and memory map

LOAD C:/ST/STM32CubeIDE_1.19.0/STM32CubeIDE/plugins/com.st.stm32cube.ide.mcu.externaltools.gnu-tools-for-stm32.13.3.rel1.win32_1.0.0.202411081344/tools/bin/../lib/gcc/arm-none-eabi/13.3.1/thumb/v7e-m+fp/hard/crti.o
LOAD C:/ST/STM32CubeIDE_1.19.0/STM32CubeIDE/plugins/com.st.stm32cube.ide.mcu.externaltools.gnu-tools-for-stm32.13.3.rel1.win32_1.0.0.202411081344/tools/bin/../lib/gcc/arm-none-eabi/13.3.1/thumb/v7e-m+fp/hard/crtbegin.o
LOAD C:/ST/STM32CubeIDE_1.19.0/STM32CubeIDE/plugins/com.st.stm32cube.ide.mcu.externaltools.gnu-tools-for-stm32.13.3.rel1.win32_1.0.0.202411081344/tools/bin/../lib/gcc/arm-none-eabi/13.3.1/../../../../arm-none-eabi/lib/thumb/v7e-m+fp/hard/crt0.o
LOAD ./Core/Src/gpio.o
LOAD ./Core/Src/i2c.o
LOAD ./Core/Src/main.o
LOAD ./Core/Src/sdio.o
LOAD ./Core/Src/stm32f4xx_hal_msp.o
LOAD ./Core/Src/stm32f4xx_hal_timebase_tim.o
LOAD ./Core/Src/stm32f4xx_it.o
LOAD ./Core/Src/syscalls.o
LOAD ./Core/Src/sysmem.o
LOAD ./Core/Src/system_stm32f4xx.o
LOAD ./Core/Src/tim.o
LOAD ./Core/Src/usart.o
LOAD ./Core/Startup/startup_stm32f407vgtx.o
LOAD ./Drivers/STM32F4xx_HAL_Driver/Src/stm32f4xx_hal.o
LOAD ./Drivers/STM32F4xx_HAL_Driver/Src/stm32f4xx_hal_cortex.o
LOAD ./Drivers/STM32F4xx_HAL_Driver/Src/stm32f4xx_hal_dma.o
LOAD ./Drivers/STM32F4xx_HAL_Driver/Src/stm32f4xx_hal_dma_ex.o
LOAD ./Drivers/STM32F4xx_HAL_Driver/Src/stm32f4xx_hal_exti.o
LOAD ./Drivers/STM32F4xx_HAL_Driver/Src/stm32f4xx_hal_flash.o
LOAD ./Drivers/STM32F4xx_HAL_Driver/Src/stm32f4xx_hal_flash_ex.o
LOAD ./Drivers/STM32F4xx_HAL_Driver/Src/stm32f4xx_hal_flash_ramfunc.o
LOAD ./Drivers/STM32F4xx_HAL_Driver/Src/stm32f4xx_hal_gpio.o
LOAD ./Drivers/STM32F4xx_HAL_Driver/Src/stm32f4xx_hal_i2c.o
LOAD ./Drivers/STM32F4xx_HAL_Driver/Src/stm32f4xx_hal_i2c_ex.o
LOAD ./Drivers/STM32F4xx_HAL_Driver/Src/stm32f4xx_hal_mmc.o
LOAD ./Drivers/STM32F4xx_HAL_Driver/Src/stm32f4xx_hal_pwr.o
LOAD ./Drivers/STM32F4xx_HAL_Driver/Src/stm32f4xx_hal_pwr_ex.o
LOAD ./Drivers/STM32F4xx_HAL_Driver/Src/stm32f4xx_hal_rcc.o
LOAD ./Drivers/STM32F4xx_HAL_Driver/Src/stm32f4xx_hal_rcc_ex.o
LOAD ./Drivers/STM32F4xx_HAL_Driver/Src/stm32f4xx_hal_sd.o
LOAD ./Drivers/STM32F4xx_HAL_Driver/Src/stm32f4xx_hal_tim.o
LOAD ./Drivers/STM32F4xx_HAL_Driver/Src/stm32f4xx_hal_tim_ex.o
LOAD ./Drivers/STM32F4xx_HAL_Driver/Src/stm32f4xx_hal_uart.o
LOAD ./Drivers/STM32F4xx_HAL_Driver/Src/stm32f4xx_ll_sdmmc.o
LOAD ./Src/Driver/DriverSTM32/Src/I2CSTM32.o
LOAD ./Src/Driver/DriverSTM32/Src/uartSTM32.o
LOAD ./Src/Include/common/common.o
LOAD ./Src/Module/Device_driver/GPS/gpsDevice.o
LOAD ./Src/Module/Device_driver/MPU/mpu6050.o
START GROUP
LOAD C:/ST/STM32CubeIDE_1.19.0/STM32CubeIDE/plugins/com.st.stm32cube.ide.mcu.externaltools.gnu-tools-for-stm32.13.3.rel1.win32_1.0.0.202411081344/tools/bin/../lib/gcc/arm-none-eabi/13.3.1/../../../../arm-none-eabi/lib/thumb/v7e-m+fp/hard\libstdc++_nano.a
LOAD C:/ST/STM32CubeIDE_1.19.0/STM32CubeIDE/plugins/com.st.stm32cube.ide.mcu.externaltools.gnu-tools-for-stm32.13.3.rel1.win32_1.0.0.202411081344/tools/bin/../lib/gcc/arm-none-eabi/13.3.1/../../../../arm-none-eabi/lib/thumb/v7e-m+fp/hard\libsupc++_nano.a
END GROUP
LOAD C:/ST/STM32CubeIDE_1.19.0/STM32CubeIDE/plugins/com.st.stm32cube.ide.mcu.externaltools.gnu-tools-for-stm32.13.3.rel1.win32_1.0.0.202411081344/tools/bin/../lib/gcc/arm-none-eabi/13.3.1/../../../../arm-none-eabi/lib/thumb/v7e-m+fp/hard\libstdc++_nano.a
LOAD C:/ST/STM32CubeIDE_1.19.0/STM32CubeIDE/plugins/com.st.stm32cube.ide.mcu.externaltools.gnu-tools-for-stm32.13.3.rel1.win32_1.0.0.202411081344/tools/bin/../lib/gcc/arm-none-eabi/13.3.1/../../../../arm-none-eabi/lib/thumb/v7e-m+fp/hard\libm.a
LOAD C:/ST/STM32CubeIDE_1.19.0/STM32CubeIDE/plugins/com.st.stm32cube.ide.mcu.externaltools.gnu-tools-for-stm32.13.3.rel1.win32_1.0.0.202411081344/tools/bin/../lib/gcc/arm-none-eabi/13.3.1/../../../../arm-none-eabi/lib/thumb/v7e-m+fp/hard\libc_nano.a
START GROUP
LOAD C:/ST/STM32CubeIDE_1.19.0/STM32CubeIDE/plugins/com.st.stm32cube.ide.mcu.externaltools.gnu-tools-for-stm32.13.3.rel1.win32_1.0.0.202411081344/tools/bin/../lib/gcc/arm-none-eabi/13.3.1/thumb/v7e-m+fp/hard\libgcc.a
LOAD C:/ST/STM32CubeIDE_1.19.0/STM32CubeIDE/plugins/com.st.stm32cube.ide.mcu.externaltools.gnu-tools-for-stm32.13.3.rel1.win32_1.0.0.202411081344/tools/bin/../lib/gcc/arm-none-eabi/13.3.1/../../../../arm-none-eabi/lib/thumb/v7e-m+fp/hard\libc_nano.a
END GROUP
START GROUP
LOAD C:/ST/STM32CubeIDE_1.19.0/STM32CubeIDE/plugins/com.st.stm32cube.ide.mcu.externaltools.gnu-tools-for-stm32.13.3.rel1.win32_1.0.0.202411081344/tools/bin/../lib/gcc/arm-none-eabi/13.3.1/thumb/v7e-m+fp/hard\libgcc.a
LOAD C:/ST/STM32CubeIDE_1.19.0/STM32CubeIDE/plugins/com.st.stm32cube.ide.mcu.externaltools.gnu-tools-for-stm32.13.3.rel1.win32_1.0.0.202411081344/tools/bin/../lib/gcc/arm-none-eabi/13.3.1/../../../../arm-none-eabi/lib/thumb/v7e-m+fp/hard\libc_nano.a
LOAD C:/ST/STM32CubeIDE_1.19.0/STM32CubeIDE/plugins/com.st.stm32cube.ide.mcu.externaltools.gnu-tools-for-stm32.13.3.rel1.win32_1.0.0.202411081344/tools/bin/../lib/gcc/arm-none-eabi/13.3.1/../../../../arm-none-eabi/lib/thumb/v7e-m+fp/hard\libnosys.a
END GROUP
START GROUP
LOAD C:/ST/STM32CubeIDE_1.19.0/STM32CubeIDE/plugins/com.st.stm32cube.ide.mcu.externaltools.gnu-tools-for-stm32.13.3.rel1.win32_1.0.0.202411081344/tools/bin/../lib/gcc/arm-none-eabi/13.3.1/thumb/v7e-m+fp/hard\libgcc.a
LOAD C:/ST/STM32CubeIDE_1.19.0/STM32CubeIDE/plugins/com.st.stm32cube.ide.mcu.externaltools.gnu-tools-for-stm32.13.3.rel1.win32_1.0.0.202411081344/tools/bin/../lib/gcc/arm-none-eabi/13.3.1/../../../../arm-none-eabi/lib/thumb/v7e-m+fp/hard\libc_nano.a
LOAD C:/ST/STM32CubeIDE_1.19.0/STM32CubeIDE/plugins/com.st.stm32cube.ide.mcu.externaltools.gnu-tools-for-stm32.13.3.rel1.win32_1.0.0.202411081344/tools/bin/../lib/gcc/arm-none-eabi/13.3.1/../../../../arm-none-eabi/lib/thumb/v7e-m+fp/hard\libnosys.a
END GROUP
LOAD C:/ST/STM32CubeIDE_1.19.0/STM32CubeIDE/plugins/com.st.stm32cube.ide.mcu.externaltools.gnu-tools-for-stm32.13.3.rel1.win32_1.0.0.202411081344/tools/bin/../lib/gcc/arm-none-eabi/13.3.1/thumb/v7e-m+fp/hard/crtend.o
LOAD C:/ST/STM32CubeIDE_1.19.0/STM32CubeIDE/plugins/com.st.stm32cube.ide.mcu.externaltools.gnu-tools-for-stm32.13.3.rel1.win32_1.0.0.202411081344/tools/bin/../lib/gcc/arm-none-eabi/13.3.1/thumb/v7e-m+fp/hard/crtn.o
                0x20020000                        _estack = (ORIGIN (RAM) + LENGTH (RAM))
                0x00000200                        _Min_Heap_Size = 0x200
                0x00000400                        _Min_Stack_Size = 0x400

.isr_vector     0x08000000      0x188
                0x08000000                        . = ALIGN (0x4)
 *(.isr_vector)
 .isr_vector    0x08000000      0x188 ./Core/Startup/startup_stm32f407vgtx.o
                0x08000000                g_pfnVectors
                0x08000188                        . = ALIGN (0x4)

.text           0x08000188     0x4f30
                0x08000188                        . = ALIGN (0x4)
 *(.text)
 .text          0x08000188       0x40 C:/ST/STM32CubeIDE_1.19.0/STM32CubeIDE/plugins/com.st.stm32cube.ide.mcu.externaltools.gnu-tools-for-stm32.13.3.rel1.win32_1.0.0.202411081344/tools/bin/../lib/gcc/arm-none-eabi/13.3.1/thumb/v7e-m+fp/hard/crtbegin.o
 .text          0x080001c8       0x30 C:/ST/STM32CubeIDE_1.19.0/STM32CubeIDE/plugins/com.st.stm32cube.ide.mcu.externaltools.gnu-tools-for-stm32.13.3.rel1.win32_1.0.0.202411081344/tools/bin/../lib/gcc/arm-none-eabi/13.3.1/thumb/v7e-m+fp/hard\libgcc.a(_aeabi_uldivmod.o)
                0x080001c8                __aeabi_uldivmod
 .text          0x080001f8      0x2f8 C:/ST/STM32CubeIDE_1.19.0/STM32CubeIDE/plugins/com.st.stm32cube.ide.mcu.externaltools.gnu-tools-for-stm32.13.3.rel1.win32_1.0.0.202411081344/tools/bin/../lib/gcc/arm-none-eabi/13.3.1/thumb/v7e-m+fp/hard\libgcc.a(_udivmoddi4.o)
                0x080001f8                __udivmoddi4
 .text          0x080004f0        0x4 C:/ST/STM32CubeIDE_1.19.0/STM32CubeIDE/plugins/com.st.stm32cube.ide.mcu.externaltools.gnu-tools-for-stm32.13.3.rel1.win32_1.0.0.202411081344/tools/bin/../lib/gcc/arm-none-eabi/13.3.1/thumb/v7e-m+fp/hard\libgcc.a(_dvmd_tls.o)
                0x080004f0                __aeabi_idiv0
                0x080004f0                __aeabi_ldiv0
 *(.text*)
 .text.MX_GPIO_Init
                0x080004f4       0xc0 ./Core/Src/gpio.o
                0x080004f4                MX_GPIO_Init
 .text.MX_I2C1_Init
                0x080005b4       0x5c ./Core/Src/i2c.o
                0x080005b4                MX_I2C1_Init
 .text.MX_I2C2_Init
                0x08000610       0x5c ./Core/Src/i2c.o
                0x08000610                MX_I2C2_Init
 .text.HAL_I2C_MspInit
                0x0800066c       0xf8 ./Core/Src/i2c.o
                0x0800066c                HAL_I2C_MspInit
 .text.main     0x08000764       0x38 ./Core/Src/main.o
                0x08000764                main
 .text.SystemClock_Config
                0x0800079c       0xd4 ./Core/Src/main.o
                0x0800079c                SystemClock_Config
 .text.HAL_TIM_PeriodElapsedCallback
                0x08000870       0x24 ./Core/Src/main.o
                0x08000870                HAL_TIM_PeriodElapsedCallback
 .text.Error_Handler
                0x08000894        0xc ./Core/Src/main.o
                0x08000894                Error_Handler
 .text.MX_SDIO_SD_Init
                0x080008a0       0x60 ./Core/Src/sdio.o
                0x080008a0                MX_SDIO_SD_Init
 .text.HAL_SD_MspInit
                0x08000900       0xd0 ./Core/Src/sdio.o
                0x08000900                HAL_SD_MspInit
 .text.HAL_MspInit
                0x080009d0       0x50 ./Core/Src/stm32f4xx_hal_msp.o
                0x080009d0                HAL_MspInit
 .text.HAL_InitTick
                0x08000a20       0xf8 ./Core/Src/stm32f4xx_hal_timebase_tim.o
                0x08000a20                HAL_InitTick
 .text.NMI_Handler
                0x08000b18        0x8 ./Core/Src/stm32f4xx_it.o
                0x08000b18                NMI_Handler
 .text.HardFault_Handler
                0x08000b20        0x8 ./Core/Src/stm32f4xx_it.o
                0x08000b20                HardFault_Handler
 .text.MemManage_Handler
                0x08000b28        0x8 ./Core/Src/stm32f4xx_it.o
                0x08000b28                MemManage_Handler
 .text.BusFault_Handler
                0x08000b30        0x8 ./Core/Src/stm32f4xx_it.o
                0x08000b30                BusFault_Handler
 .text.UsageFault_Handler
                0x08000b38        0x8 ./Core/Src/stm32f4xx_it.o
                0x08000b38                UsageFault_Handler
 .text.SVC_Handler
                0x08000b40        0xe ./Core/Src/stm32f4xx_it.o
                0x08000b40                SVC_Handler
 .text.DebugMon_Handler
                0x08000b4e        0xe ./Core/Src/stm32f4xx_it.o
                0x08000b4e                DebugMon_Handler
 .text.PendSV_Handler
                0x08000b5c        0xe ./Core/Src/stm32f4xx_it.o
                0x08000b5c                PendSV_Handler
 .text.SysTick_Handler
                0x08000b6a        0xe ./Core/Src/stm32f4xx_it.o
                0x08000b6a                SysTick_Handler
 .text.TIM8_TRG_COM_TIM14_IRQHandler
                0x08000b78       0x14 ./Core/Src/stm32f4xx_it.o
                0x08000b78                TIM8_TRG_COM_TIM14_IRQHandler
 .text.SystemInit
                0x08000b8c       0x24 ./Core/Src/system_stm32f4xx.o
                0x08000b8c                SystemInit
 .text.MX_TIM1_Init
                0x08000bb0      0x19c ./Core/Src/tim.o
                0x08000bb0                MX_TIM1_Init
 .text.MX_TIM2_Init
                0x08000d4c      0x12c ./Core/Src/tim.o
                0x08000d4c                MX_TIM2_Init
 .text.MX_TIM4_Init
                0x08000e78      0x130 ./Core/Src/tim.o
                0x08000e78                MX_TIM4_Init
 .text.HAL_TIM_Base_MspInit
                0x08000fa8       0x98 ./Core/Src/tim.o
                0x08000fa8                HAL_TIM_Base_MspInit
 .text.HAL_TIM_MspPostInit
                0x08001040      0x154 ./Core/Src/tim.o
                0x08001040                HAL_TIM_MspPostInit
 .text.MX_UART4_Init
                0x08001194       0x54 ./Core/Src/usart.o
                0x08001194                MX_UART4_Init
 .text.MX_USART1_UART_Init
                0x080011e8       0x54 ./Core/Src/usart.o
                0x080011e8                MX_USART1_UART_Init
 .text.MX_USART2_UART_Init
                0x0800123c       0x54 ./Core/Src/usart.o
                0x0800123c                MX_USART2_UART_Init
 .text.HAL_UART_MspInit
                0x08001290      0x164 ./Core/Src/usart.o
                0x08001290                HAL_UART_MspInit
 .text.Reset_Handler
                0x080013f4       0x50 ./Core/Startup/startup_stm32f407vgtx.o
                0x080013f4                Reset_Handler
 .text.Default_Handler
                0x08001444        0x2 ./Core/Startup/startup_stm32f407vgtx.o
                0x08001444                RTC_Alarm_IRQHandler
                0x08001444                HASH_RNG_IRQHandler
                0x08001444                EXTI2_IRQHandler
                0x08001444                TIM8_CC_IRQHandler
                0x08001444                TIM1_CC_IRQHandler
                0x08001444                DMA2_Stream5_IRQHandler
                0x08001444                DMA1_Stream5_IRQHandler
                0x08001444                PVD_IRQHandler
                0x08001444                SDIO_IRQHandler
                0x08001444                TAMP_STAMP_IRQHandler
                0x08001444                CAN2_RX1_IRQHandler
                0x08001444                EXTI3_IRQHandler
                0x08001444                TIM1_UP_TIM10_IRQHandler
                0x08001444                TIM8_UP_TIM13_IRQHandler
                0x08001444                I2C3_ER_IRQHandler
                0x08001444                EXTI0_IRQHandler
                0x08001444                I2C2_EV_IRQHandler
                0x08001444                DMA1_Stream2_IRQHandler
                0x08001444                CAN1_RX0_IRQHandler
                0x08001444                FPU_IRQHandler
                0x08001444                OTG_HS_WKUP_IRQHandler
                0x08001444                CAN2_SCE_IRQHandler
                0x08001444                DMA2_Stream2_IRQHandler
                0x08001444                SPI1_IRQHandler
                0x08001444                TIM6_DAC_IRQHandler
                0x08001444                TIM1_BRK_TIM9_IRQHandler
                0x08001444                DCMI_IRQHandler
                0x08001444                CAN2_RX0_IRQHandler
                0x08001444                DMA2_Stream3_IRQHandler
                0x08001444                USART6_IRQHandler
                0x08001444                USART3_IRQHandler
                0x08001444                CAN1_RX1_IRQHandler
                0x08001444                UART5_IRQHandler
                0x08001444                DMA2_Stream0_IRQHandler
                0x08001444                TIM4_IRQHandler
                0x08001444                I2C1_EV_IRQHandler
                0x08001444                DMA1_Stream6_IRQHandler
                0x08001444                DMA1_Stream1_IRQHandler
                0x08001444                UART4_IRQHandler
                0x08001444                TIM3_IRQHandler
                0x08001444                RCC_IRQHandler
                0x08001444                TIM8_BRK_TIM12_IRQHandler
                0x08001444                Default_Handler
                0x08001444                EXTI15_10_IRQHandler
                0x08001444                ADC_IRQHandler
                0x08001444                DMA1_Stream7_IRQHandler
                0x08001444                TIM7_IRQHandler
                0x08001444                CAN2_TX_IRQHandler
                0x08001444                TIM5_IRQHandler
                0x08001444                DMA2_Stream7_IRQHandler
                0x08001444                I2C3_EV_IRQHandler
                0x08001444                EXTI9_5_IRQHandler
                0x08001444                RTC_WKUP_IRQHandler
                0x08001444                ETH_WKUP_IRQHandler
                0x08001444                SPI2_IRQHandler
                0x08001444                OTG_HS_EP1_IN_IRQHandler
                0x08001444                DMA1_Stream0_IRQHandler
                0x08001444                CAN1_TX_IRQHandler
                0x08001444                EXTI4_IRQHandler
                0x08001444                FSMC_IRQHandler
                0x08001444                ETH_IRQHandler
                0x08001444                OTG_HS_EP1_OUT_IRQHandler
                0x08001444                WWDG_IRQHandler
                0x08001444                TIM2_IRQHandler
                0x08001444                OTG_FS_WKUP_IRQHandler
                0x08001444                TIM1_TRG_COM_TIM11_IRQHandler
                0x08001444                OTG_HS_IRQHandler
                0x08001444                EXTI1_IRQHandler
                0x08001444                USART2_IRQHandler
                0x08001444                I2C2_ER_IRQHandler
                0x08001444                DMA2_Stream1_IRQHandler
                0x08001444                CAN1_SCE_IRQHandler
                0x08001444                FLASH_IRQHandler
                0x08001444                DMA2_Stream4_IRQHandler
                0x08001444                USART1_IRQHandler
                0x08001444                OTG_FS_IRQHandler
                0x08001444                SPI3_IRQHandler
                0x08001444                DMA1_Stream4_IRQHandler
                0x08001444                I2C1_ER_IRQHandler
                0x08001444                DMA2_Stream6_IRQHandler
                0x08001444                DMA1_Stream3_IRQHandler
 *fill*         0x08001446        0x2 
 .text.HAL_Init
                0x08001448       0x44 ./Drivers/STM32F4xx_HAL_Driver/Src/stm32f4xx_hal.o
                0x08001448                HAL_Init
 .text.HAL_IncTick
                0x0800148c       0x28 ./Drivers/STM32F4xx_HAL_Driver/Src/stm32f4xx_hal.o
                0x0800148c                HAL_IncTick
 .text.HAL_GetTick
                0x080014b4       0x18 ./Drivers/STM32F4xx_HAL_Driver/Src/stm32f4xx_hal.o
                0x080014b4                HAL_GetTick
 .text.HAL_Delay
                0x080014cc       0x48 ./Drivers/STM32F4xx_HAL_Driver/Src/stm32f4xx_hal.o
                0x080014cc                HAL_Delay
 .text.__NVIC_SetPriorityGrouping
                0x08001514       0x48 ./Drivers/STM32F4xx_HAL_Driver/Src/stm32f4xx_hal_cortex.o
 .text.__NVIC_GetPriorityGrouping
                0x0800155c       0x1c ./Drivers/STM32F4xx_HAL_Driver/Src/stm32f4xx_hal_cortex.o
 .text.__NVIC_EnableIRQ
                0x08001578       0x3c ./Drivers/STM32F4xx_HAL_Driver/Src/stm32f4xx_hal_cortex.o
 .text.__NVIC_SetPriority
                0x080015b4       0x54 ./Drivers/STM32F4xx_HAL_Driver/Src/stm32f4xx_hal_cortex.o
 .text.NVIC_EncodePriority
                0x08001608       0x66 ./Drivers/STM32F4xx_HAL_Driver/Src/stm32f4xx_hal_cortex.o
 .text.HAL_NVIC_SetPriorityGrouping
                0x0800166e       0x16 ./Drivers/STM32F4xx_HAL_Driver/Src/stm32f4xx_hal_cortex.o
                0x0800166e                HAL_NVIC_SetPriorityGrouping
 .text.HAL_NVIC_SetPriority
                0x08001684       0x38 ./Drivers/STM32F4xx_HAL_Driver/Src/stm32f4xx_hal_cortex.o
                0x08001684                HAL_NVIC_SetPriority
 .text.HAL_NVIC_EnableIRQ
                0x080016bc       0x1c ./Drivers/STM32F4xx_HAL_Driver/Src/stm32f4xx_hal_cortex.o
                0x080016bc                HAL_NVIC_EnableIRQ
 .text.HAL_GPIO_Init
                0x080016d8      0x338 ./Drivers/STM32F4xx_HAL_Driver/Src/stm32f4xx_hal_gpio.o
                0x080016d8                HAL_GPIO_Init
 .text.HAL_I2C_Init
                0x08001a10      0x288 ./Drivers/STM32F4xx_HAL_Driver/Src/stm32f4xx_hal_i2c.o
                0x08001a10                HAL_I2C_Init
 .text.HAL_RCC_OscConfig
                0x08001c98      0x4f0 ./Drivers/STM32F4xx_HAL_Driver/Src/stm32f4xx_hal_rcc.o
                0x08001c98                HAL_RCC_OscConfig
 .text.HAL_RCC_ClockConfig
                0x08002188      0x1cc ./Drivers/STM32F4xx_HAL_Driver/Src/stm32f4xx_hal_rcc.o
                0x08002188                HAL_RCC_ClockConfig
 .text.HAL_RCC_GetSysClockFreq
                0x08002354      0x18c ./Drivers/STM32F4xx_HAL_Driver/Src/stm32f4xx_hal_rcc.o
                0x08002354                HAL_RCC_GetSysClockFreq
 .text.HAL_RCC_GetHCLKFreq
                0x080024e0       0x18 ./Drivers/STM32F4xx_HAL_Driver/Src/stm32f4xx_hal_rcc.o
                0x080024e0                HAL_RCC_GetHCLKFreq
 .text.HAL_RCC_GetPCLK1Freq
                0x080024f8       0x28 ./Drivers/STM32F4xx_HAL_Driver/Src/stm32f4xx_hal_rcc.o
                0x080024f8                HAL_RCC_GetPCLK1Freq
 .text.HAL_RCC_GetPCLK2Freq
                0x08002520       0x28 ./Drivers/STM32F4xx_HAL_Driver/Src/stm32f4xx_hal_rcc.o
                0x08002520                HAL_RCC_GetPCLK2Freq
 .text.HAL_RCC_GetClockConfig
                0x08002548       0x64 ./Drivers/STM32F4xx_HAL_Driver/Src/stm32f4xx_hal_rcc.o
                0x08002548                HAL_RCC_GetClockConfig
 .text.HAL_SD_Init
                0x080025ac       0x60 ./Drivers/STM32F4xx_HAL_Driver/Src/stm32f4xx_hal_sd.o
                0x080025ac                HAL_SD_Init
 .text.HAL_SD_InitCard
                0x0800260c       0xf0 ./Drivers/STM32F4xx_HAL_Driver/Src/stm32f4xx_hal_sd.o
                0x0800260c                HAL_SD_InitCard
 .text.HAL_SD_GetCardCSD
                0x080026fc      0x348 ./Drivers/STM32F4xx_HAL_Driver/Src/stm32f4xx_hal_sd.o
                0x080026fc                HAL_SD_GetCardCSD
 .text.HAL_SD_ConfigWideBusOperation
                0x08002a44      0x134 ./Drivers/STM32F4xx_HAL_Driver/Src/stm32f4xx_hal_sd.o
                0x08002a44                HAL_SD_ConfigWideBusOperation
 .text.SD_InitCard
                0x08002b78      0x19c ./Drivers/STM32F4xx_HAL_Driver/Src/stm32f4xx_hal_sd.o
 .text.SD_PowerON
                0x08002d14      0x11c ./Drivers/STM32F4xx_HAL_Driver/Src/stm32f4xx_hal_sd.o
 .text.SD_WideBus_Enable
                0x08002e30       0x96 ./Drivers/STM32F4xx_HAL_Driver/Src/stm32f4xx_hal_sd.o
 .text.SD_WideBus_Disable
                0x08002ec6       0x96 ./Drivers/STM32F4xx_HAL_Driver/Src/stm32f4xx_hal_sd.o
 .text.SD_FindSCR
                0x08002f5c      0x1b4 ./Drivers/STM32F4xx_HAL_Driver/Src/stm32f4xx_hal_sd.o
 .text.HAL_TIM_Base_Init
                0x08003110       0x9e ./Drivers/STM32F4xx_HAL_Driver/Src/stm32f4xx_hal_tim.o
                0x08003110                HAL_TIM_Base_Init
 *fill*         0x080031ae        0x2 
 .text.HAL_TIM_Base_Start_IT
                0x080031b0       0xe0 ./Drivers/STM32F4xx_HAL_Driver/Src/stm32f4xx_hal_tim.o
                0x080031b0                HAL_TIM_Base_Start_IT
 .text.HAL_TIM_OC_Init
                0x08003290       0x9e ./Drivers/STM32F4xx_HAL_Driver/Src/stm32f4xx_hal_tim.o
                0x08003290                HAL_TIM_OC_Init
 .text.HAL_TIM_OC_MspInit
                0x0800332e       0x14 ./Drivers/STM32F4xx_HAL_Driver/Src/stm32f4xx_hal_tim.o
                0x0800332e                HAL_TIM_OC_MspInit
 .text.HAL_TIM_PWM_Init
                0x08003342       0x9e ./Drivers/STM32F4xx_HAL_Driver/Src/stm32f4xx_hal_tim.o
                0x08003342                HAL_TIM_PWM_Init
 .text.HAL_TIM_PWM_MspInit
                0x080033e0       0x14 ./Drivers/STM32F4xx_HAL_Driver/Src/stm32f4xx_hal_tim.o
                0x080033e0                HAL_TIM_PWM_MspInit
 .text.HAL_TIM_IRQHandler
                0x080033f4      0x1e0 ./Drivers/STM32F4xx_HAL_Driver/Src/stm32f4xx_hal_tim.o
                0x080033f4                HAL_TIM_IRQHandler
 .text.HAL_TIM_OC_ConfigChannel
                0x080035d4       0xb8 ./Drivers/STM32F4xx_HAL_Driver/Src/stm32f4xx_hal_tim.o
                0x080035d4                HAL_TIM_OC_ConfigChannel
 .text.HAL_TIM_PWM_ConfigChannel
                0x0800368c      0x184 ./Drivers/STM32F4xx_HAL_Driver/Src/stm32f4xx_hal_tim.o
                0x0800368c                HAL_TIM_PWM_ConfigChannel
 .text.HAL_TIM_ConfigClockSource
                0x08003810      0x18e ./Drivers/STM32F4xx_HAL_Driver/Src/stm32f4xx_hal_tim.o
                0x08003810                HAL_TIM_ConfigClockSource
 .text.HAL_TIM_OC_DelayElapsedCallback
                0x0800399e       0x14 ./Drivers/STM32F4xx_HAL_Driver/Src/stm32f4xx_hal_tim.o
                0x0800399e                HAL_TIM_OC_DelayElapsedCallback
 .text.HAL_TIM_IC_CaptureCallback
                0x080039b2       0x14 ./Drivers/STM32F4xx_HAL_Driver/Src/stm32f4xx_hal_tim.o
                0x080039b2                HAL_TIM_IC_CaptureCallback
 .text.HAL_TIM_PWM_PulseFinishedCallback
                0x080039c6       0x14 ./Drivers/STM32F4xx_HAL_Driver/Src/stm32f4xx_hal_tim.o
                0x080039c6                HAL_TIM_PWM_PulseFinishedCallback
 .text.HAL_TIM_TriggerCallback
                0x080039da       0x14 ./Drivers/STM32F4xx_HAL_Driver/Src/stm32f4xx_hal_tim.o
                0x080039da                HAL_TIM_TriggerCallback
 *fill*         0x080039ee        0x2 
 .text.TIM_Base_SetConfig
                0x080039f0      0x14c ./Drivers/STM32F4xx_HAL_Driver/Src/stm32f4xx_hal_tim.o
                0x080039f0                TIM_Base_SetConfig
 .text.TIM_OC1_SetConfig
                0x08003b3c       0xe0 ./Drivers/STM32F4xx_HAL_Driver/Src/stm32f4xx_hal_tim.o
 .text.TIM_OC2_SetConfig
                0x08003c1c       0xec ./Drivers/STM32F4xx_HAL_Driver/Src/stm32f4xx_hal_tim.o
                0x08003c1c                TIM_OC2_SetConfig
 .text.TIM_OC3_SetConfig
                0x08003d08       0xe8 ./Drivers/STM32F4xx_HAL_Driver/Src/stm32f4xx_hal_tim.o
 .text.TIM_OC4_SetConfig
                0x08003df0       0xac ./Drivers/STM32F4xx_HAL_Driver/Src/stm32f4xx_hal_tim.o
 .text.TIM_TI1_ConfigInputStage
                0x08003e9c       0x5e ./Drivers/STM32F4xx_HAL_Driver/Src/stm32f4xx_hal_tim.o
 .text.TIM_TI2_ConfigInputStage
                0x08003efa       0x60 ./Drivers/STM32F4xx_HAL_Driver/Src/stm32f4xx_hal_tim.o
 .text.TIM_ITRx_SetConfig
                0x08003f5a       0x36 ./Drivers/STM32F4xx_HAL_Driver/Src/stm32f4xx_hal_tim.o
 .text.TIM_ETR_SetConfig
                0x08003f90       0x40 ./Drivers/STM32F4xx_HAL_Driver/Src/stm32f4xx_hal_tim.o
                0x08003f90                TIM_ETR_SetConfig
 .text.HAL_TIMEx_MasterConfigSynchronization
                0x08003fd0       0xf8 ./Drivers/STM32F4xx_HAL_Driver/Src/stm32f4xx_hal_tim_ex.o
                0x08003fd0                HAL_TIMEx_MasterConfigSynchronization
 .text.HAL_TIMEx_ConfigBreakDeadTime
                0x080040c8       0xa4 ./Drivers/STM32F4xx_HAL_Driver/Src/stm32f4xx_hal_tim_ex.o
                0x080040c8                HAL_TIMEx_ConfigBreakDeadTime
 .text.HAL_TIMEx_CommutCallback
                0x0800416c       0x14 ./Drivers/STM32F4xx_HAL_Driver/Src/stm32f4xx_hal_tim_ex.o
                0x0800416c                HAL_TIMEx_CommutCallback
 .text.HAL_TIMEx_BreakCallback
                0x08004180       0x14 ./Drivers/STM32F4xx_HAL_Driver/Src/stm32f4xx_hal_tim_ex.o
                0x08004180                HAL_TIMEx_BreakCallback
 .text.HAL_UART_Init
                0x08004194       0xa0 ./Drivers/STM32F4xx_HAL_Driver/Src/stm32f4xx_hal_uart.o
                0x08004194                HAL_UART_Init
 .text.UART_SetConfig
                0x08004234      0x4e8 ./Drivers/STM32F4xx_HAL_Driver/Src/stm32f4xx_hal_uart.o
 .text.SDIO_Init
                0x0800471c       0x56 ./Drivers/STM32F4xx_HAL_Driver/Src/stm32f4xx_ll_sdmmc.o
                0x0800471c                SDIO_Init
 .text.SDIO_ReadFIFO
                0x08004772       0x1a ./Drivers/STM32F4xx_HAL_Driver/Src/stm32f4xx_ll_sdmmc.o
                0x08004772                SDIO_ReadFIFO
 .text.SDIO_PowerState_ON
                0x0800478c       0x1c ./Drivers/STM32F4xx_HAL_Driver/Src/stm32f4xx_ll_sdmmc.o
                0x0800478c                SDIO_PowerState_ON
 .text.SDIO_GetPowerState
                0x080047a8       0x1c ./Drivers/STM32F4xx_HAL_Driver/Src/stm32f4xx_ll_sdmmc.o
                0x080047a8                SDIO_GetPowerState
 .text.SDIO_SendCommand
                0x080047c4       0x54 ./Drivers/STM32F4xx_HAL_Driver/Src/stm32f4xx_ll_sdmmc.o
                0x080047c4                SDIO_SendCommand
 .text.SDIO_GetCommandResponse
                0x08004818       0x1a ./Drivers/STM32F4xx_HAL_Driver/Src/stm32f4xx_ll_sdmmc.o
                0x08004818                SDIO_GetCommandResponse
 .text.SDIO_GetResponse
                0x08004832       0x26 ./Drivers/STM32F4xx_HAL_Driver/Src/stm32f4xx_ll_sdmmc.o
                0x08004832                SDIO_GetResponse
 .text.SDIO_ConfigData
                0x08004858       0x58 ./Drivers/STM32F4xx_HAL_Driver/Src/stm32f4xx_ll_sdmmc.o
                0x08004858                SDIO_ConfigData
 .text.SDMMC_CmdBlockLength
                0x080048b0       0x44 ./Drivers/STM32F4xx_HAL_Driver/Src/stm32f4xx_ll_sdmmc.o
                0x080048b0                SDMMC_CmdBlockLength
 .text.SDMMC_CmdSelDesel
                0x080048f4       0x46 ./Drivers/STM32F4xx_HAL_Driver/Src/stm32f4xx_ll_sdmmc.o
                0x080048f4                SDMMC_CmdSelDesel
 .text.SDMMC_CmdGoIdleState
                0x0800493a       0x3c ./Drivers/STM32F4xx_HAL_Driver/Src/stm32f4xx_ll_sdmmc.o
                0x0800493a                SDMMC_CmdGoIdleState
 .text.SDMMC_CmdOperCond
                0x08004976       0x3e ./Drivers/STM32F4xx_HAL_Driver/Src/stm32f4xx_ll_sdmmc.o
                0x08004976                SDMMC_CmdOperCond
 .text.SDMMC_CmdAppCommand
                0x080049b4       0x44 ./Drivers/STM32F4xx_HAL_Driver/Src/stm32f4xx_ll_sdmmc.o
                0x080049b4                SDMMC_CmdAppCommand
 .text.SDMMC_CmdAppOperCommand
                0x080049f8       0x46 ./Drivers/STM32F4xx_HAL_Driver/Src/stm32f4xx_ll_sdmmc.o
                0x080049f8                SDMMC_CmdAppOperCommand
 .text.SDMMC_CmdBusWidth
                0x08004a3e       0x44 ./Drivers/STM32F4xx_HAL_Driver/Src/stm32f4xx_ll_sdmmc.o
                0x08004a3e                SDMMC_CmdBusWidth
 .text.SDMMC_CmdSendSCR
                0x08004a82       0x42 ./Drivers/STM32F4xx_HAL_Driver/Src/stm32f4xx_ll_sdmmc.o
                0x08004a82                SDMMC_CmdSendSCR
 .text.SDMMC_CmdSendCID
                0x08004ac4       0x3c ./Drivers/STM32F4xx_HAL_Driver/Src/stm32f4xx_ll_sdmmc.o
                0x08004ac4                SDMMC_CmdSendCID
 .text.SDMMC_CmdSendCSD
                0x08004b00       0x3e ./Drivers/STM32F4xx_HAL_Driver/Src/stm32f4xx_ll_sdmmc.o
                0x08004b00                SDMMC_CmdSendCSD
 .text.SDMMC_CmdSetRelAdd
                0x08004b3e       0x42 ./Drivers/STM32F4xx_HAL_Driver/Src/stm32f4xx_ll_sdmmc.o
                0x08004b3e                SDMMC_CmdSetRelAdd
 .text.SDMMC_GetCmdResp1
                0x08004b80      0x1dc ./Drivers/STM32F4xx_HAL_Driver/Src/stm32f4xx_ll_sdmmc.o
                0x08004b80                SDMMC_GetCmdResp1
 .text.SDMMC_GetCmdResp2
                0x08004d5c       0x90 ./Drivers/STM32F4xx_HAL_Driver/Src/stm32f4xx_ll_sdmmc.o
                0x08004d5c                SDMMC_GetCmdResp2
 .text.SDMMC_GetCmdResp3
                0x08004dec       0x7c ./Drivers/STM32F4xx_HAL_Driver/Src/stm32f4xx_ll_sdmmc.o
                0x08004dec                SDMMC_GetCmdResp3
 .text.SDMMC_GetCmdResp6
                0x08004e68       0xec ./Drivers/STM32F4xx_HAL_Driver/Src/stm32f4xx_ll_sdmmc.o
                0x08004e68                SDMMC_GetCmdResp6
 .text.SDMMC_GetCmdResp7
                0x08004f54       0x9c ./Drivers/STM32F4xx_HAL_Driver/Src/stm32f4xx_ll_sdmmc.o
                0x08004f54                SDMMC_GetCmdResp7
 .text.SDMMC_GetCmdError
                0x08004ff0       0x58 ./Drivers/STM32F4xx_HAL_Driver/Src/stm32f4xx_ll_sdmmc.o
 .text.memset   0x08005048       0x10 C:/ST/STM32CubeIDE_1.19.0/STM32CubeIDE/plugins/com.st.stm32cube.ide.mcu.externaltools.gnu-tools-for-stm32.13.3.rel1.win32_1.0.0.202411081344/tools/bin/../lib/gcc/arm-none-eabi/13.3.1/../../../../arm-none-eabi/lib/thumb/v7e-m+fp/hard\libc_nano.a(libc_a-memset.o)
                0x08005048                memset
 .text.__libc_init_array
                0x08005058       0x48 C:/ST/STM32CubeIDE_1.19.0/STM32CubeIDE/plugins/com.st.stm32cube.ide.mcu.externaltools.gnu-tools-for-stm32.13.3.rel1.win32_1.0.0.202411081344/tools/bin/../lib/gcc/arm-none-eabi/13.3.1/../../../../arm-none-eabi/lib/thumb/v7e-m+fp/hard\libc_nano.a(libc_a-init.o)
                0x08005058                __libc_init_array
 *(.glue_7)
 .glue_7        0x080050a0        0x0 linker stubs
 *(.glue_7t)
 .glue_7t       0x080050a0        0x0 linker stubs
 *(.eh_frame)
 .eh_frame      0x080050a0        0x0 C:/ST/STM32CubeIDE_1.19.0/STM32CubeIDE/plugins/com.st.stm32cube.ide.mcu.externaltools.gnu-tools-for-stm32.13.3.rel1.win32_1.0.0.202411081344/tools/bin/../lib/gcc/arm-none-eabi/13.3.1/thumb/v7e-m+fp/hard/crtbegin.o
 *(.init)
 .init          0x080050a0        0x4 C:/ST/STM32CubeIDE_1.19.0/STM32CubeIDE/plugins/com.st.stm32cube.ide.mcu.externaltools.gnu-tools-for-stm32.13.3.rel1.win32_1.0.0.202411081344/tools/bin/../lib/gcc/arm-none-eabi/13.3.1/thumb/v7e-m+fp/hard/crti.o
                0x080050a0                _init
 .init          0x080050a4        0x8 C:/ST/STM32CubeIDE_1.19.0/STM32CubeIDE/plugins/com.st.stm32cube.ide.mcu.externaltools.gnu-tools-for-stm32.13.3.rel1.win32_1.0.0.202411081344/tools/bin/../lib/gcc/arm-none-eabi/13.3.1/thumb/v7e-m+fp/hard/crtn.o
 *(.fini)
 .fini          0x080050ac        0x4 C:/ST/STM32CubeIDE_1.19.0/STM32CubeIDE/plugins/com.st.stm32cube.ide.mcu.externaltools.gnu-tools-for-stm32.13.3.rel1.win32_1.0.0.202411081344/tools/bin/../lib/gcc/arm-none-eabi/13.3.1/thumb/v7e-m+fp/hard/crti.o
                0x080050ac                _fini
 .fini          0x080050b0        0x8 C:/ST/STM32CubeIDE_1.19.0/STM32CubeIDE/plugins/com.st.stm32cube.ide.mcu.externaltools.gnu-tools-for-stm32.13.3.rel1.win32_1.0.0.202411081344/tools/bin/../lib/gcc/arm-none-eabi/13.3.1/thumb/v7e-m+fp/hard/crtn.o
                0x080050b8                        . = ALIGN (0x4)
                0x080050b8                        _etext = .

.vfp11_veneer   0x080050b8        0x0
 .vfp11_veneer  0x080050b8        0x0 linker stubs

.v4_bx          0x080050b8        0x0
 .v4_bx         0x080050b8        0x0 linker stubs

.iplt           0x080050b8        0x0
 .iplt          0x080050b8        0x0 C:/ST/STM32CubeIDE_1.19.0/STM32CubeIDE/plugins/com.st.stm32cube.ide.mcu.externaltools.gnu-tools-for-stm32.13.3.rel1.win32_1.0.0.202411081344/tools/bin/../lib/gcc/arm-none-eabi/13.3.1/thumb/v7e-m+fp/hard/crtbegin.o

.rodata         0x080050b8       0x18
                0x080050b8                        . = ALIGN (0x4)
 *(.rodata)
 *(.rodata*)
 .rodata.AHBPrescTable
                0x080050b8       0x10 ./Core/Src/system_stm32f4xx.o
                0x080050b8                AHBPrescTable
 .rodata.APBPrescTable
                0x080050c8        0x8 ./Core/Src/system_stm32f4xx.o
                0x080050c8                APBPrescTable
                0x080050d0                        . = ALIGN (0x4)

.ARM.extab      0x080050d0        0x0
                0x080050d0                        . = ALIGN (0x4)
 *(.ARM.extab* .gnu.linkonce.armextab.*)
                0x080050d0                        . = ALIGN (0x4)

.ARM            0x080050d0        0x8
                0x080050d0                        . = ALIGN (0x4)
                0x080050d0                        __exidx_start = .
 *(.ARM.exidx*)
 .ARM.exidx     0x080050d0        0x8 C:/ST/STM32CubeIDE_1.19.0/STM32CubeIDE/plugins/com.st.stm32cube.ide.mcu.externaltools.gnu-tools-for-stm32.13.3.rel1.win32_1.0.0.202411081344/tools/bin/../lib/gcc/arm-none-eabi/13.3.1/thumb/v7e-m+fp/hard\libgcc.a(_udivmoddi4.o)
                0x080050d8                        __exidx_end = .
                0x080050d8                        . = ALIGN (0x4)

.preinit_array  0x080050d8        0x0
                0x080050d8                        . = ALIGN (0x4)
                0x080050d8                        PROVIDE (__preinit_array_start = .)
 *(.preinit_array*)
                0x080050d8                        PROVIDE (__preinit_array_end = .)
                0x080050d8                        . = ALIGN (0x4)

.init_array     0x080050d8        0x4
                0x080050d8                        . = ALIGN (0x4)
                0x080050d8                        PROVIDE (__init_array_start = .)
 *(SORT_BY_NAME(.init_array.*))
 *(.init_array*)
 .init_array    0x080050d8        0x4 C:/ST/STM32CubeIDE_1.19.0/STM32CubeIDE/plugins/com.st.stm32cube.ide.mcu.externaltools.gnu-tools-for-stm32.13.3.rel1.win32_1.0.0.202411081344/tools/bin/../lib/gcc/arm-none-eabi/13.3.1/thumb/v7e-m+fp/hard/crtbegin.o
                0x080050dc                        PROVIDE (__init_array_end = .)
                0x080050dc                        . = ALIGN (0x4)

.fini_array     0x080050dc        0x4
                0x080050dc                        . = ALIGN (0x4)
                [!provide]                        PROVIDE (__fini_array_start = .)
 *(SORT_BY_NAME(.fini_array.*))
 *(.fini_array*)
 .fini_array    0x080050dc        0x4 C:/ST/STM32CubeIDE_1.19.0/STM32CubeIDE/plugins/com.st.stm32cube.ide.mcu.externaltools.gnu-tools-for-stm32.13.3.rel1.win32_1.0.0.202411081344/tools/bin/../lib/gcc/arm-none-eabi/13.3.1/thumb/v7e-m+fp/hard/crtbegin.o
                [!provide]                        PROVIDE (__fini_array_end = .)
                0x080050e0                        . = ALIGN (0x4)
                0x080050e0                        _sidata = LOADADDR (.data)

.rel.dyn        0x080050e0        0x0
 .rel.iplt      0x080050e0        0x0 C:/ST/STM32CubeIDE_1.19.0/STM32CubeIDE/plugins/com.st.stm32cube.ide.mcu.externaltools.gnu-tools-for-stm32.13.3.rel1.win32_1.0.0.202411081344/tools/bin/../lib/gcc/arm-none-eabi/13.3.1/thumb/v7e-m+fp/hard/crtbegin.o

.data           0x20000000        0xc load address 0x080050e0
                0x20000000                        . = ALIGN (0x4)
                0x20000000                        _sdata = .
 *(.data)
 *(.data*)
 .data.SystemCoreClock
                0x20000000        0x4 ./Core/Src/system_stm32f4xx.o
                0x20000000                SystemCoreClock
 .data.uwTickPrio
                0x20000004        0x4 ./Drivers/STM32F4xx_HAL_Driver/Src/stm32f4xx_hal.o
                0x20000004                uwTickPrio
 .data.uwTickFreq
                0x20000008        0x1 ./Drivers/STM32F4xx_HAL_Driver/Src/stm32f4xx_hal.o
                0x20000008                uwTickFreq
 *(.RamFunc)
 *(.RamFunc*)
                0x2000000c                        . = ALIGN (0x4)
 *fill*         0x20000009        0x3 
                0x2000000c                        _edata = .
                0x080050ec                        _siccmram = LOADADDR (.ccmram)

.igot.plt       0x2000000c        0x0 load address 0x080050ec
 .igot.plt      0x2000000c        0x0 C:/ST/STM32CubeIDE_1.19.0/STM32CubeIDE/plugins/com.st.stm32cube.ide.mcu.externaltools.gnu-tools-for-stm32.13.3.rel1.win32_1.0.0.202411081344/tools/bin/../lib/gcc/arm-none-eabi/13.3.1/thumb/v7e-m+fp/hard/crtbegin.o

.ccmram         0x10000000        0x0 load address 0x080050ec
                0x10000000                        . = ALIGN (0x4)
                0x10000000                        _sccmram = .
 *(.ccmram)
 *(.ccmram*)
                0x10000000                        . = ALIGN (0x4)
                0x10000000                        _eccmram = .
                0x10000000                        . = ALIGN (0x4)

.bss            0x2000000c      0x344
                0x2000000c                        _sbss = .
                0x2000000c                        __bss_start__ = _sbss
 *(.bss)
 .bss           0x2000000c       0x1c C:/ST/STM32CubeIDE_1.19.0/STM32CubeIDE/plugins/com.st.stm32cube.ide.mcu.externaltools.gnu-tools-for-stm32.13.3.rel1.win32_1.0.0.202411081344/tools/bin/../lib/gcc/arm-none-eabi/13.3.1/thumb/v7e-m+fp/hard/crtbegin.o
 *(.bss*)
 .bss.hi2c1     0x20000028       0x54 ./Core/Src/i2c.o
                0x20000028                hi2c1
 .bss.hi2c2     0x2000007c       0x54 ./Core/Src/i2c.o
                0x2000007c                hi2c2
 .bss.hsd       0x200000d0       0x84 ./Core/Src/sdio.o
                0x200000d0                hsd
 .bss.htim14    0x20000154       0x48 ./Core/Src/stm32f4xx_hal_timebase_tim.o
                0x20000154                htim14
 .bss.htim1     0x2000019c       0x48 ./Core/Src/tim.o
                0x2000019c                htim1
 .bss.htim2     0x200001e4       0x48 ./Core/Src/tim.o
                0x200001e4                htim2
 .bss.htim4     0x2000022c       0x48 ./Core/Src/tim.o
                0x2000022c                htim4
 .bss.huart4    0x20000274       0x48 ./Core/Src/usart.o
                0x20000274                huart4
 .bss.huart1    0x200002bc       0x48 ./Core/Src/usart.o
                0x200002bc                huart1
 .bss.huart2    0x20000304       0x48 ./Core/Src/usart.o
                0x20000304                huart2
 .bss.uwTick    0x2000034c        0x4 ./Drivers/STM32F4xx_HAL_Driver/Src/stm32f4xx_hal.o
                0x2000034c                uwTick
 *(COMMON)
                0x20000350                        . = ALIGN (0x4)
                0x20000350                        _ebss = .
                0x20000350                        __bss_end__ = _ebss

._user_heap_stack
                0x20000350      0x600
                0x20000350                        . = ALIGN (0x8)
                [!provide]                        PROVIDE (end = .)
                0x20000350                        PROVIDE (_end = .)
                0x20000550                        . = (. + _Min_Heap_Size)
 *fill*         0x20000350      0x200 
                0x20000950                        . = (. + _Min_Stack_Size)
 *fill*         0x20000550      0x400 
                0x20000950                        . = ALIGN (0x8)

/DISCARD/
 libc.a(*)
 libm.a(*)
 libgcc.a(*)

.ARM.attributes
                0x00000000       0x30
 *(.ARM.attributes)
 .ARM.attributes
                0x00000000       0x22 C:/ST/STM32CubeIDE_1.19.0/STM32CubeIDE/plugins/com.st.stm32cube.ide.mcu.externaltools.gnu-tools-for-stm32.13.3.rel1.win32_1.0.0.202411081344/tools/bin/../lib/gcc/arm-none-eabi/13.3.1/thumb/v7e-m+fp/hard/crti.o
 .ARM.attributes
                0x00000022       0x34 C:/ST/STM32CubeIDE_1.19.0/STM32CubeIDE/plugins/com.st.stm32cube.ide.mcu.externaltools.gnu-tools-for-stm32.13.3.rel1.win32_1.0.0.202411081344/tools/bin/../lib/gcc/arm-none-eabi/13.3.1/thumb/v7e-m+fp/hard/crtbegin.o
 .ARM.attributes
                0x00000056       0x34 ./Core/Src/gpio.o
 .ARM.attributes
                0x0000008a       0x34 ./Core/Src/i2c.o
 .ARM.attributes
                0x000000be       0x34 ./Core/Src/main.o
 .ARM.attributes
                0x000000f2       0x34 ./Core/Src/sdio.o
 .ARM.attributes
                0x00000126       0x34 ./Core/Src/stm32f4xx_hal_msp.o
 .ARM.attributes
                0x0000015a       0x34 ./Core/Src/stm32f4xx_hal_timebase_tim.o
 .ARM.attributes
                0x0000018e       0x34 ./Core/Src/stm32f4xx_it.o
 .ARM.attributes
                0x000001c2       0x34 ./Core/Src/system_stm32f4xx.o
 .ARM.attributes
                0x000001f6       0x34 ./Core/Src/tim.o
 .ARM.attributes
                0x0000022a       0x34 ./Core/Src/usart.o
 .ARM.attributes
                0x0000025e       0x21 ./Core/Startup/startup_stm32f407vgtx.o
 .ARM.attributes
                0x0000027f       0x34 ./Drivers/STM32F4xx_HAL_Driver/Src/stm32f4xx_hal.o
 .ARM.attributes
                0x000002b3       0x34 ./Drivers/STM32F4xx_HAL_Driver/Src/stm32f4xx_hal_cortex.o
 .ARM.attributes
                0x000002e7       0x34 ./Drivers/STM32F4xx_HAL_Driver/Src/stm32f4xx_hal_gpio.o
 .ARM.attributes
                0x0000031b       0x34 ./Drivers/STM32F4xx_HAL_Driver/Src/stm32f4xx_hal_i2c.o
 .ARM.attributes
                0x0000034f       0x34 ./Drivers/STM32F4xx_HAL_Driver/Src/stm32f4xx_hal_rcc.o
 .ARM.attributes
                0x00000383       0x34 ./Drivers/STM32F4xx_HAL_Driver/Src/stm32f4xx_hal_sd.o
 .ARM.attributes
                0x000003b7       0x34 ./Drivers/STM32F4xx_HAL_Driver/Src/stm32f4xx_hal_tim.o
 .ARM.attributes
                0x000003eb       0x34 ./Drivers/STM32F4xx_HAL_Driver/Src/stm32f4xx_hal_tim_ex.o
 .ARM.attributes
                0x0000041f       0x34 ./Drivers/STM32F4xx_HAL_Driver/Src/stm32f4xx_hal_uart.o
 .ARM.attributes
                0x00000453       0x34 ./Drivers/STM32F4xx_HAL_Driver/Src/stm32f4xx_ll_sdmmc.o
 .ARM.attributes
                0x00000487       0x34 C:/ST/STM32CubeIDE_1.19.0/STM32CubeIDE/plugins/com.st.stm32cube.ide.mcu.externaltools.gnu-tools-for-stm32.13.3.rel1.win32_1.0.0.202411081344/tools/bin/../lib/gcc/arm-none-eabi/13.3.1/../../../../arm-none-eabi/lib/thumb/v7e-m+fp/hard\libc_nano.a(libc_a-memset.o)
 .ARM.attributes
                0x000004bb       0x34 C:/ST/STM32CubeIDE_1.19.0/STM32CubeIDE/plugins/com.st.stm32cube.ide.mcu.externaltools.gnu-tools-for-stm32.13.3.rel1.win32_1.0.0.202411081344/tools/bin/../lib/gcc/arm-none-eabi/13.3.1/../../../../arm-none-eabi/lib/thumb/v7e-m+fp/hard\libc_nano.a(libc_a-init.o)
 .ARM.attributes
                0x000004ef       0x22 C:/ST/STM32CubeIDE_1.19.0/STM32CubeIDE/plugins/com.st.stm32cube.ide.mcu.externaltools.gnu-tools-for-stm32.13.3.rel1.win32_1.0.0.202411081344/tools/bin/../lib/gcc/arm-none-eabi/13.3.1/thumb/v7e-m+fp/hard\libgcc.a(_aeabi_uldivmod.o)
 .ARM.attributes
                0x00000511       0x34 C:/ST/STM32CubeIDE_1.19.0/STM32CubeIDE/plugins/com.st.stm32cube.ide.mcu.externaltools.gnu-tools-for-stm32.13.3.rel1.win32_1.0.0.202411081344/tools/bin/../lib/gcc/arm-none-eabi/13.3.1/thumb/v7e-m+fp/hard\libgcc.a(_udivmoddi4.o)
 .ARM.attributes
                0x00000545       0x22 C:/ST/STM32CubeIDE_1.19.0/STM32CubeIDE/plugins/com.st.stm32cube.ide.mcu.externaltools.gnu-tools-for-stm32.13.3.rel1.win32_1.0.0.202411081344/tools/bin/../lib/gcc/arm-none-eabi/13.3.1/thumb/v7e-m+fp/hard\libgcc.a(_dvmd_tls.o)
 .ARM.attributes
                0x00000567       0x22 C:/ST/STM32CubeIDE_1.19.0/STM32CubeIDE/plugins/com.st.stm32cube.ide.mcu.externaltools.gnu-tools-for-stm32.13.3.rel1.win32_1.0.0.202411081344/tools/bin/../lib/gcc/arm-none-eabi/13.3.1/thumb/v7e-m+fp/hard/crtn.o
OUTPUT(DATN_DRONE_STM32F407VGT6.elf elf32-littlearm)
LOAD linker stubs
LOAD C:/ST/STM32CubeIDE_1.19.0/STM32CubeIDE/plugins/com.st.stm32cube.ide.mcu.externaltools.gnu-tools-for-stm32.13.3.rel1.win32_1.0.0.202411081344/tools/bin/../lib/gcc/arm-none-eabi/13.3.1/../../../../arm-none-eabi/lib/thumb/v7e-m+fp/hard\libc.a
LOAD C:/ST/STM32CubeIDE_1.19.0/STM32CubeIDE/plugins/com.st.stm32cube.ide.mcu.externaltools.gnu-tools-for-stm32.13.3.rel1.win32_1.0.0.202411081344/tools/bin/../lib/gcc/arm-none-eabi/13.3.1/../../../../arm-none-eabi/lib/thumb/v7e-m+fp/hard\libm.a
LOAD C:/ST/STM32CubeIDE_1.19.0/STM32CubeIDE/plugins/com.st.stm32cube.ide.mcu.externaltools.gnu-tools-for-stm32.13.3.rel1.win32_1.0.0.202411081344/tools/bin/../lib/gcc/arm-none-eabi/13.3.1/thumb/v7e-m+fp/hard\libgcc.a

.debug_info     0x00000000    0x13957
 .debug_info    0x00000000      0x2d5 ./Core/Src/gpio.o
 .debug_info    0x000002d5      0x9c0 ./Core/Src/i2c.o
 .debug_info    0x00000c95      0xaea ./Core/Src/main.o
 .debug_info    0x0000177f      0xa86 ./Core/Src/sdio.o
 .debug_info    0x00002205      0x269 ./Core/Src/stm32f4xx_hal_msp.o
 .debug_info    0x0000246e      0xbee ./Core/Src/stm32f4xx_hal_timebase_tim.o
 .debug_info    0x0000305c      0x6db ./Core/Src/stm32f4xx_it.o
 .debug_info    0x00003737      0x512 ./Core/Src/system_stm32f4xx.o
 .debug_info    0x00003c49      0xe1a ./Core/Src/tim.o
 .debug_info    0x00004a63      0x9d3 ./Core/Src/usart.o
 .debug_info    0x00005436       0x30 ./Core/Startup/startup_stm32f407vgtx.o
 .debug_info    0x00005466      0x944 ./Drivers/STM32F4xx_HAL_Driver/Src/stm32f4xx_hal.o
 .debug_info    0x00005daa      0xd8c ./Drivers/STM32F4xx_HAL_Driver/Src/stm32f4xx_hal_cortex.o
 .debug_info    0x00006b36      0x6c3 ./Drivers/STM32F4xx_HAL_Driver/Src/stm32f4xx_hal_gpio.o
 .debug_info    0x000071f9     0x2415 ./Drivers/STM32F4xx_HAL_Driver/Src/stm32f4xx_hal_i2c.o
 .debug_info    0x0000960e      0x8c3 ./Drivers/STM32F4xx_HAL_Driver/Src/stm32f4xx_hal_rcc.o
 .debug_info    0x00009ed1     0x1bfb ./Drivers/STM32F4xx_HAL_Driver/Src/stm32f4xx_hal_sd.o
 .debug_info    0x0000bacc     0x299d ./Drivers/STM32F4xx_HAL_Driver/Src/stm32f4xx_hal_tim.o
 .debug_info    0x0000e469     0x14db ./Drivers/STM32F4xx_HAL_Driver/Src/stm32f4xx_hal_tim_ex.o
 .debug_info    0x0000f944     0x2f4f ./Drivers/STM32F4xx_HAL_Driver/Src/stm32f4xx_hal_uart.o
 .debug_info    0x00012893     0x10c4 ./Drivers/STM32F4xx_HAL_Driver/Src/stm32f4xx_ll_sdmmc.o

.debug_abbrev   0x00000000     0x29d3
 .debug_abbrev  0x00000000       0xd8 ./Core/Src/gpio.o
 .debug_abbrev  0x000000d8      0x1f7 ./Core/Src/i2c.o
 .debug_abbrev  0x000002cf      0x227 ./Core/Src/main.o
 .debug_abbrev  0x000004f6      0x1f7 ./Core/Src/sdio.o
 .debug_abbrev  0x000006ed       0xd8 ./Core/Src/stm32f4xx_hal_msp.o
 .debug_abbrev  0x000007c5      0x1f4 ./Core/Src/stm32f4xx_hal_timebase_tim.o
 .debug_abbrev  0x000009b9      0x17d ./Core/Src/stm32f4xx_it.o
 .debug_abbrev  0x00000b36      0x11a ./Core/Src/system_stm32f4xx.o
 .debug_abbrev  0x00000c50      0x281 ./Core/Src/tim.o
 .debug_abbrev  0x00000ed1      0x1ff ./Core/Src/usart.o
 .debug_abbrev  0x000010d0       0x24 ./Core/Startup/startup_stm32f407vgtx.o
 .debug_abbrev  0x000010f4      0x214 ./Drivers/STM32F4xx_HAL_Driver/Src/stm32f4xx_hal.o
 .debug_abbrev  0x00001308      0x31d ./Drivers/STM32F4xx_HAL_Driver/Src/stm32f4xx_hal_cortex.o
 .debug_abbrev  0x00001625      0x1d4 ./Drivers/STM32F4xx_HAL_Driver/Src/stm32f4xx_hal_gpio.o
 .debug_abbrev  0x000017f9      0x2ad ./Drivers/STM32F4xx_HAL_Driver/Src/stm32f4xx_hal_i2c.o
 .debug_abbrev  0x00001aa6      0x2b7 ./Drivers/STM32F4xx_HAL_Driver/Src/stm32f4xx_hal_rcc.o
 .debug_abbrev  0x00001d5d      0x297 ./Drivers/STM32F4xx_HAL_Driver/Src/stm32f4xx_hal_sd.o
 .debug_abbrev  0x00001ff4      0x278 ./Drivers/STM32F4xx_HAL_Driver/Src/stm32f4xx_hal_tim.o
 .debug_abbrev  0x0000226c      0x283 ./Drivers/STM32F4xx_HAL_Driver/Src/stm32f4xx_hal_tim_ex.o
 .debug_abbrev  0x000024ef      0x30e ./Drivers/STM32F4xx_HAL_Driver/Src/stm32f4xx_hal_uart.o
 .debug_abbrev  0x000027fd      0x1d6 ./Drivers/STM32F4xx_HAL_Driver/Src/stm32f4xx_ll_sdmmc.o

.debug_aranges  0x00000000     0x1228
 .debug_aranges
                0x00000000       0x20 ./Core/Src/gpio.o
 .debug_aranges
                0x00000020       0x38 ./Core/Src/i2c.o
 .debug_aranges
                0x00000058       0x38 ./Core/Src/main.o
 .debug_aranges
                0x00000090       0x30 ./Core/Src/sdio.o
 .debug_aranges
                0x000000c0       0x20 ./Core/Src/stm32f4xx_hal_msp.o
 .debug_aranges
                0x000000e0       0x30 ./Core/Src/stm32f4xx_hal_timebase_tim.o
 .debug_aranges
                0x00000110       0x68 ./Core/Src/stm32f4xx_it.o
 .debug_aranges
                0x00000178       0x28 ./Core/Src/system_stm32f4xx.o
 .debug_aranges
                0x000001a0       0x48 ./Core/Src/tim.o
 .debug_aranges
                0x000001e8       0x40 ./Core/Src/usart.o
 .debug_aranges
                0x00000228       0x28 ./Core/Startup/startup_stm32f407vgtx.o
 .debug_aranges
                0x00000250       0xf0 ./Drivers/STM32F4xx_HAL_Driver/Src/stm32f4xx_hal.o
 .debug_aranges
                0x00000340      0x130 ./Drivers/STM32F4xx_HAL_Driver/Src/stm32f4xx_hal_cortex.o
 .debug_aranges
                0x00000470       0x58 ./Drivers/STM32F4xx_HAL_Driver/Src/stm32f4xx_hal_gpio.o
 .debug_aranges
                0x000004c8      0x2a8 ./Drivers/STM32F4xx_HAL_Driver/Src/stm32f4xx_hal_i2c.o
 .debug_aranges
                0x00000770       0x88 ./Drivers/STM32F4xx_HAL_Driver/Src/stm32f4xx_hal_rcc.o
 .debug_aranges
                0x000007f8      0x168 ./Drivers/STM32F4xx_HAL_Driver/Src/stm32f4xx_hal_sd.o
 .debug_aranges
                0x00000960      0x3d0 ./Drivers/STM32F4xx_HAL_Driver/Src/stm32f4xx_hal_tim.o
 .debug_aranges
                0x00000d30      0x168 ./Drivers/STM32F4xx_HAL_Driver/Src/stm32f4xx_hal_tim_ex.o
 .debug_aranges
                0x00000e98      0x208 ./Drivers/STM32F4xx_HAL_Driver/Src/stm32f4xx_hal_uart.o
 .debug_aranges
                0x000010a0      0x188 ./Drivers/STM32F4xx_HAL_Driver/Src/stm32f4xx_ll_sdmmc.o

.debug_rnglists
                0x00000000      0xe43
 .debug_rnglists
                0x00000000       0x14 ./Core/Src/gpio.o
 .debug_rnglists
                0x00000014       0x26 ./Core/Src/i2c.o
 .debug_rnglists
                0x0000003a       0x26 ./Core/Src/main.o
 .debug_rnglists
                0x00000060       0x20 ./Core/Src/sdio.o
 .debug_rnglists
                0x00000080       0x13 ./Core/Src/stm32f4xx_hal_msp.o
 .debug_rnglists
                0x00000093       0x20 ./Core/Src/stm32f4xx_hal_timebase_tim.o
 .debug_rnglists
                0x000000b3       0x49 ./Core/Src/stm32f4xx_it.o
 .debug_rnglists
                0x000000fc       0x1a ./Core/Src/system_stm32f4xx.o
 .debug_rnglists
                0x00000116       0x36 ./Core/Src/tim.o
 .debug_rnglists
                0x0000014c       0x2d ./Core/Src/usart.o
 .debug_rnglists
                0x00000179       0x19 ./Core/Startup/startup_stm32f407vgtx.o
 .debug_rnglists
                0x00000192       0xaf ./Drivers/STM32F4xx_HAL_Driver/Src/stm32f4xx_hal.o
 .debug_rnglists
                0x00000241       0xe0 ./Drivers/STM32F4xx_HAL_Driver/Src/stm32f4xx_hal_cortex.o
 .debug_rnglists
                0x00000321       0x3f ./Drivers/STM32F4xx_HAL_Driver/Src/stm32f4xx_hal_gpio.o
 .debug_rnglists
                0x00000360      0x23c ./Drivers/STM32F4xx_HAL_Driver/Src/stm32f4xx_hal_i2c.o
 .debug_rnglists
                0x0000059c       0x66 ./Drivers/STM32F4xx_HAL_Driver/Src/stm32f4xx_hal_rcc.o
 .debug_rnglists
                0x00000602      0x121 ./Drivers/STM32F4xx_HAL_Driver/Src/stm32f4xx_hal_sd.o
 .debug_rnglists
                0x00000723      0x31a ./Drivers/STM32F4xx_HAL_Driver/Src/stm32f4xx_hal_tim.o
 .debug_rnglists
                0x00000a3d      0x125 ./Drivers/STM32F4xx_HAL_Driver/Src/stm32f4xx_hal_tim_ex.o
 .debug_rnglists
                0x00000b62      0x1bc ./Drivers/STM32F4xx_HAL_Driver/Src/stm32f4xx_hal_uart.o
 .debug_rnglists
                0x00000d1e      0x125 ./Drivers/STM32F4xx_HAL_Driver/Src/stm32f4xx_ll_sdmmc.o

.debug_macro    0x00000000    0x22245
 .debug_macro   0x00000000      0x215 ./Core/Src/gpio.o
 .debug_macro   0x00000215      0xad8 ./Core/Src/gpio.o
 .debug_macro   0x00000ced      0x2a7 ./Core/Src/gpio.o
 .debug_macro   0x00000f94       0x2e ./Core/Src/gpio.o
 .debug_macro   0x00000fc2       0x2f ./Core/Src/gpio.o
 .debug_macro   0x00000ff1       0x22 ./Core/Src/gpio.o
 .debug_macro   0x00001013       0x8e ./Core/Src/gpio.o
 .debug_macro   0x000010a1       0x51 ./Core/Src/gpio.o
 .debug_macro   0x000010f2      0x103 ./Core/Src/gpio.o
 .debug_macro   0x000011f5       0x6a ./Core/Src/gpio.o
 .debug_macro   0x0000125f      0x1df ./Core/Src/gpio.o
 .debug_macro   0x0000143e       0x1c ./Core/Src/gpio.o
 .debug_macro   0x0000145a       0x22 ./Core/Src/gpio.o
 .debug_macro   0x0000147c       0xfb ./Core/Src/gpio.o
 .debug_macro   0x00001577     0x1011 ./Core/Src/gpio.o
 .debug_macro   0x00002588      0x11f ./Core/Src/gpio.o
 .debug_macro   0x000026a7    0x15ea5 ./Core/Src/gpio.o
 .debug_macro   0x0001854c       0x6d ./Core/Src/gpio.o
 .debug_macro   0x000185b9     0x3693 ./Core/Src/gpio.o
 .debug_macro   0x0001bc4c      0x190 ./Core/Src/gpio.o
 .debug_macro   0x0001bddc       0x5c ./Core/Src/gpio.o
 .debug_macro   0x0001be38      0x980 ./Core/Src/gpio.o
 .debug_macro   0x0001c7b8      0x9e9 ./Core/Src/gpio.o
 .debug_macro   0x0001d1a1      0x115 ./Core/Src/gpio.o
 .debug_macro   0x0001d2b6      0x13e ./Core/Src/gpio.o
 .debug_macro   0x0001d3f4       0xa5 ./Core/Src/gpio.o
 .debug_macro   0x0001d499      0x174 ./Core/Src/gpio.o
 .debug_macro   0x0001d60d      0x287 ./Core/Src/gpio.o
 .debug_macro   0x0001d894       0x5f ./Core/Src/gpio.o
 .debug_macro   0x0001d8f3      0x236 ./Core/Src/gpio.o
 .debug_macro   0x0001db29      0x12c ./Core/Src/gpio.o
 .debug_macro   0x0001dc55      0x21e ./Core/Src/gpio.o
 .debug_macro   0x0001de73       0x2e ./Core/Src/gpio.o
 .debug_macro   0x0001dea1      0x1b5 ./Core/Src/gpio.o
 .debug_macro   0x0001e056       0xd6 ./Core/Src/gpio.o
 .debug_macro   0x0001e12c      0x127 ./Core/Src/gpio.o
 .debug_macro   0x0001e253       0x7e ./Core/Src/gpio.o
 .debug_macro   0x0001e2d1       0x89 ./Core/Src/gpio.o
 .debug_macro   0x0001e35a      0x868 ./Core/Src/gpio.o
 .debug_macro   0x0001ebc2      0x1d5 ./Core/Src/gpio.o
 .debug_macro   0x0001ed97      0x8ed ./Core/Src/gpio.o
 .debug_macro   0x0001f684       0x4d ./Core/Src/gpio.o
 .debug_macro   0x0001f6d1      0x2aa ./Core/Src/gpio.o
 .debug_macro   0x0001f97b      0x12d ./Core/Src/gpio.o
 .debug_macro   0x0001faa8      0x215 ./Core/Src/i2c.o
 .debug_macro   0x0001fcbd      0x241 ./Core/Src/main.o
 .debug_macro   0x0001fefe      0x215 ./Core/Src/sdio.o
 .debug_macro   0x00020113      0x20b ./Core/Src/stm32f4xx_hal_msp.o
 .debug_macro   0x0002031e      0x201 ./Core/Src/stm32f4xx_hal_timebase_tim.o
 .debug_macro   0x0002051f      0x215 ./Core/Src/stm32f4xx_it.o
 .debug_macro   0x00020734      0x201 ./Core/Src/system_stm32f4xx.o
 .debug_macro   0x00020935      0x215 ./Core/Src/tim.o
 .debug_macro   0x00020b4a      0x215 ./Core/Src/usart.o
 .debug_macro   0x00020d5f      0x261 ./Drivers/STM32F4xx_HAL_Driver/Src/stm32f4xx_hal.o
 .debug_macro   0x00020fc0      0x201 ./Drivers/STM32F4xx_HAL_Driver/Src/stm32f4xx_hal_cortex.o
 .debug_macro   0x000211c1      0x207 ./Drivers/STM32F4xx_HAL_Driver/Src/stm32f4xx_hal_gpio.o
 .debug_macro   0x000213c8      0x24f ./Drivers/STM32F4xx_HAL_Driver/Src/stm32f4xx_hal_i2c.o
 .debug_macro   0x00021617      0x225 ./Drivers/STM32F4xx_HAL_Driver/Src/stm32f4xx_hal_rcc.o
 .debug_macro   0x0002183c      0x202 ./Drivers/STM32F4xx_HAL_Driver/Src/stm32f4xx_hal_sd.o
 .debug_macro   0x00021a3e      0x202 ./Drivers/STM32F4xx_HAL_Driver/Src/stm32f4xx_hal_tim.o
 .debug_macro   0x00021c40      0x201 ./Drivers/STM32F4xx_HAL_Driver/Src/stm32f4xx_hal_tim_ex.o
 .debug_macro   0x00021e41      0x202 ./Drivers/STM32F4xx_HAL_Driver/Src/stm32f4xx_hal_uart.o
 .debug_macro   0x00022043      0x202 ./Drivers/STM32F4xx_HAL_Driver/Src/stm32f4xx_ll_sdmmc.o

.debug_line     0x00000000    0x16a29
 .debug_line    0x00000000      0x7a6 ./Core/Src/gpio.o
 .debug_line    0x000007a6      0x885 ./Core/Src/i2c.o
 .debug_line    0x0000102b      0x872 ./Core/Src/main.o
 .debug_line    0x0000189d      0x831 ./Core/Src/sdio.o
 .debug_line    0x000020ce      0x7a5 ./Core/Src/stm32f4xx_hal_msp.o
 .debug_line    0x00002873      0x823 ./Core/Src/stm32f4xx_hal_timebase_tim.o
 .debug_line    0x00003096      0x867 ./Core/Src/stm32f4xx_it.o
 .debug_line    0x000038fd      0x81b ./Core/Src/system_stm32f4xx.o
 .debug_line    0x00004118      0xaca ./Core/Src/tim.o
 .debug_line    0x00004be2      0x8ef ./Core/Src/usart.o
 .debug_line    0x000054d1       0x7a ./Core/Startup/startup_stm32f407vgtx.o
 .debug_line    0x0000554b      0xa97 ./Drivers/STM32F4xx_HAL_Driver/Src/stm32f4xx_hal.o
 .debug_line    0x00005fe2      0xd67 ./Drivers/STM32F4xx_HAL_Driver/Src/stm32f4xx_hal_cortex.o
 .debug_line    0x00006d49      0xbef ./Drivers/STM32F4xx_HAL_Driver/Src/stm32f4xx_hal_gpio.o
 .debug_line    0x00007938     0x3b44 ./Drivers/STM32F4xx_HAL_Driver/Src/stm32f4xx_hal_i2c.o
 .debug_line    0x0000b47c      0xea4 ./Drivers/STM32F4xx_HAL_Driver/Src/stm32f4xx_hal_rcc.o
 .debug_line    0x0000c320     0x1f11 ./Drivers/STM32F4xx_HAL_Driver/Src/stm32f4xx_hal_sd.o
 .debug_line    0x0000e231     0x380c ./Drivers/STM32F4xx_HAL_Driver/Src/stm32f4xx_hal_tim.o
 .debug_line    0x00011a3d     0x19f7 ./Drivers/STM32F4xx_HAL_Driver/Src/stm32f4xx_hal_tim_ex.o
 .debug_line    0x00013434     0x25df ./Drivers/STM32F4xx_HAL_Driver/Src/stm32f4xx_hal_uart.o
 .debug_line    0x00015a13     0x1016 ./Drivers/STM32F4xx_HAL_Driver/Src/stm32f4xx_ll_sdmmc.o

.debug_str      0x00000000    0xcf20f
 .debug_str     0x00000000    0xcf20f ./Core/Src/gpio.o
                              0xca0ab (size before relaxing)
 .debug_str     0x000cf20f    0xca6b8 ./Core/Src/i2c.o
 .debug_str     0x000cf20f    0xca878 ./Core/Src/main.o
 .debug_str     0x000cf20f    0xca67b ./Core/Src/sdio.o
 .debug_str     0x000cf20f    0xca0ab ./Core/Src/stm32f4xx_hal_msp.o
 .debug_str     0x000cf20f    0xcac53 ./Core/Src/stm32f4xx_hal_timebase_tim.o
 .debug_str     0x000cf20f    0xca592 ./Core/Src/stm32f4xx_it.o
 .debug_str     0x000cf20f    0xca15b ./Core/Src/system_stm32f4xx.o
 .debug_str     0x000cf20f    0xca9a0 ./Core/Src/tim.o
 .debug_str     0x000cf20f    0xca663 ./Core/Src/usart.o
 .debug_str     0x000cf20f       0x59 ./Core/Startup/startup_stm32f407vgtx.o
 .debug_str     0x000cf20f    0xcacdf ./Drivers/STM32F4xx_HAL_Driver/Src/stm32f4xx_hal.o
 .debug_str     0x000cf20f    0xcaa5b ./Drivers/STM32F4xx_HAL_Driver/Src/stm32f4xx_hal_cortex.o
 .debug_str     0x000cf20f    0xca2d6 ./Drivers/STM32F4xx_HAL_Driver/Src/stm32f4xx_hal_gpio.o
 .debug_str     0x000cf20f    0xcb179 ./Drivers/STM32F4xx_HAL_Driver/Src/stm32f4xx_hal_i2c.o
 .debug_str     0x000cf20f    0xca58f ./Drivers/STM32F4xx_HAL_Driver/Src/stm32f4xx_hal_rcc.o
 .debug_str     0x000cf20f    0xcaed4 ./Drivers/STM32F4xx_HAL_Driver/Src/stm32f4xx_hal_sd.o
 .debug_str     0x000cf20f    0xcb4e5 ./Drivers/STM32F4xx_HAL_Driver/Src/stm32f4xx_hal_tim.o
 .debug_str     0x000cf20f    0xcacf1 ./Drivers/STM32F4xx_HAL_Driver/Src/stm32f4xx_hal_tim_ex.o
 .debug_str     0x000cf20f    0xcab70 ./Drivers/STM32F4xx_HAL_Driver/Src/stm32f4xx_hal_uart.o
 .debug_str     0x000cf20f    0xca5e2 ./Drivers/STM32F4xx_HAL_Driver/Src/stm32f4xx_ll_sdmmc.o

.comment        0x00000000       0x43
 .comment       0x00000000       0x43 ./Core/Src/gpio.o
                                 0x44 (size before relaxing)
 .comment       0x00000043       0x44 ./Core/Src/i2c.o
 .comment       0x00000043       0x44 ./Core/Src/main.o
 .comment       0x00000043       0x44 ./Core/Src/sdio.o
 .comment       0x00000043       0x44 ./Core/Src/stm32f4xx_hal_msp.o
 .comment       0x00000043       0x44 ./Core/Src/stm32f4xx_hal_timebase_tim.o
 .comment       0x00000043       0x44 ./Core/Src/stm32f4xx_it.o
 .comment       0x00000043       0x44 ./Core/Src/system_stm32f4xx.o
 .comment       0x00000043       0x44 ./Core/Src/tim.o
 .comment       0x00000043       0x44 ./Core/Src/usart.o
 .comment       0x00000043       0x44 ./Drivers/STM32F4xx_HAL_Driver/Src/stm32f4xx_hal.o
 .comment       0x00000043       0x44 ./Drivers/STM32F4xx_HAL_Driver/Src/stm32f4xx_hal_cortex.o
 .comment       0x00000043       0x44 ./Drivers/STM32F4xx_HAL_Driver/Src/stm32f4xx_hal_gpio.o
 .comment       0x00000043       0x44 ./Drivers/STM32F4xx_HAL_Driver/Src/stm32f4xx_hal_i2c.o
 .comment       0x00000043       0x44 ./Drivers/STM32F4xx_HAL_Driver/Src/stm32f4xx_hal_rcc.o
 .comment       0x00000043       0x44 ./Drivers/STM32F4xx_HAL_Driver/Src/stm32f4xx_hal_sd.o
 .comment       0x00000043       0x44 ./Drivers/STM32F4xx_HAL_Driver/Src/stm32f4xx_hal_tim.o
 .comment       0x00000043       0x44 ./Drivers/STM32F4xx_HAL_Driver/Src/stm32f4xx_hal_tim_ex.o
 .comment       0x00000043       0x44 ./Drivers/STM32F4xx_HAL_Driver/Src/stm32f4xx_hal_uart.o
 .comment       0x00000043       0x44 ./Drivers/STM32F4xx_HAL_Driver/Src/stm32f4xx_ll_sdmmc.o

.debug_frame    0x00000000     0x4ce4
 .debug_frame   0x00000000       0x38 ./Core/Src/gpio.o
 .debug_frame   0x00000038       0x90 ./Core/Src/i2c.o
 .debug_frame   0x000000c8       0x8c ./Core/Src/main.o
 .debug_frame   0x00000154       0x74 ./Core/Src/sdio.o
 .debug_frame   0x000001c8       0x38 ./Core/Src/stm32f4xx_hal_msp.o
 .debug_frame   0x00000200       0x74 ./Core/Src/stm32f4xx_hal_timebase_tim.o
 .debug_frame   0x00000274      0x124 ./Core/Src/stm32f4xx_it.o
 .debug_frame   0x00000398       0x58 ./Core/Src/system_stm32f4xx.o
 .debug_frame   0x000003f0       0xf0 ./Core/Src/tim.o
 .debug_frame   0x000004e0       0xac ./Core/Src/usart.o
 .debug_frame   0x0000058c      0x374 ./Drivers/STM32F4xx_HAL_Driver/Src/stm32f4xx_hal.o
 .debug_frame   0x00000900      0x508 ./Drivers/STM32F4xx_HAL_Driver/Src/stm32f4xx_hal_cortex.o
 .debug_frame   0x00000e08      0x14c ./Drivers/STM32F4xx_HAL_Driver/Src/stm32f4xx_hal_gpio.o
 .debug_frame   0x00000f54      0xc84 ./Drivers/STM32F4xx_HAL_Driver/Src/stm32f4xx_hal_i2c.o
 .debug_frame   0x00001bd8      0x1f4 ./Drivers/STM32F4xx_HAL_Driver/Src/stm32f4xx_hal_rcc.o
 .debug_frame   0x00001dcc      0x650 ./Drivers/STM32F4xx_HAL_Driver/Src/stm32f4xx_hal_sd.o
 .debug_frame   0x0000241c     0x11c0 ./Drivers/STM32F4xx_HAL_Driver/Src/stm32f4xx_hal_tim.o
 .debug_frame   0x000035dc      0x638 ./Drivers/STM32F4xx_HAL_Driver/Src/stm32f4xx_hal_tim_ex.o
 .debug_frame   0x00003c14      0x954 ./Drivers/STM32F4xx_HAL_Driver/Src/stm32f4xx_hal_uart.o
 .debug_frame   0x00004568      0x6d0 ./Drivers/STM32F4xx_HAL_Driver/Src/stm32f4xx_ll_sdmmc.o
 .debug_frame   0x00004c38       0x20 C:/ST/STM32CubeIDE_1.19.0/STM32CubeIDE/plugins/com.st.stm32cube.ide.mcu.externaltools.gnu-tools-for-stm32.13.3.rel1.win32_1.0.0.202411081344/tools/bin/../lib/gcc/arm-none-eabi/13.3.1/../../../../arm-none-eabi/lib/thumb/v7e-m+fp/hard\libc_nano.a(libc_a-memset.o)
 .debug_frame   0x00004c58       0x2c C:/ST/STM32CubeIDE_1.19.0/STM32CubeIDE/plugins/com.st.stm32cube.ide.mcu.externaltools.gnu-tools-for-stm32.13.3.rel1.win32_1.0.0.202411081344/tools/bin/../lib/gcc/arm-none-eabi/13.3.1/../../../../arm-none-eabi/lib/thumb/v7e-m+fp/hard\libc_nano.a(libc_a-init.o)
 .debug_frame   0x00004c84       0x2c C:/ST/STM32CubeIDE_1.19.0/STM32CubeIDE/plugins/com.st.stm32cube.ide.mcu.externaltools.gnu-tools-for-stm32.13.3.rel1.win32_1.0.0.202411081344/tools/bin/../lib/gcc/arm-none-eabi/13.3.1/thumb/v7e-m+fp/hard\libgcc.a(_aeabi_uldivmod.o)
 .debug_frame   0x00004cb0       0x34 C:/ST/STM32CubeIDE_1.19.0/STM32CubeIDE/plugins/com.st.stm32cube.ide.mcu.externaltools.gnu-tools-for-stm32.13.3.rel1.win32_1.0.0.202411081344/tools/bin/../lib/gcc/arm-none-eabi/13.3.1/thumb/v7e-m+fp/hard\libgcc.a(_udivmoddi4.o)

.debug_line_str
                0x00000000       0x3d
 .debug_line_str
                0x00000000       0x3d ./Core/Startup/startup_stm32f407vgtx.o
