E:/ProjectDATN/Src/Driver/DriverAbstract/uartAbstract.h:21:8:uartAbstract::uartAbstract()	16	static
E:/ProjectDATN/Src/Driver/DriverAbstract/uartAbstract.h:26:8:uartAbstract::~uartAbstract()	16	static
E:/ProjectDATN/Src/Driver/DriverAbstract/uartAbstract.h:26:8:virtual uartAbstract::~uartAbstract()	16	static
../Src/Driver/DriverSTM32/Src/uartSTM32.cpp:10:1:uartSTM32::uartSTM32(UART_HandleTypeDef*)	16	static
../Src/Driver/DriverSTM32/Src/uartSTM32.cpp:15:1:uartSTM32::~uartSTM32()	16	static
../Src/Driver/DriverSTM32/Src/uartSTM32.cpp:15:1:virtual uartSTM32::~uartSTM32()	16	static
../Src/Driver/DriverSTM32/Src/uartSTM32.cpp:20:6:virtual void uartSTM32::sendData(uint8_t*, uint64_t)	24	static
../Src/Driver/DriverSTM32/Src/uartSTM32.cpp:25:6:virtual void uartSTM32::receiveData(uint8_t*, uint64_t)	24	static
../Src/Driver/DriverSTM32/Src/uartSTM32.cpp:29:6:virtual void uartSTM32::receiveDataDMA(uint8_t*, uint64_t)	24	static
../Src/Driver/DriverSTM32/Src/uartSTM32.cpp:34:6:virtual void uartSTM32::sendDataDMA(uint8_t*, uint64_t)	24	static
../Src/Driver/DriverSTM32/Src/uartSTM32.cpp:39:6:virtual void uartSTM32::receiverToIdle_DMA(uint8_t*, uint64_t)	24	static
