../Board/STM32F407VGT6/initTask/app_main.cpp:44:29:void __tcf_0()	8	static
../Board/STM32F407VGT6/initTask/app_main.cpp:45:29:void __tcf_1()	8	static
../Board/STM32F407VGT6/initTask/app_main.cpp:48:26:void __tcf_2()	8	static
../Board/STM32F407VGT6/initTask/app_main.cpp:49:27:void __tcf_3()	8	static
../Board/STM32F407VGT6/initTask/app_main.cpp:52:33:void __tcf_4()	8	static
../Board/STM32F407VGT6/initTask/app_main.cpp:53:33:void __tcf_5()	8	static
../Board/STM32F407VGT6/initTask/app_main.cpp:38:6:bool createTasks()	16	static
../Board/STM32F407VGT6/initTask/app_main.cpp:61:6:bool initTasks()	8	static
../Board/STM32F407VGT6/initTask/app_main.cpp:70:6:void controlSemaphores()	16	static,ignoring_inline_asm
../Board/STM32F407VGT6/initTask/app_main.cpp:93:13:void startIMUTask(void*)	16	static
../Board/STM32F407VGT6/initTask/app_main.cpp:98:13:void startMagTask(void*)	16	static
